Archive member included to satisfy reference by file (symbol)

c:/program files (x86)/atollic/truestudio for stm32 9.0.0/armtools/bin/../lib/gcc/arm-atollic-eabi/6.3.1/../../../../arm-atollic-eabi/lib/armv7e-m/fpu\libc_nano.a(lib_a-init.o)
                              startup\startup_stm32f415xx.o (__libc_init_array)
c:/program files (x86)/atollic/truestudio for stm32 9.0.0/armtools/bin/../lib/gcc/arm-atollic-eabi/6.3.1/../../../../arm-atollic-eabi/lib/armv7e-m/fpu\libc_nano.a(lib_a-malloc.o)
                              Middlewares\USB_Device_Library\usbd_hid.o (malloc)
c:/program files (x86)/atollic/truestudio for stm32 9.0.0/armtools/bin/../lib/gcc/arm-atollic-eabi/6.3.1/../../../../arm-atollic-eabi/lib/armv7e-m/fpu\libc_nano.a(lib_a-nano-freer.o)
                              c:/program files (x86)/atollic/truestudio for stm32 9.0.0/armtools/bin/../lib/gcc/arm-atollic-eabi/6.3.1/../../../../arm-atollic-eabi/lib/armv7e-m/fpu\libc_nano.a(lib_a-malloc.o) (_free_r)
c:/program files (x86)/atollic/truestudio for stm32 9.0.0/armtools/bin/../lib/gcc/arm-atollic-eabi/6.3.1/../../../../arm-atollic-eabi/lib/armv7e-m/fpu\libc_nano.a(lib_a-nano-mallocr.o)
                              c:/program files (x86)/atollic/truestudio for stm32 9.0.0/armtools/bin/../lib/gcc/arm-atollic-eabi/6.3.1/../../../../arm-atollic-eabi/lib/armv7e-m/fpu\libc_nano.a(lib_a-malloc.o) (_malloc_r)
c:/program files (x86)/atollic/truestudio for stm32 9.0.0/armtools/bin/../lib/gcc/arm-atollic-eabi/6.3.1/../../../../arm-atollic-eabi/lib/armv7e-m/fpu\libc_nano.a(lib_a-printf.o)
                              Middlewares\USB_Device_Library\usbd_core.o (printf)
c:/program files (x86)/atollic/truestudio for stm32 9.0.0/armtools/bin/../lib/gcc/arm-atollic-eabi/6.3.1/../../../../arm-atollic-eabi/lib/armv7e-m/fpu\libc_nano.a(lib_a-putchar.o)
                              Middlewares\USB_Device_Library\usbd_core.o (putchar)
c:/program files (x86)/atollic/truestudio for stm32 9.0.0/armtools/bin/../lib/gcc/arm-atollic-eabi/6.3.1/../../../../arm-atollic-eabi/lib/armv7e-m/fpu\libc_nano.a(lib_a-sbrkr.o)
                              c:/program files (x86)/atollic/truestudio for stm32 9.0.0/armtools/bin/../lib/gcc/arm-atollic-eabi/6.3.1/../../../../arm-atollic-eabi/lib/armv7e-m/fpu\libc_nano.a(lib_a-nano-mallocr.o) (_sbrk_r)
c:/program files (x86)/atollic/truestudio for stm32 9.0.0/armtools/bin/../lib/gcc/arm-atollic-eabi/6.3.1/../../../../arm-atollic-eabi/lib/armv7e-m/fpu\libc_nano.a(lib_a-findfp.o)
                              c:/program files (x86)/atollic/truestudio for stm32 9.0.0/armtools/bin/../lib/gcc/arm-atollic-eabi/6.3.1/../../../../arm-atollic-eabi/lib/armv7e-m/fpu\libc_nano.a(lib_a-printf.o) (__sinit)
c:/program files (x86)/atollic/truestudio for stm32 9.0.0/armtools/bin/../lib/gcc/arm-atollic-eabi/6.3.1/../../../../arm-atollic-eabi/lib/armv7e-m/fpu\libc_nano.a(lib_a-fwalk.o)
                              c:/program files (x86)/atollic/truestudio for stm32 9.0.0/armtools/bin/../lib/gcc/arm-atollic-eabi/6.3.1/../../../../arm-atollic-eabi/lib/armv7e-m/fpu\libc_nano.a(lib_a-findfp.o) (_fwalk)
c:/program files (x86)/atollic/truestudio for stm32 9.0.0/armtools/bin/../lib/gcc/arm-atollic-eabi/6.3.1/../../../../arm-atollic-eabi/lib/armv7e-m/fpu\libc_nano.a(lib_a-impure.o)
                              c:/program files (x86)/atollic/truestudio for stm32 9.0.0/armtools/bin/../lib/gcc/arm-atollic-eabi/6.3.1/../../../../arm-atollic-eabi/lib/armv7e-m/fpu\libc_nano.a(lib_a-findfp.o) (_global_impure_ptr)
c:/program files (x86)/atollic/truestudio for stm32 9.0.0/armtools/bin/../lib/gcc/arm-atollic-eabi/6.3.1/../../../../arm-atollic-eabi/lib/armv7e-m/fpu\libc_nano.a(lib_a-memset.o)
                              c:/program files (x86)/atollic/truestudio for stm32 9.0.0/armtools/bin/../lib/gcc/arm-atollic-eabi/6.3.1/../../../../arm-atollic-eabi/lib/armv7e-m/fpu\libc_nano.a(lib_a-findfp.o) (memset)
c:/program files (x86)/atollic/truestudio for stm32 9.0.0/armtools/bin/../lib/gcc/arm-atollic-eabi/6.3.1/../../../../arm-atollic-eabi/lib/armv7e-m/fpu\libc_nano.a(lib_a-mlock.o)
                              c:/program files (x86)/atollic/truestudio for stm32 9.0.0/armtools/bin/../lib/gcc/arm-atollic-eabi/6.3.1/../../../../arm-atollic-eabi/lib/armv7e-m/fpu\libc_nano.a(lib_a-nano-freer.o) (__malloc_lock)
c:/program files (x86)/atollic/truestudio for stm32 9.0.0/armtools/bin/../lib/gcc/arm-atollic-eabi/6.3.1/../../../../arm-atollic-eabi/lib/armv7e-m/fpu\libc_nano.a(lib_a-nano-vfprintf.o)
                              c:/program files (x86)/atollic/truestudio for stm32 9.0.0/armtools/bin/../lib/gcc/arm-atollic-eabi/6.3.1/../../../../arm-atollic-eabi/lib/armv7e-m/fpu\libc_nano.a(lib_a-printf.o) (_vfprintf_r)
c:/program files (x86)/atollic/truestudio for stm32 9.0.0/armtools/bin/../lib/gcc/arm-atollic-eabi/6.3.1/../../../../arm-atollic-eabi/lib/armv7e-m/fpu\libc_nano.a(lib_a-nano-vfprintf_i.o)
[...]
Memory Configuration

Name             Origin             Length             Attributes
RAM              0x20000000         0x00020000         xrw
CCMRAM           0x10000000         0x00010000         rw
FLASH            0x08000000         0x00100000         xr
*default*        0x00000000         0xffffffff

Linker script and memory map

LOAD c:/program files (x86)/atollic/truestudio for stm32 9.0.0/armtools/bin/../lib/gcc/arm-atollic-eabi/6.3.1/armv7e-m/fpu/crti.o
LOAD c:/program files (x86)/atollic/truestudio for stm32 9.0.0/armtools/bin/../lib/gcc/arm-atollic-eabi/6.3.1/armv7e-m/fpu/crtbegin.o
LOAD Drivers\STM32F4xx_HAL_Driver\stm32f4xx_hal.o
LOAD Drivers\STM32F4xx_HAL_Driver\stm32f4xx_hal_cortex.o
LOAD Drivers\STM32F4xx_HAL_Driver\stm32f4xx_hal_dma.o
LOAD Drivers\STM32F4xx_HAL_Driver\stm32f4xx_hal_dma_ex.o
LOAD Drivers\STM32F4xx_HAL_Driver\stm32f4xx_hal_flash.o
LOAD Drivers\STM32F4xx_HAL_Driver\stm32f4xx_hal_flash_ex.o
LOAD Drivers\STM32F4xx_HAL_Driver\stm32f4xx_hal_flash_ramfunc.o
LOAD Drivers\STM32F4xx_HAL_Driver\stm32f4xx_hal_gpio.o
LOAD Drivers\STM32F4xx_HAL_Driver\stm32f4xx_hal_pcd.o
LOAD Drivers\STM32F4xx_HAL_Driver\stm32f4xx_hal_pcd_ex.o
LOAD Drivers\STM32F4xx_HAL_Driver\stm32f4xx_hal_pwr.o
LOAD Drivers\STM32F4xx_HAL_Driver\stm32f4xx_hal_pwr_ex.o
LOAD Drivers\STM32F4xx_HAL_Driver\stm32f4xx_hal_rcc.o
LOAD Drivers\STM32F4xx_HAL_Driver\stm32f4xx_hal_rcc_ex.o
LOAD Drivers\STM32F4xx_HAL_Driver\stm32f4xx_hal_tim.o
LOAD Drivers\STM32F4xx_HAL_Driver\stm32f4xx_hal_tim_ex.o
LOAD Drivers\STM32F4xx_HAL_Driver\stm32f4xx_hal_uart.o
LOAD Drivers\STM32F4xx_HAL_Driver\stm32f4xx_ll_usb.o
LOAD Middlewares\USB_Device_Library\usbd_core.o
LOAD Middlewares\USB_Device_Library\usbd_ctlreq.o
LOAD Middlewares\USB_Device_Library\usbd_hid.o
LOAD Middlewares\USB_Device_Library\usbd_ioreq.o
LOAD Src\gpio.o
LOAD Src\main.o
LOAD Src\stm32f4xx_hal_msp.o
LOAD Src\stm32f4xx_it.o
LOAD Src\system_stm32f4xx.o
LOAD Src\tim.o
LOAD Src\usart.o
LOAD Src\usb_device.o
LOAD Src\usbd_conf.o
LOAD Src\usbd_desc.o
LOAD startup\startup_stm32f415xx.o
                0x00000080                malloc_getpagesize_P = 0x80
START GROUP
LOAD c:/program files (x86)/atollic/truestudio for stm32 9.0.0/armtools/bin/../lib/gcc/arm-atollic-eabi/6.3.1/../../../../arm-atollic-eabi/lib/armv7e-m/fpu\libc_nano.a
LOAD c:/program files (x86)/atollic/truestudio for stm32 9.0.0/armtools/bin/../lib/gcc/arm-atollic-eabi/6.3.1/../../../../arm-atollic-eabi/lib/armv7e-m/fpu\libm.a
END GROUP
START GROUP
LOAD c:/program files (x86)/atollic/truestudio for stm32 9.0.0/armtools/bin/../lib/gcc/arm-atollic-eabi/6.3.1/armv7e-m/fpu\libgcc.a
LOAD c:/program files (x86)/atollic/truestudio for stm32 9.0.0/armtools/bin/../lib/gcc/arm-atollic-eabi/6.3.1/../../../../arm-atollic-eabi/lib/armv7e-m/fpu\libc_nano.a
END GROUP
START GROUP
LOAD c:/program files (x86)/atollic/truestudio for stm32 9.0.0/armtools/bin/../lib/gcc/arm-atollic-eabi/6.3.1/armv7e-m/fpu\libgcc.a
LOAD c:/program files (x86)/atollic/truestudio for stm32 9.0.0/armtools/bin/../lib/gcc/arm-atollic-eabi/6.3.1/../../../../arm-atollic-eabi/lib/armv7e-m/fpu\libc_nano.a
LOAD c:/program files (x86)/atollic/truestudio for stm32 9.0.0/armtools/bin/../lib/gcc/arm-atollic-eabi/6.3.1/../../../../arm-atollic-eabi/lib/armv7e-m/fpu\libnosys.a
END GROUP
START GROUP
LOAD c:/program files (x86)/atollic/truestudio for stm32 9.0.0/armtools/bin/../lib/gcc/arm-atollic-eabi/6.3.1/armv7e-m/fpu\libgcc.a
LOAD c:/program files (x86)/atollic/truestudio for stm32 9.0.0/armtools/bin/../lib/gcc/arm-atollic-eabi/6.3.1/../../../../arm-atollic-eabi/lib/armv7e-m/fpu\libc_nano.a
LOAD c:/program files (x86)/atollic/truestudio for stm32 9.0.0/armtools/bin/../lib/gcc/arm-atollic-eabi/6.3.1/../../../../arm-atollic-eabi/lib/armv7e-m/fpu\libnosys.a
END GROUP
LOAD c:/program files (x86)/atollic/truestudio for stm32 9.0.0/armtools/bin/../lib/gcc/arm-atollic-eabi/6.3.1/armv7e-m/fpu/crtend.o
LOAD c:/program files (x86)/atollic/truestudio for stm32 9.0.0/armtools/bin/../lib/gcc/arm-atollic-eabi/6.3.1/armv7e-m/fpu/crtn.o
                0x20020000                _estack = 0x20020000
                0x00000200                _Min_Heap_Size = 0x200
                0x00000400                _Min_Stack_Size = 0x400

.isr_vector     0x08000000      0x188
                0x08000000                . = ALIGN (0x4)
 *(.isr_vector)
 .isr_vector    0x08000000      0x188 startup\startup_stm32f415xx.o
                0x08000000                g_pfnVectors
                0x08000188                . = ALIGN (0x4)

.text           0x08000190     0x44e4
                0x08000190                . = ALIGN (0x4)
 *(.text)
 .text          0x08000190       0x40 c:/program files (x86)/atollic/truestudio for stm32 9.0.0/armtools/bin/../lib/gcc/arm-atollic-eabi/6.3.1/armv7e-m/fpu/crtbegin.o
 .text          0x080001d0       0xa0 c:/program files (x86)/atollic/truestudio for stm32 9.0.0/armtools/bin/../lib/gcc/arm-atollic-eabi/6.3.1/../../../../arm-atollic-eabi/lib/armv7e-m/fpu\libc_nano.a(lib_a-memchr.o)
                0x080001d0                memchr
 .text          0x08000270       0x30 c:/program files (x86)/atollic/truestudio for stm32 9.0.0/armtools/bin/../lib/gcc/arm-atollic-eabi/6.3.1/armv7e-m/fpu\libgcc.a(_aeabi_uldivmod.o)
                0x08000270                __aeabi_uldivmod
 .text          0x080002a0      0x2dc c:/program files (x86)/atollic/truestudio for stm32 9.0.0/armtools/bin/../lib/gcc/arm-atollic-eabi/6.3.1/armv7e-m/fpu\libgcc.a(_udivmoddi4.o)
                0x080002a0                __udivmoddi4
 .text          0x0800057c        0x4 c:/program files (x86)/atollic/truestudio for stm32 9.0.0/armtools/bin/../lib/gcc/arm-atollic-eabi/6.3.1/armv7e-m/fpu\libgcc.a(_dvmd_tls.o)
                0x0800057c                __aeabi_idiv0
                0x0800057c                __aeabi_ldiv0
 *(.text*)
 .text.HAL_InitTick
                0x08000580       0x28 Drivers\STM32F4xx_HAL_Driver\stm32f4xx_hal.o
                0x08000580                HAL_InitTick
 .text.HAL_Init
                0x080005a8       0x34 Drivers\STM32F4xx_HAL_Driver\stm32f4xx_hal.o
                0x080005a8                HAL_Init
 .text.HAL_IncTick
                0x080005dc       0x10 Drivers\STM32F4xx_HAL_Driver\stm32f4xx_hal.o
                0x080005dc                HAL_IncTick
 .text.HAL_GetTick
                0x080005ec        0xc Drivers\STM32F4xx_HAL_Driver\stm32f4xx_hal.o
                0x080005ec                HAL_GetTick
 .text.HAL_Delay
                0x080005f8       0x20 Drivers\STM32F4xx_HAL_Driver\stm32f4xx_hal.o
                0x080005f8                HAL_Delay
 .text.HAL_NVIC_SetPriorityGrouping
                0x08000618       0x24 Drivers\STM32F4xx_HAL_Driver\stm32f4xx_hal_cortex.o
                0x08000618                HAL_NVIC_SetPriorityGrouping
 .text.HAL_NVIC_SetPriority
                0x0800063c       0x68 Drivers\STM32F4xx_HAL_Driver\stm32f4xx_hal_cortex.o
                0x0800063c                HAL_NVIC_SetPriority
 .text.HAL_NVIC_EnableIRQ
                0x080006a4       0x18 Drivers\STM32F4xx_HAL_Driver\stm32f4xx_hal_cortex.o
                0x080006a4                HAL_NVIC_EnableIRQ
 .text.HAL_SYSTICK_Config
                0x080006bc       0x2c Drivers\STM32F4xx_HAL_Driver\stm32f4xx_hal_cortex.o
                0x080006bc                HAL_SYSTICK_Config
 .text.HAL_SYSTICK_CLKSourceConfig
                0x080006e8       0x18 Drivers\STM32F4xx_HAL_Driver\stm32f4xx_hal_cortex.o
                0x080006e8                HAL_SYSTICK_CLKSourceConfig
 .text.HAL_SYSTICK_Callback
                0x08000700        0x2 Drivers\STM32F4xx_HAL_Driver\stm32f4xx_hal_cortex.o
                0x08000700                HAL_SYSTICK_Callback
 .text.HAL_SYSTICK_IRQHandler
                0x08000702        0x8 Drivers\STM32F4xx_HAL_Driver\stm32f4xx_hal_cortex.o
                0x08000702                HAL_SYSTICK_IRQHandler
 *fill*         0x0800070a        0x2 
 .text.HAL_GPIO_Init
                0x0800070c      0x1c0 Drivers\STM32F4xx_HAL_Driver\stm32f4xx_hal_gpio.o
                0x0800070c                HAL_GPIO_Init
 .text.HAL_GPIO_ReadPin
                0x080008cc        0xc Drivers\STM32F4xx_HAL_Driver\stm32f4xx_hal_gpio.o
                0x080008cc                HAL_GPIO_ReadPin
 .text.HAL_GPIO_WritePin
                0x080008d8        0xa Drivers\STM32F4xx_HAL_Driver\stm32f4xx_hal_gpio.o
                0x080008d8                HAL_GPIO_WritePin
 .text.HAL_GPIO_TogglePin
                0x080008e2        0x8 Drivers\STM32F4xx_HAL_Driver\stm32f4xx_hal_gpio.o
                0x080008e2                HAL_GPIO_TogglePin
 .text.HAL_PCD_Init
                0x080008ea       0xd8 Drivers\STM32F4xx_HAL_Driver\stm32f4xx_hal_pcd.o
                0x080008ea                HAL_PCD_Init
 .text.HAL_PCD_Start
                0x080009c2       0x2a Drivers\STM32F4xx_HAL_Driver\stm32f4xx_hal_pcd.o
                0x080009c2                HAL_PCD_Start
 .text.HAL_PCD_IRQHandler
                0x080009ec      0x558 Drivers\STM32F4xx_HAL_Driver\stm32f4xx_hal_pcd.o
                0x080009ec                HAL_PCD_IRQHandler
 .text.HAL_PCD_SetAddress
                0x08000f44       0x24 Drivers\STM32F4xx_HAL_Driver\stm32f4xx_hal_pcd.o
                0x08000f44                HAL_PCD_SetAddress
 .text.HAL_PCD_EP_Open
                0x08000f68       0x5c Drivers\STM32F4xx_HAL_Driver\stm32f4xx_hal_pcd.o
                0x08000f68                HAL_PCD_EP_Open
 .text.HAL_PCD_EP_Close
                0x08000fc4       0x46 Drivers\STM32F4xx_HAL_Driver\stm32f4xx_hal_pcd.o
                0x08000fc4                HAL_PCD_EP_Close
 .text.HAL_PCD_EP_Receive
                0x0800100a       0x48 Drivers\STM32F4xx_HAL_Driver\stm32f4xx_hal_pcd.o
                0x0800100a                HAL_PCD_EP_Receive
 .text.HAL_PCD_EP_Transmit
                0x08001052       0x40 Drivers\STM32F4xx_HAL_Driver\stm32f4xx_hal_pcd.o
                0x08001052                HAL_PCD_EP_Transmit
 .text.HAL_PCD_EP_SetStall
                0x08001092       0x58 Drivers\STM32F4xx_HAL_Driver\stm32f4xx_hal_pcd.o
                0x08001092                HAL_PCD_EP_SetStall
 .text.HAL_PCD_EP_ClrStall
                0x080010ea       0x4a Drivers\STM32F4xx_HAL_Driver\stm32f4xx_hal_pcd.o
                0x080010ea                HAL_PCD_EP_ClrStall
 .text.HAL_PCDEx_SetTxFiFo
                0x08001134       0x42 Drivers\STM32F4xx_HAL_Driver\stm32f4xx_hal_pcd_ex.o
                0x08001134                HAL_PCDEx_SetTxFiFo
 .text.HAL_PCDEx_SetRxFiFo
                0x08001176        0x8 Drivers\STM32F4xx_HAL_Driver\stm32f4xx_hal_pcd_ex.o
                0x08001176                HAL_PCDEx_SetRxFiFo
 *fill*         0x0800117e        0x2 
 .text.HAL_RCC_OscConfig
                0x08001180      0x2ec Drivers\STM32F4xx_HAL_Driver\stm32f4xx_hal_rcc.o
                0x08001180                HAL_RCC_OscConfig
 .text.HAL_RCC_GetSysClockFreq
                0x0800146c       0x4c Drivers\STM32F4xx_HAL_Driver\stm32f4xx_hal_rcc.o
                0x0800146c                HAL_RCC_GetSysClockFreq
 .text.HAL_RCC_ClockConfig
                0x080014b8      0x134 Drivers\STM32F4xx_HAL_Driver\stm32f4xx_hal_rcc.o
                0x080014b8                HAL_RCC_ClockConfig
 .text.HAL_RCC_GetHCLKFreq
                0x080015ec        0xc Drivers\STM32F4xx_HAL_Driver\stm32f4xx_hal_rcc.o
                0x080015ec                HAL_RCC_GetHCLKFreq
 .text.HAL_RCC_GetPCLK1Freq
                0x080015f8       0x20 Drivers\STM32F4xx_HAL_Driver\stm32f4xx_hal_rcc.o
                0x080015f8                HAL_RCC_GetPCLK1Freq
 .text.HAL_RCC_GetPCLK2Freq
                0x08001618       0x20 Drivers\STM32F4xx_HAL_Driver\stm32f4xx_hal_rcc.o
                0x08001618                HAL_RCC_GetPCLK2Freq
 .text.TIM_OC1_SetConfig
                0x08001638       0x58 Drivers\STM32F4xx_HAL_Driver\stm32f4xx_hal_tim.o
 .text.TIM_OC3_SetConfig
                0x08001690       0x60 Drivers\STM32F4xx_HAL_Driver\stm32f4xx_hal_tim.o
 .text.TIM_OC4_SetConfig
                0x080016f0       0x50 Drivers\STM32F4xx_HAL_Driver\stm32f4xx_hal_tim.o
 .text.HAL_TIM_OC_MspInit
                0x08001740        0x2 Drivers\STM32F4xx_HAL_Driver\stm32f4xx_hal_tim.o
                0x08001740                HAL_TIM_OC_MspInit
 .text.HAL_TIM_ConfigClockSource
                0x08001742      0x172 Drivers\STM32F4xx_HAL_Driver\stm32f4xx_hal_tim.o
                0x08001742                HAL_TIM_ConfigClockSource
 .text.HAL_TIM_OC_DelayElapsedCallback
                0x080018b4        0x2 Drivers\STM32F4xx_HAL_Driver\stm32f4xx_hal_tim.o
                0x080018b4                HAL_TIM_OC_DelayElapsedCallback
 .text.HAL_TIM_IC_CaptureCallback
                0x080018b6        0x2 Drivers\STM32F4xx_HAL_Driver\stm32f4xx_hal_tim.o
                0x080018b6                HAL_TIM_IC_CaptureCallback
 .text.HAL_TIM_PWM_PulseFinishedCallback
                0x080018b8        0x2 Drivers\STM32F4xx_HAL_Driver\stm32f4xx_hal_tim.o
                0x080018b8                HAL_TIM_PWM_PulseFinishedCallback
 .text.HAL_TIM_TriggerCallback
                0x080018ba        0x2 Drivers\STM32F4xx_HAL_Driver\stm32f4xx_hal_tim.o
                0x080018ba                HAL_TIM_TriggerCallback
 .text.HAL_TIM_IRQHandler
                0x080018bc      0x144 Drivers\STM32F4xx_HAL_Driver\stm32f4xx_hal_tim.o
                0x080018bc                HAL_TIM_IRQHandler
 .text.TIM_Base_SetConfig
                0x08001a00       0xc8 Drivers\STM32F4xx_HAL_Driver\stm32f4xx_hal_tim.o
                0x08001a00                TIM_Base_SetConfig
 .text.HAL_TIM_Base_Init
                0x08001ac8       0x34 Drivers\STM32F4xx_HAL_Driver\stm32f4xx_hal_tim.o
                0x08001ac8                HAL_TIM_Base_Init
 .text.HAL_TIM_OC_Init
                0x08001afc       0x34 Drivers\STM32F4xx_HAL_Driver\stm32f4xx_hal_tim.o
                0x08001afc                HAL_TIM_OC_Init
 .text.TIM_OC2_SetConfig
                0x08001b30       0x60 Drivers\STM32F4xx_HAL_Driver\stm32f4xx_hal_tim.o
                0x08001b30                TIM_OC2_SetConfig
 .text.HAL_TIM_OC_ConfigChannel
                0x08001b90       0x5c Drivers\STM32F4xx_HAL_Driver\stm32f4xx_hal_tim.o
                0x08001b90                HAL_TIM_OC_ConfigChannel
 .text.HAL_TIMEx_MasterConfigSynchronization
                0x08001bec       0x44 Drivers\STM32F4xx_HAL_Driver\stm32f4xx_hal_tim_ex.o
                0x08001bec                HAL_TIMEx_MasterConfigSynchronization
 .text.HAL_TIMEx_CommutationCallback
                0x08001c30        0x2 Drivers\STM32F4xx_HAL_Driver\stm32f4xx_hal_tim_ex.o
                0x08001c30                HAL_TIMEx_CommutationCallback
 .text.HAL_TIMEx_BreakCallback
                0x08001c32        0x2 Drivers\STM32F4xx_HAL_Driver\stm32f4xx_hal_tim_ex.o
                0x08001c32                HAL_TIMEx_BreakCallback
 .text.UART_SetConfig
                0x08001c34      0x234 Drivers\STM32F4xx_HAL_Driver\stm32f4xx_hal_uart.o
 .text.HAL_UART_Init
                0x08001e68       0x5c Drivers\STM32F4xx_HAL_Driver\stm32f4xx_hal_uart.o
                0x08001e68                HAL_UART_Init
 .text.USB_CoreInit
                0x08001ec4       0x74 Drivers\STM32F4xx_HAL_Driver\stm32f4xx_ll_usb.o
                0x08001ec4                USB_CoreInit
 .text.USB_EnableGlobalInt
                0x08001f38        0xc Drivers\STM32F4xx_HAL_Driver\stm32f4xx_ll_usb.o
                0x08001f38                USB_EnableGlobalInt
 .text.USB_DisableGlobalInt
                0x08001f44        0xc Drivers\STM32F4xx_HAL_Driver\stm32f4xx_ll_usb.o
                0x08001f44                USB_DisableGlobalInt
 .text.USB_SetCurrentMode
                0x08001f50       0x2e Drivers\STM32F4xx_HAL_Driver\stm32f4xx_ll_usb.o
                0x08001f50                USB_SetCurrentMode
 *fill*         0x08001f7e        0x2 
 .text.USB_DevInit
                0x08001f80      0x138 Drivers\STM32F4xx_HAL_Driver\stm32f4xx_ll_usb.o
                0x08001f80                USB_DevInit
 .text.USB_FlushTxFifo
                0x080020b8       0x24 Drivers\STM32F4xx_HAL_Driver\stm32f4xx_ll_usb.o
                0x080020b8                USB_FlushTxFifo
 .text.USB_FlushRxFifo
                0x080020dc       0x20 Drivers\STM32F4xx_HAL_Driver\stm32f4xx_ll_usb.o
                0x080020dc                USB_FlushRxFifo
 .text.USB_SetDevSpeed
                0x080020fc        0xe Drivers\STM32F4xx_HAL_Driver\stm32f4xx_ll_usb.o
                0x080020fc                USB_SetDevSpeed
 .text.USB_GetDevSpeed
                0x0800210a       0x36 Drivers\STM32F4xx_HAL_Driver\stm32f4xx_ll_usb.o
                0x0800210a                USB_GetDevSpeed
 .text.USB_ActivateEndpoint
                0x08002140       0x7e Drivers\STM32F4xx_HAL_Driver\stm32f4xx_ll_usb.o
                0x08002140                USB_ActivateEndpoint
 .text.USB_DeactivateEndpoint
                0x080021be        0x4 Drivers\STM32F4xx_HAL_Driver\stm32f4xx_ll_usb.o
                0x080021be                USB_DeactivateEndpoint
 *fill*         0x080021c2        0x2 
 .text.USB_DeactivateDedicatedEndpoint
                0x080021c4       0xb0 Drivers\STM32F4xx_HAL_Driver\stm32f4xx_ll_usb.o
                0x080021c4                USB_DeactivateDedicatedEndpoint
 .text.USB_EPStartXfer
                0x08002274      0x18c Drivers\STM32F4xx_HAL_Driver\stm32f4xx_ll_usb.o
                0x08002274                USB_EPStartXfer
 .text.USB_EP0StartXfer
                0x08002400       0xda Drivers\STM32F4xx_HAL_Driver\stm32f4xx_ll_usb.o
                0x08002400                USB_EP0StartXfer
 .text.USB_WritePacket
                0x080024da       0x28 Drivers\STM32F4xx_HAL_Driver\stm32f4xx_ll_usb.o
                0x080024da                USB_WritePacket
 .text.USB_ReadPacket
                0x08002502       0x1c Drivers\STM32F4xx_HAL_Driver\stm32f4xx_ll_usb.o
                0x08002502                USB_ReadPacket
 .text.USB_EPSetStall
                0x0800251e       0x3e Drivers\STM32F4xx_HAL_Driver\stm32f4xx_ll_usb.o
                0x0800251e                USB_EPSetStall
 .text.USB_EPClearStall
                0x0800255c       0x32 Drivers\STM32F4xx_HAL_Driver\stm32f4xx_ll_usb.o
                0x0800255c                USB_EPClearStall
 .text.USB_SetDevAddress
                0x0800258e       0x20 Drivers\STM32F4xx_HAL_Driver\stm32f4xx_ll_usb.o
                0x0800258e                USB_SetDevAddress
 .text.USB_DevConnect
                0x080025ae       0x18 Drivers\STM32F4xx_HAL_Driver\stm32f4xx_ll_usb.o
                0x080025ae                USB_DevConnect
 .text.USB_DevDisconnect
                0x080025c6       0x18 Drivers\STM32F4xx_HAL_Driver\stm32f4xx_ll_usb.o
                0x080025c6                USB_DevDisconnect
 .text.USB_ReadInterrupts
                0x080025de        0x8 Drivers\STM32F4xx_HAL_Driver\stm32f4xx_ll_usb.o
                0x080025de                USB_ReadInterrupts
 .text.USB_ReadDevAllOutEpInterrupt
                0x080025e6       0x10 Drivers\STM32F4xx_HAL_Driver\stm32f4xx_ll_usb.o
                0x080025e6                USB_ReadDevAllOutEpInterrupt
 .text.USB_ReadDevAllInEpInterrupt
                0x080025f6       0x10 Drivers\STM32F4xx_HAL_Driver\stm32f4xx_ll_usb.o
                0x080025f6                USB_ReadDevAllInEpInterrupt
 .text.USB_ReadDevOutEPInterrupt
                0x08002606       0x14 Drivers\STM32F4xx_HAL_Driver\stm32f4xx_ll_usb.o
                0x08002606                USB_ReadDevOutEPInterrupt
 .text.USB_ReadDevInEPInterrupt
                0x0800261a       0x20 Drivers\STM32F4xx_HAL_Driver\stm32f4xx_ll_usb.o
                0x0800261a                USB_ReadDevInEPInterrupt
 .text.USB_GetMode
                0x0800263a        0x8 Drivers\STM32F4xx_HAL_Driver\stm32f4xx_ll_usb.o
                0x0800263a                USB_GetMode
 .text.USB_ActivateSetup
                0x08002642       0x36 Drivers\STM32F4xx_HAL_Driver\stm32f4xx_ll_usb.o
                0x08002642                USB_ActivateSetup
 .text.USB_EP0_OutStart
                0x08002678       0x46 Drivers\STM32F4xx_HAL_Driver\stm32f4xx_ll_usb.o
                0x08002678                USB_EP0_OutStart
 *fill*         0x080026be        0x2 
 .text.USB_CoreReset
                0x080026c0       0x30 Drivers\STM32F4xx_HAL_Driver\stm32f4xx_ll_usb.o
 .text.USBD_Init
                0x080026f0       0x44 Middlewares\USB_Device_Library\usbd_core.o
                0x080026f0                USBD_Init
 .text.USBD_RegisterClass
                0x08002734       0x2c Middlewares\USB_Device_Library\usbd_core.o
                0x08002734                USBD_RegisterClass
 .text.USBD_Start
                0x08002760        0xa Middlewares\USB_Device_Library\usbd_core.o
                0x08002760                USBD_Start
 .text.USBD_SetClassConfig
                0x0800276a       0x16 Middlewares\USB_Device_Library\usbd_core.o
                0x0800276a                USBD_SetClassConfig
 .text.USBD_ClrClassConfig
                0x08002780        0xe Middlewares\USB_Device_Library\usbd_core.o
                0x08002780                USBD_ClrClassConfig
 .text.USBD_LL_SetupStage
                0x0800278e       0x5a Middlewares\USB_Device_Library\usbd_core.o
                0x0800278e                USBD_LL_SetupStage
 .text.USBD_LL_DataOutStage
                0x080027e8       0x64 Middlewares\USB_Device_Library\usbd_core.o
                0x080027e8                USBD_LL_DataOutStage
 .text.USBD_LL_DataInStage
                0x0800284c       0x9e Middlewares\USB_Device_Library\usbd_core.o
                0x0800284c                USBD_LL_DataInStage
 .text.USBD_LL_Reset
                0x080028ea       0x3e Middlewares\USB_Device_Library\usbd_core.o
                0x080028ea                USBD_LL_Reset
 .text.USBD_LL_SetSpeed
                0x08002928        0x6 Middlewares\USB_Device_Library\usbd_core.o
                0x08002928                USBD_LL_SetSpeed
 .text.USBD_LL_Suspend
                0x0800292e       0x12 Middlewares\USB_Device_Library\usbd_core.o
                0x0800292e                USBD_LL_Suspend
 .text.USBD_LL_Resume
                0x08002940        0xc Middlewares\USB_Device_Library\usbd_core.o
                0x08002940                USBD_LL_Resume
 .text.USBD_LL_SOF
                0x0800294c       0x18 Middlewares\USB_Device_Library\usbd_core.o
                0x0800294c                USBD_LL_SOF
 .text.USBD_LL_IsoINIncomplete
                0x08002964        0x4 Middlewares\USB_Device_Library\usbd_core.o
                0x08002964                USBD_LL_IsoINIncomplete
 .text.USBD_LL_IsoOUTIncomplete
                0x08002968        0x4 Middlewares\USB_Device_Library\usbd_core.o
                0x08002968                USBD_LL_IsoOUTIncomplete
 .text.USBD_LL_DevConnected
                0x0800296c        0x4 Middlewares\USB_Device_Library\usbd_core.o
                0x0800296c                USBD_LL_DevConnected
 .text.USBD_LL_DevDisconnected
                0x08002970       0x16 Middlewares\USB_Device_Library\usbd_core.o
                0x08002970                USBD_LL_DevDisconnected
 .text.USBD_CtlError.constprop.0
                0x08002986       0x16 Middlewares\USB_Device_Library\usbd_ctlreq.o
 .text.USBD_StdDevReq
                0x0800299c      0x1f4 Middlewares\USB_Device_Library\usbd_ctlreq.o
                0x0800299c                USBD_StdDevReq
 .text.USBD_StdItfReq
                0x08002b90       0x30 Middlewares\USB_Device_Library\usbd_ctlreq.o
                0x08002b90                USBD_StdItfReq
 .text.USBD_StdEPReq
                0x08002bc0       0xc6 Middlewares\USB_Device_Library\usbd_ctlreq.o
                0x08002bc0                USBD_StdEPReq
 .text.USBD_ParseSetupRequest
                0x08002c86       0x28 Middlewares\USB_Device_Library\usbd_ctlreq.o
                0x08002c86                USBD_ParseSetupRequest
 .text.USBD_CtlError
                0x08002cae       0x16 Middlewares\USB_Device_Library\usbd_ctlreq.o
                0x08002cae                USBD_CtlError
 .text.USBD_GetString
                0x08002cc4       0x38 Middlewares\USB_Device_Library\usbd_ctlreq.o
                0x08002cc4                USBD_GetString
 .text.USBD_HID_GetCfgDesc
                0x08002cfc        0xc Middlewares\USB_Device_Library\usbd_hid.o
 .text.USBD_HID_DataIn
                0x08002d08        0xa Middlewares\USB_Device_Library\usbd_hid.o
 *fill*         0x08002d12        0x2 
 .text.USBD_HID_GetDeviceQualifierDesc
                0x08002d14        0xc Middlewares\USB_Device_Library\usbd_hid.o
 .text.USBD_HID_DataOut
                0x08002d20       0x1c Middlewares\USB_Device_Library\usbd_hid.o
 .text.USBD_HID_Setup
                0x08002d3c       0xac Middlewares\USB_Device_Library\usbd_hid.o
 .text.USBD_HID_DeInit
                0x08002de8       0x26 Middlewares\USB_Device_Library\usbd_hid.o
 .text.USBD_HID_Init
                0x08002e0e       0x32 Middlewares\USB_Device_Library\usbd_hid.o
 .text.USBD_HID_SendReport
                0x08002e40       0x24 Middlewares\USB_Device_Library\usbd_hid.o
                0x08002e40                USBD_HID_SendReport
 .text.USBD_CtlSendData
                0x08002e64       0x1a Middlewares\USB_Device_Library\usbd_ioreq.o
                0x08002e64                USBD_CtlSendData
 .text.USBD_CtlContinueSendData
                0x08002e7e       0x10 Middlewares\USB_Device_Library\usbd_ioreq.o
                0x08002e7e                USBD_CtlContinueSendData
 .text.USBD_CtlContinueRx
                0x08002e8e       0x10 Middlewares\USB_Device_Library\usbd_ioreq.o
                0x08002e8e                USBD_CtlContinueRx
 .text.USBD_CtlSendStatus
                0x08002e9e       0x16 Middlewares\USB_Device_Library\usbd_ioreq.o
                0x08002e9e                USBD_CtlSendStatus
 .text.USBD_CtlReceiveStatus
                0x08002eb4       0x16 Middlewares\USB_Device_Library\usbd_ioreq.o
                0x08002eb4                USBD_CtlReceiveStatus
 *fill*         0x08002eca        0x2 
 .text.MX_GPIO_Init
                0x08002ecc       0xb0 Src\gpio.o
                0x08002ecc                MX_GPIO_Init
 .text.SystemClock_Config
                0x08002f7c       0xb0 Src\main.o
                0x08002f7c                SystemClock_Config
 .text.read_key
                0x0800302c       0x34 Src\main.o
                0x0800302c                read_key
 .text.startup.main
                0x08003060       0x78 Src\main.o
                0x08003060                main
 .text.HAL_TIM_PeriodElapsedCallback
                0x080030d8       0x10 Src\main.o
                0x080030d8                HAL_TIM_PeriodElapsedCallback
 .text._Error_Handler
                0x080030e8        0x2 Src\main.o
                0x080030e8                _Error_Handler
 .text.HAL_MspInit
                0x080030ea       0x60 Src\stm32f4xx_hal_msp.o
                0x080030ea                HAL_MspInit
 .text.NMI_Handler
                0x0800314a        0x2 Src\stm32f4xx_it.o
                0x0800314a                NMI_Handler
 .text.HardFault_Handler
                0x0800314c        0x2 Src\stm32f4xx_it.o
                0x0800314c                HardFault_Handler
 .text.MemManage_Handler
                0x0800314e        0x2 Src\stm32f4xx_it.o
                0x0800314e                MemManage_Handler
 .text.BusFault_Handler
                0x08003150        0x2 Src\stm32f4xx_it.o
                0x08003150                BusFault_Handler
 .text.UsageFault_Handler
                0x08003152        0x2 Src\stm32f4xx_it.o
                0x08003152                UsageFault_Handler
 .text.SVC_Handler
                0x08003154        0x2 Src\stm32f4xx_it.o
                0x08003154                SVC_Handler
 .text.DebugMon_Handler
                0x08003156        0x2 Src\stm32f4xx_it.o
                0x08003156                DebugMon_Handler
 .text.PendSV_Handler
                0x08003158        0x2 Src\stm32f4xx_it.o
                0x08003158                PendSV_Handler
 .text.SysTick_Handler
                0x0800315a        0xe Src\stm32f4xx_it.o
                0x0800315a                SysTick_Handler
 .text.TIM2_IRQHandler
                0x08003168        0xc Src\stm32f4xx_it.o
                0x08003168                TIM2_IRQHandler
 .text.OTG_FS_IRQHandler
                0x08003174        0xc Src\stm32f4xx_it.o
                0x08003174                OTG_FS_IRQHandler
 .text.SystemInit
                0x08003180       0x4c Src\system_stm32f4xx.o
                0x08003180                SystemInit
 .text.MX_TIM2_Init
                0x080031cc       0x94 Src\tim.o
                0x080031cc                MX_TIM2_Init
 .text.HAL_TIM_Base_MspInit
                0x08003260       0x2c Src\tim.o
                0x08003260                HAL_TIM_Base_MspInit
 .text.MX_USART3_UART_Init
                0x0800328c       0x40 Src\usart.o
                0x0800328c                MX_USART3_UART_Init
 .text.HAL_UART_MspInit
                0x080032cc       0x54 Src\usart.o
                0x080032cc                HAL_UART_MspInit
 .text.MX_USB_DEVICE_Init
                0x08003320       0x2c Src\usb_device.o
                0x08003320                MX_USB_DEVICE_Init
 .text.HAL_PCD_MspInit
                0x0800334c       0x78 Src\usbd_conf.o
                0x0800334c                HAL_PCD_MspInit
 .text.HAL_PCD_SetupStageCallback
                0x080033c4        0xc Src\usbd_conf.o
                0x080033c4                HAL_PCD_SetupStageCallback
 .text.HAL_PCD_DataOutStageCallback
                0x080033d0       0x12 Src\usbd_conf.o
                0x080033d0                HAL_PCD_DataOutStageCallback
 .text.HAL_PCD_DataInStageCallback
                0x080033e2       0x10 Src\usbd_conf.o
                0x080033e2                HAL_PCD_DataInStageCallback
 .text.HAL_PCD_SOFCallback
                0x080033f2        0x8 Src\usbd_conf.o
                0x080033f2                HAL_PCD_SOFCallback
 .text.HAL_PCD_ResetCallback
                0x080033fa       0x20 Src\usbd_conf.o
                0x080033fa                HAL_PCD_ResetCallback
 *fill*         0x0800341a        0x2 
 .text.HAL_PCD_SuspendCallback
                0x0800341c       0x30 Src\usbd_conf.o
                0x0800341c                HAL_PCD_SuspendCallback
 .text.HAL_PCD_ResumeCallback
                0x0800344c        0x8 Src\usbd_conf.o
                0x0800344c                HAL_PCD_ResumeCallback
 .text.HAL_PCD_ISOOUTIncompleteCallback
                0x08003454        0x8 Src\usbd_conf.o
                0x08003454                HAL_PCD_ISOOUTIncompleteCallback
 .text.HAL_PCD_ISOINIncompleteCallback
                0x0800345c        0x8 Src\usbd_conf.o
                0x0800345c                HAL_PCD_ISOINIncompleteCallback
 .text.HAL_PCD_ConnectCallback
                0x08003464        0x8 Src\usbd_conf.o
                0x08003464                HAL_PCD_ConnectCallback
 .text.HAL_PCD_DisconnectCallback
                0x0800346c        0x8 Src\usbd_conf.o
                0x0800346c                HAL_PCD_DisconnectCallback
 .text.USBD_LL_Init
                0x08003474       0x6c Src\usbd_conf.o
                0x08003474                USBD_LL_Init
 .text.USBD_LL_Start
                0x080034e0       0x1c Src\usbd_conf.o
                0x080034e0                USBD_LL_Start
 .text.USBD_LL_OpenEP
                0x080034fc       0x20 Src\usbd_conf.o
                0x080034fc                USBD_LL_OpenEP
 .text.USBD_LL_CloseEP
                0x0800351c       0x1c Src\usbd_conf.o
                0x0800351c                USBD_LL_CloseEP
 .text.USBD_LL_StallEP
                0x08003538       0x1c Src\usbd_conf.o
                0x08003538                USBD_LL_StallEP
 .text.USBD_LL_ClearStallEP
                0x08003554       0x1c Src\usbd_conf.o
                0x08003554                USBD_LL_ClearStallEP
 .text.USBD_LL_IsStallEP
                0x08003570       0x26 Src\usbd_conf.o
                0x08003570                USBD_LL_IsStallEP
 *fill*         0x08003596        0x2 
 .text.USBD_LL_SetUSBAddress
                0x08003598       0x1c Src\usbd_conf.o
                0x08003598                USBD_LL_SetUSBAddress
 .text.USBD_LL_Transmit
                0x080035b4       0x1c Src\usbd_conf.o
                0x080035b4                USBD_LL_Transmit
 .text.USBD_LL_PrepareReceive
                0x080035d0       0x1c Src\usbd_conf.o
                0x080035d0                USBD_LL_PrepareReceive
 .text.USBD_FS_DeviceDescriptor
                0x080035ec        0xc Src\usbd_desc.o
                0x080035ec                USBD_FS_DeviceDescriptor
 .text.USBD_FS_LangIDStrDescriptor
                0x080035f8        0xc Src\usbd_desc.o
                0x080035f8                USBD_FS_LangIDStrDescriptor
 .text.USBD_FS_ManufacturerStrDescriptor
                0x08003604       0x1c Src\usbd_desc.o
                0x08003604                USBD_FS_ManufacturerStrDescriptor
 .text.USBD_FS_ProductStrDescriptor
                0x08003620       0x1c Src\usbd_desc.o
                0x08003620                USBD_FS_ProductStrDescriptor
 .text.USBD_FS_SerialStrDescriptor
                0x0800363c       0x1c Src\usbd_desc.o
                0x0800363c                USBD_FS_SerialStrDescriptor
 .text.USBD_FS_ConfigStrDescriptor
                0x08003658       0x1c Src\usbd_desc.o
                0x08003658                USBD_FS_ConfigStrDescriptor
 .text.USBD_FS_InterfaceStrDescriptor
                0x08003674       0x1c Src\usbd_desc.o
                0x08003674                USBD_FS_InterfaceStrDescriptor
 .text.Reset_Handler
                0x08003690       0x50 startup\startup_stm32f415xx.o
                0x08003690                Reset_Handler
 .text.Default_Handler
                0x080036e0        0x2 startup\startup_stm32f415xx.o
                0x080036e0                RTC_Alarm_IRQHandler
                0x080036e0                HASH_RNG_IRQHandler
                0x080036e0                EXTI2_IRQHandler
                0x080036e0                TIM8_CC_IRQHandler
                0x080036e0                TIM1_CC_IRQHandler
                0x080036e0                DMA2_Stream5_IRQHandler
                0x080036e0                DMA1_Stream5_IRQHandler
                0x080036e0                PVD_IRQHandler
                0x080036e0                SDIO_IRQHandler
                0x080036e0                TAMP_STAMP_IRQHandler
                0x080036e0                CAN2_RX1_IRQHandler
                0x080036e0                EXTI3_IRQHandler
                0x080036e0                TIM8_TRG_COM_TIM14_IRQHandler
                0x080036e0                TIM1_UP_TIM10_IRQHandler
                0x080036e0                TIM8_UP_TIM13_IRQHandler
                0x080036e0                I2C3_ER_IRQHandler
                0x080036e0                EXTI0_IRQHandler
                0x080036e0                I2C2_EV_IRQHandler
                0x080036e0                DMA1_Stream2_IRQHandler
                0x080036e0                CAN1_RX0_IRQHandler
                0x080036e0                FPU_IRQHandler
                0x080036e0                OTG_HS_WKUP_IRQHandler
                0x080036e0                CAN2_SCE_IRQHandler
                0x080036e0                DMA2_Stream2_IRQHandler
                0x080036e0                SPI1_IRQHandler
                0x080036e0                TIM6_DAC_IRQHandler
                0x080036e0                TIM1_BRK_TIM9_IRQHandler
                0x080036e0                CAN2_RX0_IRQHandler
                0x080036e0                DMA2_Stream3_IRQHandler
                0x080036e0                USART6_IRQHandler
                0x080036e0                USART3_IRQHandler
                0x080036e0                CRYP_IRQHandler
                0x080036e0                CAN1_RX1_IRQHandler
                0x080036e0                UART5_IRQHandler
                0x080036e0                DMA2_Stream0_IRQHandler
                0x080036e0                TIM4_IRQHandler
                0x080036e0                I2C1_EV_IRQHandler
                0x080036e0                DMA1_Stream6_IRQHandler
                0x080036e0                DMA1_Stream1_IRQHandler
                0x080036e0                UART4_IRQHandler
                0x080036e0                TIM3_IRQHandler
                0x080036e0                RCC_IRQHandler
                0x080036e0                TIM8_BRK_TIM12_IRQHandler
                0x080036e0                Default_Handler
                0x080036e0                EXTI15_10_IRQHandler
                0x080036e0                ADC_IRQHandler
                0x080036e0                DMA1_Stream7_IRQHandler
                0x080036e0                TIM7_IRQHandler
                0x080036e0                CAN2_TX_IRQHandler
                0x080036e0                TIM5_IRQHandler
                0x080036e0                DMA2_Stream7_IRQHandler
                0x080036e0                I2C3_EV_IRQHandler
                0x080036e0                EXTI9_5_IRQHandler
                0x080036e0                RTC_WKUP_IRQHandler
                0x080036e0                SPI2_IRQHandler
                0x080036e0                OTG_HS_EP1_IN_IRQHandler
                0x080036e0                DMA1_Stream0_IRQHandler
                0x080036e0                CAN1_TX_IRQHandler
                0x080036e0                EXTI4_IRQHandler
                0x080036e0                FSMC_IRQHandler
                0x080036e0                OTG_HS_EP1_OUT_IRQHandler
                0x080036e0                WWDG_IRQHandler
                0x080036e0                OTG_FS_WKUP_IRQHandler
                0x080036e0                TIM1_TRG_COM_TIM11_IRQHandler
                0x080036e0                OTG_HS_IRQHandler
                0x080036e0                EXTI1_IRQHandler
                0x080036e0                USART2_IRQHandler
                0x080036e0                I2C2_ER_IRQHandler
                0x080036e0                DMA2_Stream1_IRQHandler
                0x080036e0                CAN1_SCE_IRQHandler
                0x080036e0                FLASH_IRQHandler
                0x080036e0                DMA2_Stream4_IRQHandler
                0x080036e0                USART1_IRQHandler
                0x080036e0                SPI3_IRQHandler
                0x080036e0                DMA1_Stream4_IRQHandler
                0x080036e0                I2C1_ER_IRQHandler
                0x080036e0                DMA2_Stream6_IRQHandler
                0x080036e0                DMA1_Stream3_IRQHandler
 *fill*         0x080036e2        0x2 
 .text.__libc_init_array
                0x080036e4       0x48 c:/program files (x86)/atollic/truestudio for stm32 9.0.0/armtools/bin/../lib/gcc/arm-atollic-eabi/6.3.1/../../../../arm-atollic-eabi/lib/armv7e-m/fpu\libc_nano.a(lib_a-init.o)
                0x080036e4                __libc_init_array
 .text.malloc   0x0800372c       0x10 c:/program files (x86)/atollic/truestudio for stm32 9.0.0/armtools/bin/../lib/gcc/arm-atollic-eabi/6.3.1/../../../../arm-atollic-eabi/lib/armv7e-m/fpu\libc_nano.a(lib_a-malloc.o)
                0x0800372c                malloc
 .text.free     0x0800373c       0x10 c:/program files (x86)/atollic/truestudio for stm32 9.0.0/armtools/bin/../lib/gcc/arm-atollic-eabi/6.3.1/../../../../arm-atollic-eabi/lib/armv7e-m/fpu\libc_nano.a(lib_a-malloc.o)
                0x0800373c                free
 .text._free_r  0x0800374c       0x9c c:/program files (x86)/atollic/truestudio for stm32 9.0.0/armtools/bin/../lib/gcc/arm-atollic-eabi/6.3.1/../../../../arm-atollic-eabi/lib/armv7e-m/fpu\libc_nano.a(lib_a-nano-freer.o)
                0x0800374c                _free_r
 .text._malloc_r
                0x080037e8       0xbc c:/program files (x86)/atollic/truestudio for stm32 9.0.0/armtools/bin/../lib/gcc/arm-atollic-eabi/6.3.1/../../../../arm-atollic-eabi/lib/armv7e-m/fpu\libc_nano.a(lib_a-nano-mallocr.o)
                0x080037e8                _malloc_r
 .text.printf   0x080038a4       0x30 c:/program files (x86)/atollic/truestudio for stm32 9.0.0/armtools/bin/../lib/gcc/arm-atollic-eabi/6.3.1/../../../../arm-atollic-eabi/lib/armv7e-m/fpu\libc_nano.a(lib_a-printf.o)
                0x080038a4                iprintf
                0x080038a4                printf
 .text.putchar  0x080038d4       0x28 c:/program files (x86)/atollic/truestudio for stm32 9.0.0/armtools/bin/../lib/gcc/arm-atollic-eabi/6.3.1/../../../../arm-atollic-eabi/lib/armv7e-m/fpu\libc_nano.a(lib_a-putchar.o)
                0x080038d4                putchar
 .text._sbrk_r  0x080038fc       0x20 c:/program files (x86)/atollic/truestudio for stm32 9.0.0/armtools/bin/../lib/gcc/arm-atollic-eabi/6.3.1/../../../../arm-atollic-eabi/lib/armv7e-m/fpu\libc_nano.a(lib_a-sbrkr.o)
                0x080038fc                _sbrk_r
 .text._cleanup_r
                0x0800391c        0xc c:/program files (x86)/atollic/truestudio for stm32 9.0.0/armtools/bin/../lib/gcc/arm-atollic-eabi/6.3.1/../../../../arm-atollic-eabi/lib/armv7e-m/fpu\libc_nano.a(lib_a-findfp.o)
                0x0800391c                _cleanup_r
 .text.std.isra.0
                0x08003928       0x48 c:/program files (x86)/atollic/truestudio for stm32 9.0.0/armtools/bin/../lib/gcc/arm-atollic-eabi/6.3.1/../../../../arm-atollic-eabi/lib/armv7e-m/fpu\libc_nano.a(lib_a-findfp.o)
 .text.__sfmoreglue
                0x08003970       0x2c c:/program files (x86)/atollic/truestudio for stm32 9.0.0/armtools/bin/../lib/gcc/arm-atollic-eabi/6.3.1/../../../../arm-atollic-eabi/lib/armv7e-m/fpu\libc_nano.a(lib_a-findfp.o)
                0x08003970                __sfmoreglue
 .text.__sinit  0x0800399c       0x60 c:/program files (x86)/atollic/truestudio for stm32 9.0.0/armtools/bin/../lib/gcc/arm-atollic-eabi/6.3.1/../../../../arm-atollic-eabi/lib/armv7e-m/fpu\libc_nano.a(lib_a-findfp.o)
                0x0800399c                __sinit
 .text.__sfp    0x080039fc       0x78 c:/program files (x86)/atollic/truestudio for stm32 9.0.0/armtools/bin/../lib/gcc/arm-atollic-eabi/6.3.1/../../../../arm-atollic-eabi/lib/armv7e-m/fpu\libc_nano.a(lib_a-findfp.o)
                0x080039fc                __sfp
 .text._fwalk_reent
                0x08003a74       0x3c c:/program files (x86)/atollic/truestudio for stm32 9.0.0/armtools/bin/../lib/gcc/arm-atollic-eabi/6.3.1/../../../../arm-atollic-eabi/lib/armv7e-m/fpu\libc_nano.a(lib_a-fwalk.o)
                0x08003a74                _fwalk_reent
 .text.memset   0x08003ab0       0x10 c:/program files (x86)/atollic/truestudio for stm32 9.0.0/armtools/bin/../lib/gcc/arm-atollic-eabi/6.3.1/../../../../arm-atollic-eabi/lib/armv7e-m/fpu\libc_nano.a(lib_a-memset.o)
                0x08003ab0                memset
 .text.__malloc_lock
                0x08003ac0        0x2 c:/program files (x86)/atollic/truestudio for stm32 9.0.0/armtools/bin/../lib/gcc/arm-atollic-eabi/6.3.1/../../../../arm-atollic-eabi/lib/armv7e-m/fpu\libc_nano.a(lib_a-mlock.o)
                0x08003ac0                __malloc_lock
 .text.__malloc_unlock
                0x08003ac2        0x2 c:/program files (x86)/atollic/truestudio for stm32 9.0.0/armtools/bin/../lib/gcc/arm-atollic-eabi/6.3.1/../../../../arm-atollic-eabi/lib/armv7e-m/fpu\libc_nano.a(lib_a-mlock.o)
                0x08003ac2                __malloc_unlock
 .text.__sfputc_r
                0x08003ac4       0x30 c:/program files (x86)/atollic/truestudio for stm32 9.0.0/armtools/bin/../lib/gcc/arm-atollic-eabi/6.3.1/../../../../arm-atollic-eabi/lib/armv7e-m/fpu\libc_nano.a(lib_a-nano-vfprintf.o)
 .text.__sfputs_r
                0x08003af4       0x24 c:/program files (x86)/atollic/truestudio for stm32 9.0.0/armtools/bin/../lib/gcc/arm-atollic-eabi/6.3.1/../../../../arm-atollic-eabi/lib/armv7e-m/fpu\libc_nano.a(lib_a-nano-vfprintf.o)
                0x08003af4                __sfputs_r
 .text._vfprintf_r
                0x08003b18      0x22c c:/program files (x86)/atollic/truestudio for stm32 9.0.0/armtools/bin/../lib/gcc/arm-atollic-eabi/6.3.1/../../../../arm-atollic-eabi/lib/armv7e-m/fpu\libc_nano.a(lib_a-nano-vfprintf.o)
                0x08003b18                _vfprintf_r
                0x08003b18                _vfiprintf_r
 .text._printf_common
                0x08003d44       0xec c:/program files (x86)/atollic/truestudio for stm32 9.0.0/armtools/bin/../lib/gcc/arm-atollic-eabi/6.3.1/../../../../arm-atollic-eabi/lib/armv7e-m/fpu\libc_nano.a(lib_a-nano-vfprintf_i.o)
                0x08003d44                _printf_common
 .text._printf_i
                0x08003e30      0x240 c:/program files (x86)/atollic/truestudio for stm32 9.0.0/armtools/bin/../lib/gcc/arm-atollic-eabi/6.3.1/../../../../arm-atollic-eabi/lib/armv7e-m/fpu\libc_nano.a(lib_a-nano-vfprintf_i.o)
                0x08003e30                _printf_i
 .text._putc_r  0x08004070       0x6c c:/program files (x86)/atollic/truestudio for stm32 9.0.0/armtools/bin/../lib/gcc/arm-atollic-eabi/6.3.1/../../../../arm-atollic-eabi/lib/armv7e-m/fpu\libc_nano.a(lib_a-putc.o)
                0x08004070                _putc_r
 .text.__sread  0x080040dc       0x22 c:/program files (x86)/atollic/truestudio for stm32 9.0.0/armtools/bin/../lib/gcc/arm-atollic-eabi/6.3.1/../../../../arm-atollic-eabi/lib/armv7e-m/fpu\libc_nano.a(lib_a-stdio.o)
                0x080040dc                __sread
 .text.__swrite
                0x080040fe       0x38 c:/program files (x86)/atollic/truestudio for stm32 9.0.0/armtools/bin/../lib/gcc/arm-atollic-eabi/6.3.1/../../../../arm-atollic-eabi/lib/armv7e-m/fpu\libc_nano.a(lib_a-stdio.o)
                0x080040fe                __swrite
 .text.__sseek  0x08004136       0x24 c:/program files (x86)/atollic/truestudio for stm32 9.0.0/armtools/bin/../lib/gcc/arm-atollic-eabi/6.3.1/../../../../arm-atollic-eabi/lib/armv7e-m/fpu\libc_nano.a(lib_a-stdio.o)
                0x08004136                __sseek
 .text.__sclose
                0x0800415a        0x8 c:/program files (x86)/atollic/truestudio for stm32 9.0.0/armtools/bin/../lib/gcc/arm-atollic-eabi/6.3.1/../../../../arm-atollic-eabi/lib/armv7e-m/fpu\libc_nano.a(lib_a-stdio.o)
                0x0800415a                __sclose
 *fill*         0x08004162        0x2 
 .text.__swbuf_r
                0x08004164       0xa4 c:/program files (x86)/atollic/truestudio for stm32 9.0.0/armtools/bin/../lib/gcc/arm-atollic-eabi/6.3.1/../../../../arm-atollic-eabi/lib/armv7e-m/fpu\libc_nano.a(lib_a-wbuf.o)
                0x08004164                __swbuf_r
 .text._write_r
                0x08004208       0x24 c:/program files (x86)/atollic/truestudio for stm32 9.0.0/armtools/bin/../lib/gcc/arm-atollic-eabi/6.3.1/../../../../arm-atollic-eabi/lib/armv7e-m/fpu\libc_nano.a(lib_a-writer.o)
                0x08004208                _write_r
 .text.__swsetup_r
                0x0800422c       0xdc c:/program files (x86)/atollic/truestudio for stm32 9.0.0/armtools/bin/../lib/gcc/arm-atollic-eabi/6.3.1/../../../../arm-atollic-eabi/lib/armv7e-m/fpu\libc_nano.a(lib_a-wsetup.o)
                0x0800422c                __swsetup_r
 .text._close_r
                0x08004308       0x20 c:/program files (x86)/atollic/truestudio for stm32 9.0.0/armtools/bin/../lib/gcc/arm-atollic-eabi/6.3.1/../../../../arm-atollic-eabi/lib/armv7e-m/fpu\libc_nano.a(lib_a-closer.o)
                0x08004308                _close_r
 .text.__sflush_r
                0x08004328      0x110 c:/program files (x86)/atollic/truestudio for stm32 9.0.0/armtools/bin/../lib/gcc/arm-atollic-eabi/6.3.1/../../../../arm-atollic-eabi/lib/armv7e-m/fpu\libc_nano.a(lib_a-fflush.o)
                0x08004328                __sflush_r
 .text._fflush_r
                0x08004438       0x54 c:/program files (x86)/atollic/truestudio for stm32 9.0.0/armtools/bin/../lib/gcc/arm-atollic-eabi/6.3.1/../../../../arm-atollic-eabi/lib/armv7e-m/fpu\libc_nano.a(lib_a-fflush.o)
                0x08004438                _fflush_r
 .text._lseek_r
                0x0800448c       0x24 c:/program files (x86)/atollic/truestudio for stm32 9.0.0/armtools/bin/../lib/gcc/arm-atollic-eabi/6.3.1/../../../../arm-atollic-eabi/lib/armv7e-m/fpu\libc_nano.a(lib_a-lseekr.o)
                0x0800448c                _lseek_r
 .text.__swhatbuf_r
                0x080044b0       0x48 c:/program files (x86)/atollic/truestudio for stm32 9.0.0/armtools/bin/../lib/gcc/arm-atollic-eabi/6.3.1/../../../../arm-atollic-eabi/lib/armv7e-m/fpu\libc_nano.a(lib_a-makebuf.o)
                0x080044b0                __swhatbuf_r
 .text.__smakebuf_r
                0x080044f8       0x80 c:/program files (x86)/atollic/truestudio for stm32 9.0.0/armtools/bin/../lib/gcc/arm-atollic-eabi/6.3.1/../../../../arm-atollic-eabi/lib/armv7e-m/fpu\libc_nano.a(lib_a-makebuf.o)
                0x080044f8                __smakebuf_r
 .text._read_r  0x08004578       0x24 c:/program files (x86)/atollic/truestudio for stm32 9.0.0/armtools/bin/../lib/gcc/arm-atollic-eabi/6.3.1/../../../../arm-atollic-eabi/lib/armv7e-m/fpu\libc_nano.a(lib_a-readr.o)
                0x08004578                _read_r
 .text._fstat_r
                0x0800459c       0x24 c:/program files (x86)/atollic/truestudio for stm32 9.0.0/armtools/bin/../lib/gcc/arm-atollic-eabi/6.3.1/../../../../arm-atollic-eabi/lib/armv7e-m/fpu\libc_nano.a(lib_a-fstatr.o)
                0x0800459c                _fstat_r
 .text._isatty_r
                0x080045c0       0x20 c:/program files (x86)/atollic/truestudio for stm32 9.0.0/armtools/bin/../lib/gcc/arm-atollic-eabi/6.3.1/../../../../arm-atollic-eabi/lib/armv7e-m/fpu\libc_nano.a(lib_a-isattyr.o)
                0x080045c0                _isatty_r
 .text._close   0x080045e0       0x10 c:/program files (x86)/atollic/truestudio for stm32 9.0.0/armtools/bin/../lib/gcc/arm-atollic-eabi/6.3.1/../../../../arm-atollic-eabi/lib/armv7e-m/fpu\libnosys.a(close.o)
                0x080045e0                _close
 .text._fstat   0x080045f0       0x10 c:/program files (x86)/atollic/truestudio for stm32 9.0.0/armtools/bin/../lib/gcc/arm-atollic-eabi/6.3.1/../../../../arm-atollic-eabi/lib/armv7e-m/fpu\libnosys.a(fstat.o)
                0x080045f0                _fstat
 .text._isatty  0x08004600       0x10 c:/program files (x86)/atollic/truestudio for stm32 9.0.0/armtools/bin/../lib/gcc/arm-atollic-eabi/6.3.1/../../../../arm-atollic-eabi/lib/armv7e-m/fpu\libnosys.a(isatty.o)
                0x08004600                _isatty
 .text._lseek   0x08004610       0x10 c:/program files (x86)/atollic/truestudio for stm32 9.0.0/armtools/bin/../lib/gcc/arm-atollic-eabi/6.3.1/../../../../arm-atollic-eabi/lib/armv7e-m/fpu\libnosys.a(lseek.o)
                0x08004610                _lseek
 .text._read    0x08004620       0x10 c:/program files (x86)/atollic/truestudio for stm32 9.0.0/armtools/bin/../lib/gcc/arm-atollic-eabi/6.3.1/../../../../arm-atollic-eabi/lib/armv7e-m/fpu\libnosys.a(read.o)
                0x08004620                _read
 .text._sbrk    0x08004630       0x1c c:/program files (x86)/atollic/truestudio for stm32 9.0.0/armtools/bin/../lib/gcc/arm-atollic-eabi/6.3.1/../../../../arm-atollic-eabi/lib/armv7e-m/fpu\libnosys.a(sbrk.o)
                0x08004630                _sbrk
 .text._write   0x0800464c       0x10 c:/program files (x86)/atollic/truestudio for stm32 9.0.0/armtools/bin/../lib/gcc/arm-atollic-eabi/6.3.1/../../../../arm-atollic-eabi/lib/armv7e-m/fpu\libnosys.a(write.o)
                0x0800464c                _write
 *(.glue_7)
 .glue_7        0x0800465c        0x0 linker stubs
 *(.glue_7t)
 .glue_7t       0x0800465c        0x0 linker stubs
 *(.eh_frame)
 .eh_frame      0x0800465c        0x0 c:/program files (x86)/atollic/truestudio for stm32 9.0.0/armtools/bin/../lib/gcc/arm-atollic-eabi/6.3.1/armv7e-m/fpu/crtbegin.o
 *(.init)
 .init          0x0800465c        0x4 c:/program files (x86)/atollic/truestudio for stm32 9.0.0/armtools/bin/../lib/gcc/arm-atollic-eabi/6.3.1/armv7e-m/fpu/crti.o
                0x0800465c                _init
 .init          0x08004660        0x8 c:/program files (x86)/atollic/truestudio for stm32 9.0.0/armtools/bin/../lib/gcc/arm-atollic-eabi/6.3.1/armv7e-m/fpu/crtn.o
 *(.fini)
 .fini          0x08004668        0x4 c:/program files (x86)/atollic/truestudio for stm32 9.0.0/armtools/bin/../lib/gcc/arm-atollic-eabi/6.3.1/armv7e-m/fpu/crti.o
                0x08004668                _fini
 .fini          0x0800466c        0x8 c:/program files (x86)/atollic/truestudio for stm32 9.0.0/armtools/bin/../lib/gcc/arm-atollic-eabi/6.3.1/armv7e-m/fpu/crtn.o
                0x08004674                . = ALIGN (0x4)
                0x08004674                _etext = .

.vfp11_veneer   0x08004674        0x0
 .vfp11_veneer  0x08004674        0x0 linker stubs

.v4_bx          0x08004674        0x0
 .v4_bx         0x08004674        0x0 linker stubs

.iplt           0x08004674        0x0
 .iplt          0x08004674        0x0 c:/program files (x86)/atollic/truestudio for stm32 9.0.0/armtools/bin/../lib/gcc/arm-atollic-eabi/6.3.1/armv7e-m/fpu/crtbegin.o

.rodata         0x08004674      0x160
                0x08004674                . = ALIGN (0x4)
 *(.rodata)
 *(.rodata*)
 .rodata.USBD_Init.str1.1
                0x08004674       0x1e Middlewares\USB_Device_Library\usbd_core.o
 .rodata.USBD_RegisterClass.str1.1
                0x08004692       0x15 Middlewares\USB_Device_Library\usbd_core.o
 .rodata.AHBPrescTable
                0x080046a7       0x10 Src\system_stm32f4xx.o
                0x080046a7                AHBPrescTable
 .rodata.APBPrescTable
                0x080046b7        0x8 Src\system_stm32f4xx.o
                0x080046b7                APBPrescTable
 .rodata.MX_TIM2_Init.str1.1
                0x080046bf        0xd Src\tim.o
 .rodata.MX_USART3_UART_Init.str1.1
                0x080046cc        0xf Src\usart.o
 .rodata.CSWTCH.39
                0x080046db        0x4 Src\usbd_conf.o
 .rodata.USBD_LL_Init.str1.1
                0x080046df       0x13 Src\usbd_conf.o
 .rodata.USBD_FS_ConfigStrDescriptor.str1.1
                0x080046f2       0x10 Src\usbd_desc.o
 .rodata.USBD_FS_InterfaceStrDescriptor.str1.1
                0x08004702       0x13 Src\usbd_desc.o
 .rodata.USBD_FS_ManufacturerStrDescriptor.str1.1
                0x08004715        0xc Src\usbd_desc.o
 .rodata.USBD_FS_ProductStrDescriptor.str1.1
                0x08004721        0xd Src\usbd_desc.o
 .rodata.USBD_FS_SerialStrDescriptor.str1.1
                0x0800472e        0xd Src\usbd_desc.o
 *fill*         0x0800473b        0x1 
 .rodata.__sf_fake_stderr
                0x0800473c       0x20 c:/program files (x86)/atollic/truestudio for stm32 9.0.0/armtools/bin/../lib/gcc/arm-atollic-eabi/6.3.1/../../../../arm-atollic-eabi/lib/armv7e-m/fpu\libc_nano.a(lib_a-findfp.o)
                0x0800473c                __sf_fake_stderr
 .rodata.__sf_fake_stdin
                0x0800475c       0x20 c:/program files (x86)/atollic/truestudio for stm32 9.0.0/armtools/bin/../lib/gcc/arm-atollic-eabi/6.3.1/../../../../arm-atollic-eabi/lib/armv7e-m/fpu\libc_nano.a(lib_a-findfp.o)
                0x0800475c                __sf_fake_stdin
 .rodata.__sf_fake_stdout
                0x0800477c       0x20 c:/program files (x86)/atollic/truestudio for stm32 9.0.0/armtools/bin/../lib/gcc/arm-atollic-eabi/6.3.1/../../../../arm-atollic-eabi/lib/armv7e-m/fpu\libc_nano.a(lib_a-findfp.o)
                0x0800477c                __sf_fake_stdout
 .rodata._global_impure_ptr
                0x0800479c        0x4 c:/program files (x86)/atollic/truestudio for stm32 9.0.0/armtools/bin/../lib/gcc/arm-atollic-eabi/6.3.1/../../../../arm-atollic-eabi/lib/armv7e-m/fpu\libc_nano.a(lib_a-impure.o)
                0x0800479c                _global_impure_ptr
 .rodata._vfprintf_r.str1.1
                0x080047a0       0x11 c:/program files (x86)/atollic/truestudio for stm32 9.0.0/armtools/bin/../lib/gcc/arm-atollic-eabi/6.3.1/../../../../arm-atollic-eabi/lib/armv7e-m/fpu\libc_nano.a(lib_a-nano-vfprintf.o)
 .rodata._printf_i.str1.1
                0x080047b1       0x22 c:/program files (x86)/atollic/truestudio for stm32 9.0.0/armtools/bin/../lib/gcc/arm-atollic-eabi/6.3.1/../../../../arm-atollic-eabi/lib/armv7e-m/fpu\libc_nano.a(lib_a-nano-vfprintf_i.o)
                0x080047d4                . = ALIGN (0x4)
 *fill*         0x080047d3        0x1 

.ARM.extab
 *(.ARM.extab* .gnu.linkonce.armextab.*)

.ARM            0x080047d4        0x8
                0x080047d4                __exidx_start = .
 *(.ARM.exidx*)
 .ARM.exidx     0x080047d4        0x8 c:/program files (x86)/atollic/truestudio for stm32 9.0.0/armtools/bin/../lib/gcc/arm-atollic-eabi/6.3.1/armv7e-m/fpu\libgcc.a(_udivmoddi4.o)
                0x080047dc                __exidx_end = .

.rel.dyn        0x080047dc        0x0
 .rel.iplt      0x080047dc        0x0 c:/program files (x86)/atollic/truestudio for stm32 9.0.0/armtools/bin/../lib/gcc/arm-atollic-eabi/6.3.1/armv7e-m/fpu/crtbegin.o

.preinit_array  0x080047dc        0x0
                0x080047dc                PROVIDE (__preinit_array_start, .)
 *(.preinit_array*)
                0x080047dc                PROVIDE (__preinit_array_end, .)

.init_array     0x080047dc        0x4
                0x080047dc                PROVIDE (__init_array_start, .)
 *(SORT(.init_array.*))
 *(.init_array*)
 .init_array    0x080047dc        0x4 c:/program files (x86)/atollic/truestudio for stm32 9.0.0/armtools/bin/../lib/gcc/arm-atollic-eabi/6.3.1/armv7e-m/fpu/crtbegin.o
                0x080047e0                PROVIDE (__init_array_end, .)

.fini_array     0x080047e0        0x4
                [!provide]                PROVIDE (__fini_array_start, .)
 *(SORT(.fini_array.*))
 *(.fini_array*)
 .fini_array    0x080047e0        0x4 c:/program files (x86)/atollic/truestudio for stm32 9.0.0/armtools/bin/../lib/gcc/arm-atollic-eabi/6.3.1/armv7e-m/fpu/crtbegin.o
                [!provide]                PROVIDE (__fini_array_end, .)
                0x080047e4                _sidata = LOADADDR (.data)

.data           0x20000000      0x184 load address 0x080047e4
                0x20000000                . = ALIGN (0x4)
                0x20000000                _sdata = .
 *(.data)
 *(.data*)
 .data.HID_CUSTOM_ReportDesc
                0x20000000       0x6a Middlewares\USB_Device_Library\usbd_hid.o
 *fill*         0x2000006a        0x2 
 .data.USBD_HID
                0x2000006c       0x38 Middlewares\USB_Device_Library\usbd_hid.o
                0x2000006c                USBD_HID
 .data.USBD_HID_CfgDesc
                0x200000a4       0x29 Middlewares\USB_Device_Library\usbd_hid.o
 *fill*         0x200000cd        0x3 
 .data.USBD_HID_Desc
                0x200000d0        0x9 Middlewares\USB_Device_Library\usbd_hid.o
 *fill*         0x200000d9        0x3 
 .data.USBD_HID_DeviceQualifierDesc
                0x200000dc        0xa Middlewares\USB_Device_Library\usbd_hid.o
 *fill*         0x200000e6        0x2 
 .data.SystemCoreClock
                0x200000e8        0x4 Src\system_stm32f4xx.o
                0x200000e8                SystemCoreClock
 .data.FS_Desc  0x200000ec       0x1c Src\usbd_desc.o
                0x200000ec                FS_Desc
 .data.USBD_FS_DeviceDesc
                0x20000108       0x12 Src\usbd_desc.o
                0x20000108                USBD_FS_DeviceDesc
 *fill*         0x2000011a        0x2 
 .data.USBD_LangIDDesc
                0x2000011c        0x4 Src\usbd_desc.o
                0x2000011c                USBD_LangIDDesc
 .data._impure_ptr
                0x20000120        0x4 c:/program files (x86)/atollic/truestudio for stm32 9.0.0/armtools/bin/../lib/gcc/arm-atollic-eabi/6.3.1/../../../../arm-atollic-eabi/lib/armv7e-m/fpu\libc_nano.a(lib_a-impure.o)
                0x20000120                _impure_ptr
 .data.impure_data
                0x20000124       0x60 c:/program files (x86)/atollic/truestudio for stm32 9.0.0/armtools/bin/../lib/gcc/arm-atollic-eabi/6.3.1/../../../../arm-atollic-eabi/lib/armv7e-m/fpu\libc_nano.a(lib_a-impure.o)
                0x20000184                . = ALIGN (0x4)
                0x20000184                _edata = .
                0x08004968                _siccmram = LOADADDR (.ccmram)

.igot.plt       0x20000184        0x0 load address 0x08004968
 .igot.plt      0x20000184        0x0 c:/program files (x86)/atollic/truestudio for stm32 9.0.0/armtools/bin/../lib/gcc/arm-atollic-eabi/6.3.1/armv7e-m/fpu/crtbegin.o

.ccmram         0x10000000        0x0 load address 0x08004968
                0x10000000                . = ALIGN (0x4)
                0x10000000                _sccmram = .
 *(.ccmram)
 *(.ccmram*)
                0x10000000                . = ALIGN (0x4)
                0x10000000                _eccmram = .
                0x10000000                . = ALIGN (0x4)

.bss            0x20000184      0xa68
                0x20000184                _sbss = .
                0x20000184                __bss_start__ = _sbss
 *(.bss)
 .bss           0x20000184       0x1c c:/program files (x86)/atollic/truestudio for stm32 9.0.0/armtools/bin/../lib/gcc/arm-atollic-eabi/6.3.1/armv7e-m/fpu/crtbegin.o
 *(.bss*)
 .bss.cfgidx.9904
                0x200001a0        0x1 Middlewares\USB_Device_Library\usbd_ctlreq.o
 .bss.rx_buf    0x200001a1      0x1a6 Middlewares\USB_Device_Library\usbd_hid.o
 *fill*         0x20000347        0x1 
 .bss.__malloc_free_list
                0x20000348        0x4 c:/program files (x86)/atollic/truestudio for stm32 9.0.0/armtools/bin/../lib/gcc/arm-atollic-eabi/6.3.1/../../../../arm-atollic-eabi/lib/armv7e-m/fpu\libc_nano.a(lib_a-nano-mallocr.o)
                0x20000348                __malloc_free_list
 .bss.__malloc_sbrk_start
                0x2000034c        0x4 c:/program files (x86)/atollic/truestudio for stm32 9.0.0/armtools/bin/../lib/gcc/arm-atollic-eabi/6.3.1/../../../../arm-atollic-eabi/lib/armv7e-m/fpu\libc_nano.a(lib_a-nano-mallocr.o)
                0x2000034c                __malloc_sbrk_start
 .bss.heap_end.5239
                0x20000350        0x4 c:/program files (x86)/atollic/truestudio for stm32 9.0.0/armtools/bin/../lib/gcc/arm-atollic-eabi/6.3.1/../../../../arm-atollic-eabi/lib/armv7e-m/fpu\libnosys.a(sbrk.o)
 *(COMMON)
 COMMON         0x20000354        0x4 Drivers\STM32F4xx_HAL_Driver\stm32f4xx_hal.o
                0x20000354                uwTick
 COMMON         0x20000358       0x3c Src\tim.o
                0x20000358                htim2
 COMMON         0x20000394       0x40 Src\usart.o
                0x20000394                huart3
 COMMON         0x200003d4      0x224 Src\usb_device.o
                0x200003d4                hUsbDeviceFS
 COMMON         0x200005f8      0x3f0 Src\usbd_conf.o
                0x200005f8                hpcd_USB_OTG_FS
 COMMON         0x200009e8      0x200 Src\usbd_desc.o
                0x200009e8                USBD_StrDesc
 COMMON         0x20000be8        0x4 c:/program files (x86)/atollic/truestudio for stm32 9.0.0/armtools/bin/../lib/gcc/arm-atollic-eabi/6.3.1/../../../../arm-atollic-eabi/lib/armv7e-m/fpu\libc_nano.a(lib_a-reent.o)
                0x20000be8                errno
                0x20000bec                . = ALIGN (0x4)
                0x20000bec                _ebss = .
                0x20000bec                __bss_end__ = _ebss

._user_heap_stack
                0x20000bec      0x600
                0x20000bec                . = ALIGN (0x4)
                0x20000bec                PROVIDE (end, .)
                [!provide]                PROVIDE (_end, .)
                0x20000dec                . = (. + _Min_Heap_Size)
 *fill*         0x20000bec      0x200 
                0x200011ec                . = (. + _Min_Stack_Size)
 *fill*         0x20000dec      0x400 
                0x200011ec                . = ALIGN (0x4)

/DISCARD/
 libc.a(*)
 libm.a(*)
 libgcc.a(*)

.ARM.attributes
                0x00000000       0x30
 *(.ARM.attributes)
 .ARM.attributes
                0x00000000       0x22 c:/program files (x86)/atollic/truestudio for stm32 9.0.0/armtools/bin/../lib/gcc/arm-atollic-eabi/6.3.1/armv7e-m/fpu/crti.o
 .ARM.attributes
                0x00000022       0x34 c:/program files (x86)/atollic/truestudio for stm32 9.0.0/armtools/bin/../lib/gcc/arm-atollic-eabi/6.3.1/armv7e-m/fpu/crtbegin.o
 .ARM.attributes
                0x00000056       0x39 Drivers\STM32F4xx_HAL_Driver\stm32f4xx_hal.o
 .ARM.attributes
                0x0000008f       0x39 Drivers\STM32F4xx_HAL_Driver\stm32f4xx_hal_cortex.o
 .ARM.attributes
                0x000000c8       0x39 Drivers\STM32F4xx_HAL_Driver\stm32f4xx_hal_gpio.o
 .ARM.attributes
                0x00000101       0x39 Drivers\STM32F4xx_HAL_Driver\stm32f4xx_hal_pcd.o
 .ARM.attributes
                0x0000013a       0x39 Drivers\STM32F4xx_HAL_Driver\stm32f4xx_hal_pcd_ex.o
 .ARM.attributes
                0x00000173       0x39 Drivers\STM32F4xx_HAL_Driver\stm32f4xx_hal_rcc.o
 .ARM.attributes
                0x000001ac       0x39 Drivers\STM32F4xx_HAL_Driver\stm32f4xx_hal_tim.o
 .ARM.attributes
                0x000001e5       0x39 Drivers\STM32F4xx_HAL_Driver\stm32f4xx_hal_tim_ex.o
 .ARM.attributes
                0x0000021e       0x39 Drivers\STM32F4xx_HAL_Driver\stm32f4xx_hal_uart.o
 .ARM.attributes
                0x00000257       0x39 Drivers\STM32F4xx_HAL_Driver\stm32f4xx_ll_usb.o
 .ARM.attributes
                0x00000290       0x39 Middlewares\USB_Device_Library\usbd_core.o
 .ARM.attributes
                0x000002c9       0x39 Middlewares\USB_Device_Library\usbd_ctlreq.o
 .ARM.attributes
                0x00000302       0x39 Middlewares\USB_Device_Library\usbd_hid.o
 .ARM.attributes
                0x0000033b       0x39 Middlewares\USB_Device_Library\usbd_ioreq.o
 .ARM.attributes
                0x00000374       0x39 Src\gpio.o
 .ARM.attributes
                0x000003ad       0x39 Src\main.o
 .ARM.attributes
                0x000003e6       0x39 Src\stm32f4xx_hal_msp.o
 .ARM.attributes
                0x0000041f       0x39 Src\stm32f4xx_it.o
 .ARM.attributes
                0x00000458       0x39 Src\system_stm32f4xx.o
 .ARM.attributes
                0x00000491       0x39 Src\tim.o
 .ARM.attributes
                0x000004ca       0x39 Src\usart.o
 .ARM.attributes
                0x00000503       0x39 Src\usb_device.o
 .ARM.attributes
                0x0000053c       0x39 Src\usbd_conf.o
 .ARM.attributes
                0x00000575       0x39 Src\usbd_desc.o
 .ARM.attributes
                0x000005ae       0x21 startup\startup_stm32f415xx.o
 .ARM.attributes
                0x000005cf       0x34 c:/program files (x86)/atollic/truestudio for stm32 9.0.0/armtools/bin/../lib/gcc/arm-atollic-eabi/6.3.1/../../../../arm-atollic-eabi/lib/armv7e-m/fpu\libc_nano.a(lib_a-init.o)
 .ARM.attributes
                0x00000603       0x34 c:/program files (x86)/atollic/truestudio for stm32 9.0.0/armtools/bin/../lib/gcc/arm-atollic-eabi/6.3.1/../../../../arm-atollic-eabi/lib/armv7e-m/fpu\libc_nano.a(lib_a-malloc.o)
 .ARM.attributes
                0x00000637       0x34 c:/program files (x86)/atollic/truestudio for stm32 9.0.0/armtools/bin/../lib/gcc/arm-atollic-eabi/6.3.1/../../../../arm-atollic-eabi/lib/armv7e-m/fpu\libc_nano.a(lib_a-nano-freer.o)
 .ARM.attributes
                0x0000066b       0x34 c:/program files (x86)/atollic/truestudio for stm32 9.0.0/armtools/bin/../lib/gcc/arm-atollic-eabi/6.3.1/../../../../arm-atollic-eabi/lib/armv7e-m/fpu\libc_nano.a(lib_a-nano-mallocr.o)
 .ARM.attributes
                0x0000069f       0x34 c:/program files (x86)/atollic/truestudio for stm32 9.0.0/armtools/bin/../lib/gcc/arm-atollic-eabi/6.3.1/../../../../arm-atollic-eabi/lib/armv7e-m/fpu\libc_nano.a(lib_a-printf.o)
 .ARM.attributes
                0x000006d3       0x34 c:/program files (x86)/atollic/truestudio for stm32 9.0.0/armtools/bin/../lib/gcc/arm-atollic-eabi/6.3.1/../../../../arm-atollic-eabi/lib/armv7e-m/fpu\libc_nano.a(lib_a-putchar.o)
 .ARM.attributes
                0x00000707       0x34 c:/program files (x86)/atollic/truestudio for stm32 9.0.0/armtools/bin/../lib/gcc/arm-atollic-eabi/6.3.1/../../../../arm-atollic-eabi/lib/armv7e-m/fpu\libc_nano.a(lib_a-sbrkr.o)
 .ARM.attributes
                0x0000073b       0x34 c:/program files (x86)/atollic/truestudio for stm32 9.0.0/armtools/bin/../lib/gcc/arm-atollic-eabi/6.3.1/../../../../arm-atollic-eabi/lib/armv7e-m/fpu\libc_nano.a(lib_a-findfp.o)
 .ARM.attributes
                0x0000076f       0x34 c:/program files (x86)/atollic/truestudio for stm32 9.0.0/armtools/bin/../lib/gcc/arm-atollic-eabi/6.3.1/../../../../arm-atollic-eabi/lib/armv7e-m/fpu\libc_nano.a(lib_a-fwalk.o)
 .ARM.attributes
                0x000007a3       0x34 c:/program files (x86)/atollic/truestudio for stm32 9.0.0/armtools/bin/../lib/gcc/arm-atollic-eabi/6.3.1/../../../../arm-atollic-eabi/lib/armv7e-m/fpu\libc_nano.a(lib_a-impure.o)
 .ARM.attributes
                0x000007d7       0x34 c:/program files (x86)/atollic/truestudio for stm32 9.0.0/armtools/bin/../lib/gcc/arm-atollic-eabi/6.3.1/../../../../arm-atollic-eabi/lib/armv7e-m/fpu\libc_nano.a(lib_a-memset.o)
 .ARM.attributes
                0x0000080b       0x34 c:/program files (x86)/atollic/truestudio for stm32 9.0.0/armtools/bin/../lib/gcc/arm-atollic-eabi/6.3.1/../../../../arm-atollic-eabi/lib/armv7e-m/fpu\libc_nano.a(lib_a-mlock.o)
 .ARM.attributes
                0x0000083f       0x34 c:/program files (x86)/atollic/truestudio for stm32 9.0.0/armtools/bin/../lib/gcc/arm-atollic-eabi/6.3.1/../../../../arm-atollic-eabi/lib/armv7e-m/fpu\libc_nano.a(lib_a-nano-vfprintf.o)
 .ARM.attributes
                0x00000873       0x34 c:/program files (x86)/atollic/truestudio for stm32 9.0.0/armtools/bin/../lib/gcc/arm-atollic-eabi/6.3.1/../../../../arm-atollic-eabi/lib/armv7e-m/fpu\libc_nano.a(lib_a-nano-vfprintf_i.o)
 .ARM.attributes
                0x000008a7       0x34 c:/program files (x86)/atollic/truestudio for stm32 9.0.0/armtools/bin/../lib/gcc/arm-atollic-eabi/6.3.1/../../../../arm-atollic-eabi/lib/armv7e-m/fpu\libc_nano.a(lib_a-putc.o)
 .ARM.attributes
                0x000008db       0x34 c:/program files (x86)/atollic/truestudio for stm32 9.0.0/armtools/bin/../lib/gcc/arm-atollic-eabi/6.3.1/../../../../arm-atollic-eabi/lib/armv7e-m/fpu\libc_nano.a(lib_a-reent.o)
 .ARM.attributes
                0x0000090f       0x34 c:/program files (x86)/atollic/truestudio for stm32 9.0.0/armtools/bin/../lib/gcc/arm-atollic-eabi/6.3.1/../../../../arm-atollic-eabi/lib/armv7e-m/fpu\libc_nano.a(lib_a-stdio.o)
 .ARM.attributes
                0x00000943       0x34 c:/program files (x86)/atollic/truestudio for stm32 9.0.0/armtools/bin/../lib/gcc/arm-atollic-eabi/6.3.1/../../../../arm-atollic-eabi/lib/armv7e-m/fpu\libc_nano.a(lib_a-wbuf.o)
 .ARM.attributes
                0x00000977       0x34 c:/program files (x86)/atollic/truestudio for stm32 9.0.0/armtools/bin/../lib/gcc/arm-atollic-eabi/6.3.1/../../../../arm-atollic-eabi/lib/armv7e-m/fpu\libc_nano.a(lib_a-writer.o)
 .ARM.attributes
                0x000009ab       0x34 c:/program files (x86)/atollic/truestudio for stm32 9.0.0/armtools/bin/../lib/gcc/arm-atollic-eabi/6.3.1/../../../../arm-atollic-eabi/lib/armv7e-m/fpu\libc_nano.a(lib_a-wsetup.o)
 .ARM.attributes
                0x000009df       0x34 c:/program files (x86)/atollic/truestudio for stm32 9.0.0/armtools/bin/../lib/gcc/arm-atollic-eabi/6.3.1/../../../../arm-atollic-eabi/lib/armv7e-m/fpu\libc_nano.a(lib_a-closer.o)
 .ARM.attributes
                0x00000a13       0x34 c:/program files (x86)/atollic/truestudio for stm32 9.0.0/armtools/bin/../lib/gcc/arm-atollic-eabi/6.3.1/../../../../arm-atollic-eabi/lib/armv7e-m/fpu\libc_nano.a(lib_a-fflush.o)
 .ARM.attributes
                0x00000a47       0x34 c:/program files (x86)/atollic/truestudio for stm32 9.0.0/armtools/bin/../lib/gcc/arm-atollic-eabi/6.3.1/../../../../arm-atollic-eabi/lib/armv7e-m/fpu\libc_nano.a(lib_a-lseekr.o)
 .ARM.attributes
                0x00000a7b       0x34 c:/program files (x86)/atollic/truestudio for stm32 9.0.0/armtools/bin/../lib/gcc/arm-atollic-eabi/6.3.1/../../../../arm-atollic-eabi/lib/armv7e-m/fpu\libc_nano.a(lib_a-makebuf.o)
 .ARM.attributes
                0x00000aaf       0x20 c:/program files (x86)/atollic/truestudio for stm32 9.0.0/armtools/bin/../lib/gcc/arm-atollic-eabi/6.3.1/../../../../arm-atollic-eabi/lib/armv7e-m/fpu\libc_nano.a(lib_a-memchr.o)
 .ARM.attributes
                0x00000acf       0x34 c:/program files (x86)/atollic/truestudio for stm32 9.0.0/armtools/bin/../lib/gcc/arm-atollic-eabi/6.3.1/../../../../arm-atollic-eabi/lib/armv7e-m/fpu\libc_nano.a(lib_a-readr.o)
 .ARM.attributes
                0x00000b03       0x34 c:/program files (x86)/atollic/truestudio for stm32 9.0.0/armtools/bin/../lib/gcc/arm-atollic-eabi/6.3.1/../../../../arm-atollic-eabi/lib/armv7e-m/fpu\libc_nano.a(lib_a-fstatr.o)
 .ARM.attributes
                0x00000b37       0x34 c:/program files (x86)/atollic/truestudio for stm32 9.0.0/armtools/bin/../lib/gcc/arm-atollic-eabi/6.3.1/../../../../arm-atollic-eabi/lib/armv7e-m/fpu\libc_nano.a(lib_a-isattyr.o)
 .ARM.attributes
                0x00000b6b       0x22 c:/program files (x86)/atollic/truestudio for stm32 9.0.0/armtools/bin/../lib/gcc/arm-atollic-eabi/6.3.1/armv7e-m/fpu\libgcc.a(_aeabi_uldivmod.o)
 .ARM.attributes
                0x00000b8d       0x34 c:/program files (x86)/atollic/truestudio for stm32 9.0.0/armtools/bin/../lib/gcc/arm-atollic-eabi/6.3.1/armv7e-m/fpu\libgcc.a(_udivmoddi4.o)
 .ARM.attributes
                0x00000bc1       0x22 c:/program files (x86)/atollic/truestudio for stm32 9.0.0/armtools/bin/../lib/gcc/arm-atollic-eabi/6.3.1/armv7e-m/fpu\libgcc.a(_dvmd_tls.o)
 .ARM.attributes
                0x00000be3       0x34 c:/program files (x86)/atollic/truestudio for stm32 9.0.0/armtools/bin/../lib/gcc/arm-atollic-eabi/6.3.1/../../../../arm-atollic-eabi/lib/armv7e-m/fpu\libnosys.a(close.o)
 .ARM.attributes
                0x00000c17       0x34 c:/program files (x86)/atollic/truestudio for stm32 9.0.0/armtools/bin/../lib/gcc/arm-atollic-eabi/6.3.1/../../../../arm-atollic-eabi/lib/armv7e-m/fpu\libnosys.a(fstat.o)
 .ARM.attributes
                0x00000c4b       0x34 c:/program files (x86)/atollic/truestudio for stm32 9.0.0/armtools/bin/../lib/gcc/arm-atollic-eabi/6.3.1/../../../../arm-atollic-eabi/lib/armv7e-m/fpu\libnosys.a(isatty.o)
 .ARM.attributes
                0x00000c7f       0x34 c:/program files (x86)/atollic/truestudio for stm32 9.0.0/armtools/bin/../lib/gcc/arm-atollic-eabi/6.3.1/../../../../arm-atollic-eabi/lib/armv7e-m/fpu\libnosys.a(lseek.o)
 .ARM.attributes
                0x00000cb3       0x34 c:/program files (x86)/atollic/truestudio for stm32 9.0.0/armtools/bin/../lib/gcc/arm-atollic-eabi/6.3.1/../../../../arm-atollic-eabi/lib/armv7e-m/fpu\libnosys.a(read.o)
 .ARM.attributes
                0x00000ce7       0x34 c:/program files (x86)/atollic/truestudio for stm32 9.0.0/armtools/bin/../lib/gcc/arm-atollic-eabi/6.3.1/../../../../arm-atollic-eabi/lib/armv7e-m/fpu\libnosys.a(sbrk.o)
 .ARM.attributes
                0x00000d1b       0x34 c:/program files (x86)/atollic/truestudio for stm32 9.0.0/armtools/bin/../lib/gcc/arm-atollic-eabi/6.3.1/../../../../arm-atollic-eabi/lib/armv7e-m/fpu\libnosys.a(write.o)
 .ARM.attributes
                0x00000d4f       0x22 c:/program files (x86)/atollic/truestudio for stm32 9.0.0/armtools/bin/../lib/gcc/arm-atollic-eabi/6.3.1/armv7e-m/fpu/crtn.o
OUTPUT(RGB_Keyboard.elf elf32-littlearm)

.debug_info     0x00000000    0x20f6e
 .debug_info    0x00000000     0x10f4 Drivers\STM32F4xx_HAL_Driver\stm32f4xx_hal.o
 .debug_info    0x000010f4     0x1738 Drivers\STM32F4xx_HAL_Driver\stm32f4xx_hal_cortex.o
 .debug_info    0x0000282c      0xf88 Drivers\STM32F4xx_HAL_Driver\stm32f4xx_hal_gpio.o
 .debug_info    0x000037b4     0x1c57 Drivers\STM32F4xx_HAL_Driver\stm32f4xx_hal_pcd.o
 .debug_info    0x0000540b      0xdc5 Drivers\STM32F4xx_HAL_Driver\stm32f4xx_hal_pcd_ex.o
 .debug_info    0x000061d0     0x123c Drivers\STM32F4xx_HAL_Driver\stm32f4xx_hal_rcc.o
 .debug_info    0x0000740c     0x3ba2 Drivers\STM32F4xx_HAL_Driver\stm32f4xx_hal_tim.o
 .debug_info    0x0000afae     0x19a5 Drivers\STM32F4xx_HAL_Driver\stm32f4xx_hal_tim_ex.o
 .debug_info    0x0000c953     0x1ea3 Drivers\STM32F4xx_HAL_Driver\stm32f4xx_hal_uart.o
 .debug_info    0x0000e7f6     0x1f59 Drivers\STM32F4xx_HAL_Driver\stm32f4xx_ll_usb.o
 .debug_info    0x0001074f     0x1500 Middlewares\USB_Device_Library\usbd_core.o
 .debug_info    0x00011c4f     0x1499 Middlewares\USB_Device_Library\usbd_ctlreq.o
 .debug_info    0x000130e8     0x123b Middlewares\USB_Device_Library\usbd_hid.o
 .debug_info    0x00014323      0xfc5 Middlewares\USB_Device_Library\usbd_ioreq.o
 .debug_info    0x000152e8      0xd12 Src\gpio.o
 .debug_info    0x00015ffa     0x1ea7 Src\main.o
 .debug_info    0x00017ea1      0xc55 Src\stm32f4xx_hal_msp.o
 .debug_info    0x00018af6     0x12a6 Src\stm32f4xx_it.o
 .debug_info    0x00019d9c      0xd1c Src\system_stm32f4xx.o
 .debug_info    0x0001aab8     0x14dd Src\tim.o
 .debug_info    0x0001bf95     0x117e Src\usart.o
 .debug_info    0x0001d113      0xdae Src\usb_device.o
 .debug_info    0x0001dec1     0x2291 Src\usbd_conf.o
 .debug_info    0x00020152      0xd77 Src\usbd_desc.o
 .debug_info    0x00020ec9       0xa5 startup\startup_stm32f415xx.o

.debug_abbrev   0x00000000     0x41ef
 .debug_abbrev  0x00000000      0x2cf Drivers\STM32F4xx_HAL_Driver\stm32f4xx_hal.o
 .debug_abbrev  0x000002cf      0x399 Drivers\STM32F4xx_HAL_Driver\stm32f4xx_hal_cortex.o
 .debug_abbrev  0x00000668      0x268 Drivers\STM32F4xx_HAL_Driver\stm32f4xx_hal_gpio.o
 .debug_abbrev  0x000008d0      0x397 Drivers\STM32F4xx_HAL_Driver\stm32f4xx_hal_pcd.o
 .debug_abbrev  0x00000c67      0x213 Drivers\STM32F4xx_HAL_Driver\stm32f4xx_hal_pcd_ex.o
 .debug_abbrev  0x00000e7a      0x348 Drivers\STM32F4xx_HAL_Driver\stm32f4xx_hal_rcc.o
 .debug_abbrev  0x000011c2      0x3ac Drivers\STM32F4xx_HAL_Driver\stm32f4xx_hal_tim.o
 .debug_abbrev  0x0000156e      0x300 Drivers\STM32F4xx_HAL_Driver\stm32f4xx_hal_tim_ex.o
 .debug_abbrev  0x0000186e      0x397 Drivers\STM32F4xx_HAL_Driver\stm32f4xx_hal_uart.o
 .debug_abbrev  0x00001c05      0x380 Drivers\STM32F4xx_HAL_Driver\stm32f4xx_ll_usb.o
 .debug_abbrev  0x00001f85      0x30c Middlewares\USB_Device_Library\usbd_core.o
 .debug_abbrev  0x00002291      0x3aa Middlewares\USB_Device_Library\usbd_ctlreq.o
 .debug_abbrev  0x0000263b      0x2ae Middlewares\USB_Device_Library\usbd_hid.o
 .debug_abbrev  0x000028e9      0x1da Middlewares\USB_Device_Library\usbd_ioreq.o
 .debug_abbrev  0x00002ac3      0x1f7 Src\gpio.o
 .debug_abbrev  0x00002cba      0x35b Src\main.o
 .debug_abbrev  0x00003015      0x1d3 Src\stm32f4xx_hal_msp.o
 .debug_abbrev  0x000031e8      0x25a Src\stm32f4xx_it.o
 .debug_abbrev  0x00003442      0x1ca Src\system_stm32f4xx.o
 .debug_abbrev  0x0000360c      0x24e Src\tim.o
 .debug_abbrev  0x0000385a      0x227 Src\usart.o
 .debug_abbrev  0x00003a81      0x1d7 Src\usb_device.o
 .debug_abbrev  0x00003c58      0x2e8 Src\usbd_conf.o
 .debug_abbrev  0x00003f40      0x29d Src\usbd_desc.o
 .debug_abbrev  0x000041dd       0x12 startup\startup_stm32f415xx.o

.debug_loc      0x00000000     0x9d1e
 .debug_loc     0x00000000       0x69 Drivers\STM32F4xx_HAL_Driver\stm32f4xx_hal.o
 .debug_loc     0x00000069      0x4fb Drivers\STM32F4xx_HAL_Driver\stm32f4xx_hal_cortex.o
 .debug_loc     0x00000564      0x3cd Drivers\STM32F4xx_HAL_Driver\stm32f4xx_hal_gpio.o
 .debug_loc     0x00000931      0xb60 Drivers\STM32F4xx_HAL_Driver\stm32f4xx_hal_pcd.o
 .debug_loc     0x00001491      0x10a Drivers\STM32F4xx_HAL_Driver\stm32f4xx_hal_pcd_ex.o
 .debug_loc     0x0000159b      0x2c7 Drivers\STM32F4xx_HAL_Driver\stm32f4xx_hal_rcc.o
 .debug_loc     0x00001862     0x30b2 Drivers\STM32F4xx_HAL_Driver\stm32f4xx_hal_tim.o
 .debug_loc     0x00004914      0x84a Drivers\STM32F4xx_HAL_Driver\stm32f4xx_hal_tim_ex.o
 .debug_loc     0x0000515e     0x132c Drivers\STM32F4xx_HAL_Driver\stm32f4xx_hal_uart.o
 .debug_loc     0x0000648a     0x1632 Drivers\STM32F4xx_HAL_Driver\stm32f4xx_ll_usb.o
 .debug_loc     0x00007abc      0x63b Middlewares\USB_Device_Library\usbd_core.o
 .debug_loc     0x000080f7      0x7cd Middlewares\USB_Device_Library\usbd_ctlreq.o
 .debug_loc     0x000088c4      0x450 Middlewares\USB_Device_Library\usbd_hid.o
 .debug_loc     0x00008d14      0x23c Middlewares\USB_Device_Library\usbd_ioreq.o
 .debug_loc     0x00008f50       0x76 Src\main.o
 .debug_loc     0x00008fc6      0x111 Src\system_stm32f4xx.o
 .debug_loc     0x000090d7       0x2c Src\tim.o
 .debug_loc     0x00009103       0x4d Src\usart.o
 .debug_loc     0x00009150      0x95b Src\usbd_conf.o
 .debug_loc     0x00009aab      0x273 Src\usbd_desc.o

.debug_aranges  0x00000000      0xe00
 .debug_aranges
                0x00000000       0xc0 Drivers\STM32F4xx_HAL_Driver\stm32f4xx_hal.o
 .debug_aranges
                0x000000c0       0xa8 Drivers\STM32F4xx_HAL_Driver\stm32f4xx_hal_cortex.o
 .debug_aranges
                0x00000168       0x58 Drivers\STM32F4xx_HAL_Driver\stm32f4xx_hal_gpio.o
 .debug_aranges
                0x000001c0       0xc0 Drivers\STM32F4xx_HAL_Driver\stm32f4xx_hal_pcd.o
 .debug_aranges
                0x00000280       0x28 Drivers\STM32F4xx_HAL_Driver\stm32f4xx_hal_pcd_ex.o
 .debug_aranges
                0x000002a8       0x88 Drivers\STM32F4xx_HAL_Driver\stm32f4xx_hal_rcc.o
 .debug_aranges
                0x00000330      0x250 Drivers\STM32F4xx_HAL_Driver\stm32f4xx_hal_tim.o
 .debug_aranges
                0x00000580       0xf0 Drivers\STM32F4xx_HAL_Driver\stm32f4xx_hal_tim_ex.o
 .debug_aranges
                0x00000670      0x170 Drivers\STM32F4xx_HAL_Driver\stm32f4xx_hal_uart.o
 .debug_aranges
                0x000007e0      0x178 Drivers\STM32F4xx_HAL_Driver\stm32f4xx_ll_usb.o
 .debug_aranges
                0x00000958       0xa8 Middlewares\USB_Device_Library\usbd_core.o
 .debug_aranges
                0x00000a00       0x50 Middlewares\USB_Device_Library\usbd_ctlreq.o
 .debug_aranges
                0x00000a50       0x60 Middlewares\USB_Device_Library\usbd_hid.o
 .debug_aranges
                0x00000ab0       0x50 Middlewares\USB_Device_Library\usbd_ioreq.o
 .debug_aranges
                0x00000b00       0x20 Src\gpio.o
 .debug_aranges
                0x00000b20       0x50 Src\main.o
 .debug_aranges
                0x00000b70       0x20 Src\stm32f4xx_hal_msp.o
 .debug_aranges
                0x00000b90       0x58 Src\stm32f4xx_it.o
 .debug_aranges
                0x00000be8       0x28 Src\system_stm32f4xx.o
 .debug_aranges
                0x00000c10       0x30 Src\tim.o
 .debug_aranges
                0x00000c40       0x30 Src\usart.o
 .debug_aranges
                0x00000c70       0x20 Src\usb_device.o
 .debug_aranges
                0x00000c90       0xf8 Src\usbd_conf.o
 .debug_aranges
                0x00000d88       0x50 Src\usbd_desc.o
 .debug_aranges
                0x00000dd8       0x28 startup\startup_stm32f415xx.o

.debug_ranges   0x00000000      0xfb8
 .debug_ranges  0x00000000       0xb0 Drivers\STM32F4xx_HAL_Driver\stm32f4xx_hal.o
 .debug_ranges  0x000000b0      0x138 Drivers\STM32F4xx_HAL_Driver\stm32f4xx_hal_cortex.o
 .debug_ranges  0x000001e8       0x68 Drivers\STM32F4xx_HAL_Driver\stm32f4xx_hal_gpio.o
 .debug_ranges  0x00000250       0xc8 Drivers\STM32F4xx_HAL_Driver\stm32f4xx_hal_pcd.o
 .debug_ranges  0x00000318       0x18 Drivers\STM32F4xx_HAL_Driver\stm32f4xx_hal_pcd_ex.o
 .debug_ranges  0x00000330       0xc8 Drivers\STM32F4xx_HAL_Driver\stm32f4xx_hal_rcc.o
 .debug_ranges  0x000003f8      0x330 Drivers\STM32F4xx_HAL_Driver\stm32f4xx_hal_tim.o
 .debug_ranges  0x00000728       0xe0 Drivers\STM32F4xx_HAL_Driver\stm32f4xx_hal_tim_ex.o
 .debug_ranges  0x00000808      0x178 Drivers\STM32F4xx_HAL_Driver\stm32f4xx_hal_uart.o
 .debug_ranges  0x00000980      0x180 Drivers\STM32F4xx_HAL_Driver\stm32f4xx_ll_usb.o
 .debug_ranges  0x00000b00       0x98 Middlewares\USB_Device_Library\usbd_core.o
 .debug_ranges  0x00000b98       0xc0 Middlewares\USB_Device_Library\usbd_ctlreq.o
 .debug_ranges  0x00000c58       0x50 Middlewares\USB_Device_Library\usbd_hid.o
 .debug_ranges  0x00000ca8       0x40 Middlewares\USB_Device_Library\usbd_ioreq.o
 .debug_ranges  0x00000ce8       0x40 Src\gpio.o
 .debug_ranges  0x00000d28       0x58 Src\main.o
 .debug_ranges  0x00000d80       0x10 Src\stm32f4xx_hal_msp.o
 .debug_ranges  0x00000d90       0x48 Src\stm32f4xx_it.o
 .debug_ranges  0x00000dd8       0x18 Src\system_stm32f4xx.o
 .debug_ranges  0x00000df0       0x20 Src\tim.o
 .debug_ranges  0x00000e10       0x38 Src\usart.o
 .debug_ranges  0x00000e48       0x10 Src\usb_device.o
 .debug_ranges  0x00000e58      0x100 Src\usbd_conf.o
 .debug_ranges  0x00000f58       0x40 Src\usbd_desc.o
 .debug_ranges  0x00000f98       0x20 startup\startup_stm32f415xx.o

.debug_line     0x00000000     0x9337
 .debug_line    0x00000000      0x51f Drivers\STM32F4xx_HAL_Driver\stm32f4xx_hal.o
 .debug_line    0x0000051f      0x5c0 Drivers\STM32F4xx_HAL_Driver\stm32f4xx_hal_cortex.o
 .debug_line    0x00000adf      0x55e Drivers\STM32F4xx_HAL_Driver\stm32f4xx_hal_gpio.o
 .debug_line    0x0000103d      0x82e Drivers\STM32F4xx_HAL_Driver\stm32f4xx_hal_pcd.o
 .debug_line    0x0000186b      0x3e3 Drivers\STM32F4xx_HAL_Driver\stm32f4xx_hal_pcd_ex.o
 .debug_line    0x00001c4e      0x662 Drivers\STM32F4xx_HAL_Driver\stm32f4xx_hal_rcc.o
 .debug_line    0x000022b0     0x1263 Drivers\STM32F4xx_HAL_Driver\stm32f4xx_hal_tim.o
 .debug_line    0x00003513      0x7af Drivers\STM32F4xx_HAL_Driver\stm32f4xx_hal_tim_ex.o
 .debug_line    0x00003cc2      0xcd3 Drivers\STM32F4xx_HAL_Driver\stm32f4xx_hal_uart.o
 .debug_line    0x00004995      0x9cf Drivers\STM32F4xx_HAL_Driver\stm32f4xx_ll_usb.o
 .debug_line    0x00005364      0x5ef Middlewares\USB_Device_Library\usbd_core.o
 .debug_line    0x00005953      0x558 Middlewares\USB_Device_Library\usbd_ctlreq.o
 .debug_line    0x00005eab      0x5f9 Middlewares\USB_Device_Library\usbd_hid.o
 .debug_line    0x000064a4      0x46e Middlewares\USB_Device_Library\usbd_ioreq.o
 .debug_line    0x00006912      0x336 Src\gpio.o
 .debug_line    0x00006c48      0x592 Src\main.o
 .debug_line    0x000071da      0x331 Src\stm32f4xx_hal_msp.o
 .debug_line    0x0000750b      0x41e Src\stm32f4xx_it.o
 .debug_line    0x00007929      0x2e1 Src\system_stm32f4xx.o
 .debug_line    0x00007c0a      0x3cf Src\tim.o
 .debug_line    0x00007fd9      0x3b5 Src\usart.o
 .debug_line    0x0000838e      0x434 Src\usb_device.o
 .debug_line    0x000087c2      0x6e6 Src\usbd_conf.o
 .debug_line    0x00008ea8      0x410 Src\usbd_desc.o
 .debug_line    0x000092b8       0x7f startup\startup_stm32f415xx.o

.debug_str      0x00000000     0x5318
 .debug_str     0x00000000      0xec1 Drivers\STM32F4xx_HAL_Driver\stm32f4xx_hal.o
                                0xf5b (size before relaxing)
 .debug_str     0x00000ec1      0x406 Drivers\STM32F4xx_HAL_Driver\stm32f4xx_hal_cortex.o
                               0x10e8 (size before relaxing)
 .debug_str     0x000012c7      0x214 Drivers\STM32F4xx_HAL_Driver\stm32f4xx_hal_gpio.o
                                0x9d0 (size before relaxing)
 .debug_str     0x000014db      0xa0b Drivers\STM32F4xx_HAL_Driver\stm32f4xx_hal_pcd.o
                               0x10d8 (size before relaxing)
 .debug_str     0x00001ee6       0xae Drivers\STM32F4xx_HAL_Driver\stm32f4xx_hal_pcd_ex.o
                                0xa5c (size before relaxing)
 .debug_str     0x00001f94      0x2f8 Drivers\STM32F4xx_HAL_Driver\stm32f4xx_hal_rcc.o
                                0xb8a (size before relaxing)
 .debug_str     0x0000228c     0x112c Drivers\STM32F4xx_HAL_Driver\stm32f4xx_hal_tim.o
                               0x1895 (size before relaxing)
 .debug_str     0x000033b8      0x549 Drivers\STM32F4xx_HAL_Driver\stm32f4xx_hal_tim_ex.o
                               0x1155 (size before relaxing)
 .debug_str     0x00003901      0x72e Drivers\STM32F4xx_HAL_Driver\stm32f4xx_hal_uart.o
                               0x10d2 (size before relaxing)
 .debug_str     0x0000402f      0x400 Drivers\STM32F4xx_HAL_Driver\stm32f4xx_ll_usb.o
                               0x1080 (size before relaxing)
 .debug_str     0x0000442f      0x64b Middlewares\USB_Device_Library\usbd_core.o
                                0xd4c (size before relaxing)
 .debug_str     0x00004a7a      0x172 Middlewares\USB_Device_Library\usbd_ctlreq.o
                                0xc45 (size before relaxing)
 .debug_str     0x00004bec      0x245 Middlewares\USB_Device_Library\usbd_hid.o
                                0xcbe (size before relaxing)
 .debug_str     0x00004e31       0xb5 Middlewares\USB_Device_Library\usbd_ioreq.o
                                0xb72 (size before relaxing)
 .debug_str     0x00004ee6       0x1b Src\gpio.o
                                0x82d (size before relaxing)
 .debug_str     0x00004f01      0x12c Src\main.o
                               0x195b (size before relaxing)
 .debug_str     0x0000502d       0x1b Src\stm32f4xx_hal_msp.o
                                0xb87 (size before relaxing)
 .debug_str     0x00005048       0xd8 Src\stm32f4xx_it.o
                                0xe5f (size before relaxing)
 .debug_str     0x00005120       0x45 Src\system_stm32f4xx.o
                                0x7f8 (size before relaxing)
 .debug_str     0x00005165       0x26 Src\tim.o
                               0x126b (size before relaxing)
 .debug_str     0x0000518b       0x1a Src\usart.o
                                0xc72 (size before relaxing)
 .debug_str     0x000051a5       0x14 Src\usb_device.o
                                0xa5b (size before relaxing)
 .debug_str     0x000051b9       0x51 Src\usbd_conf.o
                               0x1914 (size before relaxing)
 .debug_str     0x0000520a      0x10e Src\usbd_desc.o
                                0x8aa (size before relaxing)

.comment        0x00000000       0x7c
 .comment       0x00000000       0x7c Drivers\STM32F4xx_HAL_Driver\stm32f4xx_hal.o
                                 0x7d (size before relaxing)
 .comment       0x0000007c       0x7d Drivers\STM32F4xx_HAL_Driver\stm32f4xx_hal_cortex.o
 .comment       0x0000007c       0x7d Drivers\STM32F4xx_HAL_Driver\stm32f4xx_hal_gpio.o
 .comment       0x0000007c       0x7d Drivers\STM32F4xx_HAL_Driver\stm32f4xx_hal_pcd.o
 .comment       0x0000007c       0x7d Drivers\STM32F4xx_HAL_Driver\stm32f4xx_hal_pcd_ex.o
 .comment       0x0000007c       0x7d Drivers\STM32F4xx_HAL_Driver\stm32f4xx_hal_rcc.o
 .comment       0x0000007c       0x7d Drivers\STM32F4xx_HAL_Driver\stm32f4xx_hal_tim.o
 .comment       0x0000007c       0x7d Drivers\STM32F4xx_HAL_Driver\stm32f4xx_hal_tim_ex.o
 .comment       0x0000007c       0x7d Drivers\STM32F4xx_HAL_Driver\stm32f4xx_hal_uart.o
 .comment       0x0000007c       0x7d Drivers\STM32F4xx_HAL_Driver\stm32f4xx_ll_usb.o
 .comment       0x0000007c       0x7d Middlewares\USB_Device_Library\usbd_core.o
 .comment       0x0000007c       0x7d Middlewares\USB_Device_Library\usbd_ctlreq.o
 .comment       0x0000007c       0x7d Middlewares\USB_Device_Library\usbd_hid.o
 .comment       0x0000007c       0x7d Middlewares\USB_Device_Library\usbd_ioreq.o
 .comment       0x0000007c       0x7d Src\gpio.o
 .comment       0x0000007c       0x7d Src\main.o
 .comment       0x0000007c       0x7d Src\stm32f4xx_hal_msp.o
 .comment       0x0000007c       0x7d Src\stm32f4xx_it.o
 .comment       0x0000007c       0x7d Src\system_stm32f4xx.o
 .comment       0x0000007c       0x7d Src\tim.o
 .comment       0x0000007c       0x7d Src\usart.o
 .comment       0x0000007c       0x7d Src\usb_device.o
 .comment       0x0000007c       0x7d Src\usbd_conf.o
 .comment       0x0000007c       0x7d Src\usbd_desc.o

.debug_frame    0x00000000     0x2fbc
 .debug_frame   0x00000000      0x194 Drivers\STM32F4xx_HAL_Driver\stm32f4xx_hal.o
 .debug_frame   0x00000194      0x158 Drivers\STM32F4xx_HAL_Driver\stm32f4xx_hal_cortex.o
 .debug_frame   0x000002ec       0xd8 Drivers\STM32F4xx_HAL_Driver\stm32f4xx_hal_gpio.o
 .debug_frame   0x000003c4      0x2c4 Drivers\STM32F4xx_HAL_Driver\stm32f4xx_hal_pcd.o
 .debug_frame   0x00000688       0x3c Drivers\STM32F4xx_HAL_Driver\stm32f4xx_hal_pcd_ex.o
 .debug_frame   0x000006c4      0x138 Drivers\STM32F4xx_HAL_Driver\stm32f4xx_hal_rcc.o
 .debug_frame   0x000007fc      0x854 Drivers\STM32F4xx_HAL_Driver\stm32f4xx_hal_tim.o
 .debug_frame   0x00001050      0x330 Drivers\STM32F4xx_HAL_Driver\stm32f4xx_hal_tim_ex.o
 .debug_frame   0x00001380      0x4a0 Drivers\STM32F4xx_HAL_Driver\stm32f4xx_hal_uart.o
 .debug_frame   0x00001820      0x468 Drivers\STM32F4xx_HAL_Driver\stm32f4xx_ll_usb.o
 .debug_frame   0x00001c88      0x1c8 Middlewares\USB_Device_Library\usbd_core.o
 .debug_frame   0x00001e50       0xcc Middlewares\USB_Device_Library\usbd_ctlreq.o
 .debug_frame   0x00001f1c       0xcc Middlewares\USB_Device_Library\usbd_hid.o
 .debug_frame   0x00001fe8       0xb8 Middlewares\USB_Device_Library\usbd_ioreq.o
 .debug_frame   0x000020a0       0x34 Src\gpio.o
 .debug_frame   0x000020d4       0xa4 Src\main.o
 .debug_frame   0x00002178       0x2c Src\stm32f4xx_hal_msp.o
 .debug_frame   0x000021a4       0xcc Src\stm32f4xx_it.o
 .debug_frame   0x00002270       0x38 Src\system_stm32f4xx.o
 .debug_frame   0x000022a8       0x58 Src\tim.o
 .debug_frame   0x00002300       0x58 Src\usart.o
 .debug_frame   0x00002358       0x2c Src\usb_device.o
 .debug_frame   0x00002384      0x26c Src\usbd_conf.o
 .debug_frame   0x000025f0       0xa8 Src\usbd_desc.o
 .debug_frame   0x00002698       0x2c c:/program files (x86)/atollic/truestudio for stm32 9.0.0/armtools/bin/../lib/gcc/arm-atollic-eabi/6.3.1/../../../../arm-atollic-eabi/lib/armv7e-m/fpu\libc_nano.a(lib_a-init.o)
 .debug_frame   0x000026c4       0x30 c:/program files (x86)/atollic/truestudio for stm32 9.0.0/armtools/bin/../lib/gcc/arm-atollic-eabi/6.3.1/../../../../arm-atollic-eabi/lib/armv7e-m/fpu\libc_nano.a(lib_a-malloc.o)
 .debug_frame   0x000026f4       0x38 c:/program files (x86)/atollic/truestudio for stm32 9.0.0/armtools/bin/../lib/gcc/arm-atollic-eabi/6.3.1/../../../../arm-atollic-eabi/lib/armv7e-m/fpu\libc_nano.a(lib_a-nano-freer.o)
 .debug_frame   0x0000272c       0x2c c:/program files (x86)/atollic/truestudio for stm32 9.0.0/armtools/bin/../lib/gcc/arm-atollic-eabi/6.3.1/../../../../arm-atollic-eabi/lib/armv7e-m/fpu\libc_nano.a(lib_a-nano-mallocr.o)