Archive member included to satisfy reference by file (symbol)

e:/programme/truestudio for arm 8.1.0/armtools/bin/../lib/gcc/arm-atollic-eabi/6.3.1/../../../../arm-atollic-eabi/lib/armv7e-m/fpu\libc_nano.a(lib_a-init.o)
                              startup\startup_stm32f415xx.o (__libc_init_array)
e:/programme/truestudio for arm 8.1.0/armtools/bin/../lib/gcc/arm-atollic-eabi/6.3.1/../../../../arm-atollic-eabi/lib/armv7e-m/fpu\libc_nano.a(lib_a-malloc.o)
                              Middlewares\USB_Device_Library\usbd_hid.o (malloc)
e:/programme/truestudio for arm 8.1.0/armtools/bin/../lib/gcc/arm-atollic-eabi/6.3.1/../../../../arm-atollic-eabi/lib/armv7e-m/fpu\libc_nano.a(lib_a-nano-freer.o)
                              e:/programme/truestudio for arm 8.1.0/armtools/bin/../lib/gcc/arm-atollic-eabi/6.3.1/../../../../arm-atollic-eabi/lib/armv7e-m/fpu\libc_nano.a(lib_a-malloc.o) (_free_r)
e:/programme/truestudio for arm 8.1.0/armtools/bin/../lib/gcc/arm-atollic-eabi/6.3.1/../../../../arm-atollic-eabi/lib/armv7e-m/fpu\libc_nano.a(lib_a-nano-mallocr.o)
                              e:/programme/truestudio for arm 8.1.0/armtools/bin/../lib/gcc/arm-atollic-eabi/6.3.1/../../../../arm-atollic-eabi/lib/armv7e-m/fpu\libc_nano.a(lib_a-malloc.o) (_malloc_r)
e:/programme/truestudio for arm 8.1.0/armtools/bin/../lib/gcc/arm-atollic-eabi/6.3.1/../../../../arm-atollic-eabi/lib/armv7e-m/fpu\libc_nano.a(lib_a-printf.o)
                              Middlewares\USB_Device_Library\usbd_core.o (printf)
e:/programme/truestudio for arm 8.1.0/armtools/bin/../lib/gcc/arm-atollic-eabi/6.3.1/../../../../arm-atollic-eabi/lib/armv7e-m/fpu\libc_nano.a(lib_a-putchar.o)
                              Middlewares\USB_Device_Library\usbd_core.o (putchar)
e:/programme/truestudio for arm 8.1.0/armtools/bin/../lib/gcc/arm-atollic-eabi/6.3.1/../../../../arm-atollic-eabi/lib/armv7e-m/fpu\libc_nano.a(lib_a-sbrkr.o)
                              e:/programme/truestudio for arm 8.1.0/armtools/bin/../lib/gcc/arm-atollic-eabi/6.3.1/../../../../arm-atollic-eabi/lib/armv7e-m/fpu\libc_nano.a(lib_a-nano-mallocr.o) (_sbrk_r)
e:/programme/truestudio for arm 8.1.0/armtools/bin/../lib/gcc/arm-atollic-eabi/6.3.1/../../../../arm-atollic-eabi/lib/armv7e-m/fpu\libc_nano.a(lib_a-findfp.o)
                              e:/programme/truestudio for arm 8.1.0/armtools/bin/../lib/gcc/arm-atollic-eabi/6.3.1/../../../../arm-atollic-eabi/lib/armv7e-m/fpu\libc_nano.a(lib_a-printf.o) (__sinit)
e:/programme/truestudio for arm 8.1.0/armtools/bin/../lib/gcc/arm-atollic-eabi/6.3.1/../../../../arm-atollic-eabi/lib/armv7e-m/fpu\libc_nano.a(lib_a-fwalk.o)
                              e:/programme/truestudio for arm 8.1.0/armtools/bin/../lib/gcc/arm-atollic-eabi/6.3.1/../../../../arm-atollic-eabi/lib/armv7e-m/fpu\libc_nano.a(lib_a-findfp.o) (_fwalk)
e:/programme/truestudio for arm 8.1.0/armtools/bin/../lib/gcc/arm-atollic-eabi/6.3.1/../../../../arm-atollic-eabi/lib/armv7e-m/fpu\libc_nano.a(lib_a-impure.o)
                              e:/programme/truestudio for arm 8.1.0/armtools/bin/../lib/gcc/arm-atollic-eabi/6.3.1/../../../../arm-atollic-eabi/lib/armv7e-m/fpu\libc_nano.a(lib_a-findfp.o) (_global_impure_ptr)
e:/programme/truestudio for arm 8.1.0/armtools/bin/../lib/gcc/arm-atollic-eabi/6.3.1/../../../../arm-atollic-eabi/lib/armv7e-m/fpu\libc_nano.a(lib_a-memset.o)
                              e:/programme/truestudio for arm 8.1.0/armtools/bin/../lib/gcc/arm-atollic-eabi/6.3.1/../../../../arm-atollic-eabi/lib/armv7e-m/fpu\libc_nano.a(lib_a-findfp.o) (memset)
e:/programme/truestudio for arm 8.1.0/armtools/bin/../lib/gcc/arm-atollic-eabi/6.3.1/../../../../arm-atollic-eabi/lib/armv7e-m/fpu\libc_nano.a(lib_a-mlock.o)
                              e:/programme/truestudio for arm 8.1.0/armtools/bin/../lib/gcc/arm-atollic-eabi/6.3.1/../../../../arm-atollic-eabi/lib/armv7e-m/fpu\libc_nano.a(lib_a-nano-freer.o) (__malloc_lock)
e:/programme/truestudio for arm 8.1.0/armtools/bin/../lib/gcc/arm-atollic-eabi/6.3.1/../../../../arm-atollic-eabi/lib/armv7e-m/fpu\libc_nano.a(lib_a-nano-vfprintf.o)
                              e:/programme/truestudio for arm 8.1.0/armtools/bin/../lib/gcc/arm-atollic-eabi/6.3.1/../../../../arm-atollic-eabi/lib/armv7e-m/fpu\libc_nano.a(lib_a-printf.o) (_vfprintf_r)
e:/programme/truestudio for arm 8.1.0/armtools/bin/../lib/gcc/arm-atollic-eabi/6.3.1/../../../../arm-atollic-eabi/lib/armv7e-m/fpu\libc_nano.a(lib_a-nano-vfprintf_i.o)
                              e:/programme/truestudio for arm 8.1.0/armtools/bin/../lib/gcc/arm-atollic-eabi/6.3.1/../../../../arm-atollic-eabi/lib/armv7e-m/fpu\libc_nano.a(lib_a-nano-vfprintf.o) (_printf_i)
e:/programme/truestudio for arm 8.1.0/armtools/bin/../lib/gcc/arm-atollic-eabi/6.3.1/../../../../arm-atollic-eabi/lib/armv7e-m/fpu\libc_nano.a(lib_a-putc.o)
[...]
Memory Configuration

Name             Origin             Length             Attributes
RAM              0x20000000         0x00020000         xrw
CCMRAM           0x10000000         0x00010000         rw
FLASH            0x08000000         0x00100000         xr
*default*        0x00000000         0xffffffff

Linker script and memory map

LOAD e:/programme/truestudio for arm 8.1.0/armtools/bin/../lib/gcc/arm-atollic-eabi/6.3.1/armv7e-m/fpu/crti.o
LOAD e:/programme/truestudio for arm 8.1.0/armtools/bin/../lib/gcc/arm-atollic-eabi/6.3.1/armv7e-m/fpu/crtbegin.o
LOAD Drivers\STM32F4xx_HAL_Driver\stm32f4xx_hal.o
LOAD Drivers\STM32F4xx_HAL_Driver\stm32f4xx_hal_cortex.o
LOAD Drivers\STM32F4xx_HAL_Driver\stm32f4xx_hal_dma.o
LOAD Drivers\STM32F4xx_HAL_Driver\stm32f4xx_hal_dma_ex.o
LOAD Drivers\STM32F4xx_HAL_Driver\stm32f4xx_hal_flash.o
LOAD Drivers\STM32F4xx_HAL_Driver\stm32f4xx_hal_flash_ex.o
LOAD Drivers\STM32F4xx_HAL_Driver\stm32f4xx_hal_flash_ramfunc.o
LOAD Drivers\STM32F4xx_HAL_Driver\stm32f4xx_hal_gpio.o
LOAD Drivers\STM32F4xx_HAL_Driver\stm32f4xx_hal_pcd.o
LOAD Drivers\STM32F4xx_HAL_Driver\stm32f4xx_hal_pcd_ex.o
LOAD Drivers\STM32F4xx_HAL_Driver\stm32f4xx_hal_pwr.o
LOAD Drivers\STM32F4xx_HAL_Driver\stm32f4xx_hal_pwr_ex.o
LOAD Drivers\STM32F4xx_HAL_Driver\stm32f4xx_hal_rcc.o
LOAD Drivers\STM32F4xx_HAL_Driver\stm32f4xx_hal_rcc_ex.o
LOAD Drivers\STM32F4xx_HAL_Driver\stm32f4xx_hal_tim.o
LOAD Drivers\STM32F4xx_HAL_Driver\stm32f4xx_hal_tim_ex.o
LOAD Drivers\STM32F4xx_HAL_Driver\stm32f4xx_hal_uart.o
LOAD Drivers\STM32F4xx_HAL_Driver\stm32f4xx_ll_usb.o
LOAD Middlewares\USB_Device_Library\usbd_core.o
LOAD Middlewares\USB_Device_Library\usbd_ctlreq.o
LOAD Middlewares\USB_Device_Library\usbd_hid.o
LOAD Middlewares\USB_Device_Library\usbd_ioreq.o
LOAD Src\gpio.o
LOAD Src\main.o
LOAD Src\stm32f4xx_hal_msp.o
LOAD Src\stm32f4xx_it.o
LOAD Src\system_stm32f4xx.o
LOAD Src\tim.o
LOAD Src\usart.o
LOAD Src\usb_device.o
LOAD Src\usbd_conf.o
LOAD Src\usbd_desc.o
LOAD startup\startup_stm32f415xx.o
                0x00000080                malloc_getpagesize_P = 0x80
START GROUP
LOAD e:/programme/truestudio for arm 8.1.0/armtools/bin/../lib/gcc/arm-atollic-eabi/6.3.1/../../../../arm-atollic-eabi/lib/armv7e-m/fpu\libc_nano.a
LOAD e:/programme/truestudio for arm 8.1.0/armtools/bin/../lib/gcc/arm-atollic-eabi/6.3.1/../../../../arm-atollic-eabi/lib/armv7e-m/fpu\libm.a
END GROUP
START GROUP
LOAD e:/programme/truestudio for arm 8.1.0/armtools/bin/../lib/gcc/arm-atollic-eabi/6.3.1/armv7e-m/fpu\libgcc.a
LOAD e:/programme/truestudio for arm 8.1.0/armtools/bin/../lib/gcc/arm-atollic-eabi/6.3.1/../../../../arm-atollic-eabi/lib/armv7e-m/fpu\libc_nano.a
END GROUP
START GROUP
LOAD e:/programme/truestudio for arm 8.1.0/armtools/bin/../lib/gcc/arm-atollic-eabi/6.3.1/armv7e-m/fpu\libgcc.a
LOAD e:/programme/truestudio for arm 8.1.0/armtools/bin/../lib/gcc/arm-atollic-eabi/6.3.1/../../../../arm-atollic-eabi/lib/armv7e-m/fpu\libc_nano.a
LOAD e:/programme/truestudio for arm 8.1.0/armtools/bin/../lib/gcc/arm-atollic-eabi/6.3.1/../../../../arm-atollic-eabi/lib/armv7e-m/fpu\libnosys.a
END GROUP
START GROUP
LOAD e:/programme/truestudio for arm 8.1.0/armtools/bin/../lib/gcc/arm-atollic-eabi/6.3.1/armv7e-m/fpu\libgcc.a
LOAD e:/programme/truestudio for arm 8.1.0/armtools/bin/../lib/gcc/arm-atollic-eabi/6.3.1/../../../../arm-atollic-eabi/lib/armv7e-m/fpu\libc_nano.a
LOAD e:/programme/truestudio for arm 8.1.0/armtools/bin/../lib/gcc/arm-atollic-eabi/6.3.1/../../../../arm-atollic-eabi/lib/armv7e-m/fpu\libnosys.a
END GROUP
LOAD e:/programme/truestudio for arm 8.1.0/armtools/bin/../lib/gcc/arm-atollic-eabi/6.3.1/armv7e-m/fpu/crtend.o
LOAD e:/programme/truestudio for arm 8.1.0/armtools/bin/../lib/gcc/arm-atollic-eabi/6.3.1/armv7e-m/fpu/crtn.o
                0x20020000                _estack = 0x20020000
                0x00000200                _Min_Heap_Size = 0x200
                0x00000400                _Min_Stack_Size = 0x400

.isr_vector     0x08000000      0x188
                0x08000000                . = ALIGN (0x4)
 *(.isr_vector)
 .isr_vector    0x08000000      0x188 startup\startup_stm32f415xx.o
                0x08000000                g_pfnVectors
                0x08000188                . = ALIGN (0x4)

.text           0x08000190     0x40d4
                0x08000190                . = ALIGN (0x4)
 *(.text)
 .text          0x08000190       0x40 e:/programme/truestudio for arm 8.1.0/armtools/bin/../lib/gcc/arm-atollic-eabi/6.3.1/armv7e-m/fpu/crtbegin.o
 .text          0x080001d0       0xa0 e:/programme/truestudio for arm 8.1.0/armtools/bin/../lib/gcc/arm-atollic-eabi/6.3.1/../../../../arm-atollic-eabi/lib/armv7e-m/fpu\libc_nano.a(lib_a-memchr.o)
                0x080001d0                memchr
 .text          0x08000270       0x30 e:/programme/truestudio for arm 8.1.0/armtools/bin/../lib/gcc/arm-atollic-eabi/6.3.1/armv7e-m/fpu\libgcc.a(_aeabi_uldivmod.o)
                0x08000270                __aeabi_uldivmod
 .text          0x080002a0      0x2dc e:/programme/truestudio for arm 8.1.0/armtools/bin/../lib/gcc/arm-atollic-eabi/6.3.1/armv7e-m/fpu\libgcc.a(_udivmoddi4.o)
                0x080002a0                __udivmoddi4
 .text          0x0800057c        0x4 e:/programme/truestudio for arm 8.1.0/armtools/bin/../lib/gcc/arm-atollic-eabi/6.3.1/armv7e-m/fpu\libgcc.a(_dvmd_tls.o)
                0x0800057c                __aeabi_idiv0
                0x0800057c                __aeabi_ldiv0
 *(.text*)
 .text.HAL_InitTick
                0x08000580       0x28 Drivers\STM32F4xx_HAL_Driver\stm32f4xx_hal.o
                0x08000580                HAL_InitTick
 .text.HAL_Init
                0x080005a8       0x34 Drivers\STM32F4xx_HAL_Driver\stm32f4xx_hal.o
                0x080005a8                HAL_Init
 .text.HAL_IncTick
                0x080005dc       0x10 Drivers\STM32F4xx_HAL_Driver\stm32f4xx_hal.o
                0x080005dc                HAL_IncTick
 .text.HAL_GetTick
                0x080005ec        0xc Drivers\STM32F4xx_HAL_Driver\stm32f4xx_hal.o
                0x080005ec                HAL_GetTick
 .text.HAL_Delay
                0x080005f8       0x20 Drivers\STM32F4xx_HAL_Driver\stm32f4xx_hal.o
                0x080005f8                HAL_Delay
 .text.HAL_NVIC_SetPriorityGrouping
                0x08000618       0x24 Drivers\STM32F4xx_HAL_Driver\stm32f4xx_hal_cortex.o
                0x08000618                HAL_NVIC_SetPriorityGrouping
 .text.HAL_NVIC_SetPriority
                0x0800063c       0x68 Drivers\STM32F4xx_HAL_Driver\stm32f4xx_hal_cortex.o
                0x0800063c                HAL_NVIC_SetPriority
 .text.HAL_NVIC_EnableIRQ
                0x080006a4       0x18 Drivers\STM32F4xx_HAL_Driver\stm32f4xx_hal_cortex.o
                0x080006a4                HAL_NVIC_EnableIRQ
 .text.HAL_SYSTICK_Config
                0x080006bc       0x2c Drivers\STM32F4xx_HAL_Driver\stm32f4xx_hal_cortex.o
                0x080006bc                HAL_SYSTICK_Config
 .text.HAL_SYSTICK_CLKSourceConfig
                0x080006e8       0x18 Drivers\STM32F4xx_HAL_Driver\stm32f4xx_hal_cortex.o
                0x080006e8                HAL_SYSTICK_CLKSourceConfig
 .text.HAL_SYSTICK_Callback
                0x08000700        0x2 Drivers\STM32F4xx_HAL_Driver\stm32f4xx_hal_cortex.o
                0x08000700                HAL_SYSTICK_Callback
 .text.HAL_SYSTICK_IRQHandler
                0x08000702        0x8 Drivers\STM32F4xx_HAL_Driver\stm32f4xx_hal_cortex.o
                0x08000702                HAL_SYSTICK_IRQHandler
 *fill*         0x0800070a        0x2 
 .text.HAL_GPIO_Init
                0x0800070c      0x1c0 Drivers\STM32F4xx_HAL_Driver\stm32f4xx_hal_gpio.o
                0x0800070c                HAL_GPIO_Init
 .text.HAL_GPIO_WritePin
                0x080008cc        0xa Drivers\STM32F4xx_HAL_Driver\stm32f4xx_hal_gpio.o
                0x080008cc                HAL_GPIO_WritePin
 .text.HAL_PCD_Init
                0x080008d6       0xd8 Drivers\STM32F4xx_HAL_Driver\stm32f4xx_hal_pcd.o
                0x080008d6                HAL_PCD_Init
 .text.HAL_PCD_Start
                0x080009ae       0x2a Drivers\STM32F4xx_HAL_Driver\stm32f4xx_hal_pcd.o
                0x080009ae                HAL_PCD_Start
 .text.HAL_PCD_IRQHandler
                0x080009d8      0x558 Drivers\STM32F4xx_HAL_Driver\stm32f4xx_hal_pcd.o
                0x080009d8                HAL_PCD_IRQHandler
 .text.HAL_PCD_SetAddress
                0x08000f30       0x24 Drivers\STM32F4xx_HAL_Driver\stm32f4xx_hal_pcd.o
                0x08000f30                HAL_PCD_SetAddress
 .text.HAL_PCD_EP_Open
                0x08000f54       0x5c Drivers\STM32F4xx_HAL_Driver\stm32f4xx_hal_pcd.o
                0x08000f54                HAL_PCD_EP_Open
 .text.HAL_PCD_EP_Close
                0x08000fb0       0x46 Drivers\STM32F4xx_HAL_Driver\stm32f4xx_hal_pcd.o
                0x08000fb0                HAL_PCD_EP_Close
 .text.HAL_PCD_EP_Receive
                0x08000ff6       0x48 Drivers\STM32F4xx_HAL_Driver\stm32f4xx_hal_pcd.o
                0x08000ff6                HAL_PCD_EP_Receive
 .text.HAL_PCD_EP_Transmit
                0x0800103e       0x40 Drivers\STM32F4xx_HAL_Driver\stm32f4xx_hal_pcd.o
                0x0800103e                HAL_PCD_EP_Transmit
 .text.HAL_PCD_EP_SetStall
                0x0800107e       0x58 Drivers\STM32F4xx_HAL_Driver\stm32f4xx_hal_pcd.o
                0x0800107e                HAL_PCD_EP_SetStall
 .text.HAL_PCD_EP_ClrStall
                0x080010d6       0x4a Drivers\STM32F4xx_HAL_Driver\stm32f4xx_hal_pcd.o
                0x080010d6                HAL_PCD_EP_ClrStall
 .text.HAL_PCDEx_SetTxFiFo
                0x08001120       0x42 Drivers\STM32F4xx_HAL_Driver\stm32f4xx_hal_pcd_ex.o
                0x08001120                HAL_PCDEx_SetTxFiFo
 .text.HAL_PCDEx_SetRxFiFo
                0x08001162        0x8 Drivers\STM32F4xx_HAL_Driver\stm32f4xx_hal_pcd_ex.o
                0x08001162                HAL_PCDEx_SetRxFiFo
 *fill*         0x0800116a        0x2 
 .text.HAL_RCC_OscConfig
                0x0800116c      0x2ec Drivers\STM32F4xx_HAL_Driver\stm32f4xx_hal_rcc.o
                0x0800116c                HAL_RCC_OscConfig
 .text.HAL_RCC_GetSysClockFreq
                0x08001458       0x4c Drivers\STM32F4xx_HAL_Driver\stm32f4xx_hal_rcc.o
                0x08001458                HAL_RCC_GetSysClockFreq
 .text.HAL_RCC_ClockConfig
                0x080014a4      0x134 Drivers\STM32F4xx_HAL_Driver\stm32f4xx_hal_rcc.o
                0x080014a4                HAL_RCC_ClockConfig
 .text.HAL_RCC_GetHCLKFreq
                0x080015d8        0xc Drivers\STM32F4xx_HAL_Driver\stm32f4xx_hal_rcc.o
                0x080015d8                HAL_RCC_GetHCLKFreq
 .text.HAL_RCC_GetPCLK1Freq
                0x080015e4       0x20 Drivers\STM32F4xx_HAL_Driver\stm32f4xx_hal_rcc.o
                0x080015e4                HAL_RCC_GetPCLK1Freq
 .text.HAL_RCC_GetPCLK2Freq
                0x08001604       0x20 Drivers\STM32F4xx_HAL_Driver\stm32f4xx_hal_rcc.o
                0x08001604                HAL_RCC_GetPCLK2Freq
 .text.TIM_OC1_SetConfig
                0x08001624       0x58 Drivers\STM32F4xx_HAL_Driver\stm32f4xx_hal_tim.o
 .text.TIM_OC3_SetConfig
                0x0800167c       0x60 Drivers\STM32F4xx_HAL_Driver\stm32f4xx_hal_tim.o
 .text.TIM_OC4_SetConfig
                0x080016dc       0x50 Drivers\STM32F4xx_HAL_Driver\stm32f4xx_hal_tim.o
 .text.TIM_Base_SetConfig
                0x0800172c       0xc8 Drivers\STM32F4xx_HAL_Driver\stm32f4xx_hal_tim.o
                0x0800172c                TIM_Base_SetConfig
 .text.HAL_TIM_OC_Init
                0x080017f4       0x34 Drivers\STM32F4xx_HAL_Driver\stm32f4xx_hal_tim.o
                0x080017f4                HAL_TIM_OC_Init
 .text.TIM_OC2_SetConfig
                0x08001828       0x60 Drivers\STM32F4xx_HAL_Driver\stm32f4xx_hal_tim.o
                0x08001828                TIM_OC2_SetConfig
 .text.HAL_TIM_OC_ConfigChannel
                0x08001888       0x5c Drivers\STM32F4xx_HAL_Driver\stm32f4xx_hal_tim.o
                0x08001888                HAL_TIM_OC_ConfigChannel
 .text.HAL_TIMEx_MasterConfigSynchronization
                0x080018e4       0x44 Drivers\STM32F4xx_HAL_Driver\stm32f4xx_hal_tim_ex.o
                0x080018e4                HAL_TIMEx_MasterConfigSynchronization
 .text.UART_SetConfig
                0x08001928      0x234 Drivers\STM32F4xx_HAL_Driver\stm32f4xx_hal_uart.o
 .text.HAL_UART_Init
                0x08001b5c       0x5c Drivers\STM32F4xx_HAL_Driver\stm32f4xx_hal_uart.o
                0x08001b5c                HAL_UART_Init
 .text.USB_CoreInit
                0x08001bb8       0x74 Drivers\STM32F4xx_HAL_Driver\stm32f4xx_ll_usb.o
                0x08001bb8                USB_CoreInit
 .text.USB_EnableGlobalInt
                0x08001c2c        0xc Drivers\STM32F4xx_HAL_Driver\stm32f4xx_ll_usb.o
                0x08001c2c                USB_EnableGlobalInt
 .text.USB_DisableGlobalInt
                0x08001c38        0xc Drivers\STM32F4xx_HAL_Driver\stm32f4xx_ll_usb.o
                0x08001c38                USB_DisableGlobalInt
 .text.USB_SetCurrentMode
                0x08001c44       0x2e Drivers\STM32F4xx_HAL_Driver\stm32f4xx_ll_usb.o
                0x08001c44                USB_SetCurrentMode
 *fill*         0x08001c72        0x2 
 .text.USB_DevInit
                0x08001c74      0x138 Drivers\STM32F4xx_HAL_Driver\stm32f4xx_ll_usb.o
                0x08001c74                USB_DevInit
 .text.USB_FlushTxFifo
                0x08001dac       0x24 Drivers\STM32F4xx_HAL_Driver\stm32f4xx_ll_usb.o
                0x08001dac                USB_FlushTxFifo
 .text.USB_FlushRxFifo
                0x08001dd0       0x20 Drivers\STM32F4xx_HAL_Driver\stm32f4xx_ll_usb.o
                0x08001dd0                USB_FlushRxFifo
 .text.USB_SetDevSpeed
                0x08001df0        0xe Drivers\STM32F4xx_HAL_Driver\stm32f4xx_ll_usb.o
                0x08001df0                USB_SetDevSpeed
 .text.USB_GetDevSpeed
                0x08001dfe       0x36 Drivers\STM32F4xx_HAL_Driver\stm32f4xx_ll_usb.o
                0x08001dfe                USB_GetDevSpeed
 .text.USB_ActivateEndpoint
                0x08001e34       0x7e Drivers\STM32F4xx_HAL_Driver\stm32f4xx_ll_usb.o
                0x08001e34                USB_ActivateEndpoint
 .text.USB_DeactivateEndpoint
                0x08001eb2        0x4 Drivers\STM32F4xx_HAL_Driver\stm32f4xx_ll_usb.o
                0x08001eb2                USB_DeactivateEndpoint
 *fill*         0x08001eb6        0x2 
 .text.USB_DeactivateDedicatedEndpoint
                0x08001eb8       0xb0 Drivers\STM32F4xx_HAL_Driver\stm32f4xx_ll_usb.o
                0x08001eb8                USB_DeactivateDedicatedEndpoint
 .text.USB_EPStartXfer
                0x08001f68      0x18c Drivers\STM32F4xx_HAL_Driver\stm32f4xx_ll_usb.o
                0x08001f68                USB_EPStartXfer
 .text.USB_EP0StartXfer
                0x080020f4       0xda Drivers\STM32F4xx_HAL_Driver\stm32f4xx_ll_usb.o
                0x080020f4                USB_EP0StartXfer
 .text.USB_WritePacket
                0x080021ce       0x28 Drivers\STM32F4xx_HAL_Driver\stm32f4xx_ll_usb.o
                0x080021ce                USB_WritePacket
 .text.USB_ReadPacket
                0x080021f6       0x1c Drivers\STM32F4xx_HAL_Driver\stm32f4xx_ll_usb.o
                0x080021f6                USB_ReadPacket
 .text.USB_EPSetStall
                0x08002212       0x3e Drivers\STM32F4xx_HAL_Driver\stm32f4xx_ll_usb.o
                0x08002212                USB_EPSetStall
 .text.USB_EPClearStall
                0x08002250       0x32 Drivers\STM32F4xx_HAL_Driver\stm32f4xx_ll_usb.o
                0x08002250                USB_EPClearStall
 .text.USB_SetDevAddress
                0x08002282       0x20 Drivers\STM32F4xx_HAL_Driver\stm32f4xx_ll_usb.o
                0x08002282                USB_SetDevAddress
 .text.USB_DevConnect
                0x080022a2       0x18 Drivers\STM32F4xx_HAL_Driver\stm32f4xx_ll_usb.o
                0x080022a2                USB_DevConnect
 .text.USB_DevDisconnect
                0x080022ba       0x18 Drivers\STM32F4xx_HAL_Driver\stm32f4xx_ll_usb.o
                0x080022ba                USB_DevDisconnect
 .text.USB_ReadInterrupts
                0x080022d2        0x8 Drivers\STM32F4xx_HAL_Driver\stm32f4xx_ll_usb.o
                0x080022d2                USB_ReadInterrupts
 .text.USB_ReadDevAllOutEpInterrupt
                0x080022da       0x10 Drivers\STM32F4xx_HAL_Driver\stm32f4xx_ll_usb.o
                0x080022da                USB_ReadDevAllOutEpInterrupt
 .text.USB_ReadDevAllInEpInterrupt
                0x080022ea       0x10 Drivers\STM32F4xx_HAL_Driver\stm32f4xx_ll_usb.o
                0x080022ea                USB_ReadDevAllInEpInterrupt
 .text.USB_ReadDevOutEPInterrupt
                0x080022fa       0x14 Drivers\STM32F4xx_HAL_Driver\stm32f4xx_ll_usb.o
                0x080022fa                USB_ReadDevOutEPInterrupt
 .text.USB_ReadDevInEPInterrupt
                0x0800230e       0x20 Drivers\STM32F4xx_HAL_Driver\stm32f4xx_ll_usb.o
                0x0800230e                USB_ReadDevInEPInterrupt
 .text.USB_GetMode
                0x0800232e        0x8 Drivers\STM32F4xx_HAL_Driver\stm32f4xx_ll_usb.o
                0x0800232e                USB_GetMode
 .text.USB_ActivateSetup
                0x08002336       0x36 Drivers\STM32F4xx_HAL_Driver\stm32f4xx_ll_usb.o
                0x08002336                USB_ActivateSetup
 .text.USB_EP0_OutStart
                0x0800236c       0x46 Drivers\STM32F4xx_HAL_Driver\stm32f4xx_ll_usb.o
                0x0800236c                USB_EP0_OutStart
 *fill*         0x080023b2        0x2 
 .text.USB_CoreReset
                0x080023b4       0x30 Drivers\STM32F4xx_HAL_Driver\stm32f4xx_ll_usb.o
 .text.USBD_Init
                0x080023e4       0x44 Middlewares\USB_Device_Library\usbd_core.o
                0x080023e4                USBD_Init
 .text.USBD_RegisterClass
                0x08002428       0x2c Middlewares\USB_Device_Library\usbd_core.o
                0x08002428                USBD_RegisterClass
 .text.USBD_Start
                0x08002454        0xa Middlewares\USB_Device_Library\usbd_core.o
                0x08002454                USBD_Start
 .text.USBD_SetClassConfig
                0x0800245e       0x16 Middlewares\USB_Device_Library\usbd_core.o
                0x0800245e                USBD_SetClassConfig
 .text.USBD_ClrClassConfig
                0x08002474        0xe Middlewares\USB_Device_Library\usbd_core.o
                0x08002474                USBD_ClrClassConfig
 .text.USBD_LL_SetupStage
                0x08002482       0x5a Middlewares\USB_Device_Library\usbd_core.o
                0x08002482                USBD_LL_SetupStage
 .text.USBD_LL_DataOutStage
                0x080024dc       0x64 Middlewares\USB_Device_Library\usbd_core.o
                0x080024dc                USBD_LL_DataOutStage
 .text.USBD_LL_DataInStage
                0x08002540       0x9e Middlewares\USB_Device_Library\usbd_core.o
                0x08002540                USBD_LL_DataInStage
 .text.USBD_LL_Reset
                0x080025de       0x3e Middlewares\USB_Device_Library\usbd_core.o
                0x080025de                USBD_LL_Reset
 .text.USBD_LL_SetSpeed
                0x0800261c        0x6 Middlewares\USB_Device_Library\usbd_core.o
                0x0800261c                USBD_LL_SetSpeed
 .text.USBD_LL_Suspend
                0x08002622       0x12 Middlewares\USB_Device_Library\usbd_core.o
                0x08002622                USBD_LL_Suspend
 .text.USBD_LL_Resume
                0x08002634        0xc Middlewares\USB_Device_Library\usbd_core.o
                0x08002634                USBD_LL_Resume
 .text.USBD_LL_SOF
                0x08002640       0x18 Middlewares\USB_Device_Library\usbd_core.o
                0x08002640                USBD_LL_SOF
 .text.USBD_LL_IsoINIncomplete
                0x08002658        0x4 Middlewares\USB_Device_Library\usbd_core.o
                0x08002658                USBD_LL_IsoINIncomplete
 .text.USBD_LL_IsoOUTIncomplete
                0x0800265c        0x4 Middlewares\USB_Device_Library\usbd_core.o
                0x0800265c                USBD_LL_IsoOUTIncomplete
 .text.USBD_LL_DevConnected
                0x08002660        0x4 Middlewares\USB_Device_Library\usbd_core.o
                0x08002660                USBD_LL_DevConnected
 .text.USBD_LL_DevDisconnected
                0x08002664       0x16 Middlewares\USB_Device_Library\usbd_core.o
                0x08002664                USBD_LL_DevDisconnected
 .text.USBD_CtlError.constprop.0
                0x0800267a       0x16 Middlewares\USB_Device_Library\usbd_ctlreq.o
 .text.USBD_StdDevReq
                0x08002690      0x1f4 Middlewares\USB_Device_Library\usbd_ctlreq.o
                0x08002690                USBD_StdDevReq
 .text.USBD_StdItfReq
                0x08002884       0x30 Middlewares\USB_Device_Library\usbd_ctlreq.o
                0x08002884                USBD_StdItfReq
 .text.USBD_StdEPReq
                0x080028b4       0xc6 Middlewares\USB_Device_Library\usbd_ctlreq.o
                0x080028b4                USBD_StdEPReq
 .text.USBD_ParseSetupRequest
                0x0800297a       0x28 Middlewares\USB_Device_Library\usbd_ctlreq.o
                0x0800297a                USBD_ParseSetupRequest
 .text.USBD_CtlError
                0x080029a2       0x16 Middlewares\USB_Device_Library\usbd_ctlreq.o
                0x080029a2                USBD_CtlError
 .text.USBD_GetString
                0x080029b8       0x38 Middlewares\USB_Device_Library\usbd_ctlreq.o
                0x080029b8                USBD_GetString
 .text.USBD_HID_GetCfgDesc
                0x080029f0        0xc Middlewares\USB_Device_Library\usbd_hid.o
 .text.USBD_HID_DataIn
                0x080029fc        0xa Middlewares\USB_Device_Library\usbd_hid.o
 *fill*         0x08002a06        0x2 
 .text.USBD_HID_GetDeviceQualifierDesc
                0x08002a08        0xc Middlewares\USB_Device_Library\usbd_hid.o
 .text.USBD_HID_Setup
                0x08002a14       0xac Middlewares\USB_Device_Library\usbd_hid.o
 .text.USBD_HID_DeInit
                0x08002ac0       0x1e Middlewares\USB_Device_Library\usbd_hid.o
 .text.USBD_HID_Init
                0x08002ade       0x32 Middlewares\USB_Device_Library\usbd_hid.o
 .text.USBD_CtlSendData
                0x08002b10       0x1a Middlewares\USB_Device_Library\usbd_ioreq.o
                0x08002b10                USBD_CtlSendData
 .text.USBD_CtlContinueSendData
                0x08002b2a       0x10 Middlewares\USB_Device_Library\usbd_ioreq.o
                0x08002b2a                USBD_CtlContinueSendData
 .text.USBD_CtlContinueRx
                0x08002b3a       0x10 Middlewares\USB_Device_Library\usbd_ioreq.o
                0x08002b3a                USBD_CtlContinueRx
 .text.USBD_CtlSendStatus
                0x08002b4a       0x16 Middlewares\USB_Device_Library\usbd_ioreq.o
                0x08002b4a                USBD_CtlSendStatus
 .text.USBD_CtlReceiveStatus
                0x08002b60       0x16 Middlewares\USB_Device_Library\usbd_ioreq.o
                0x08002b60                USBD_CtlReceiveStatus
 *fill*         0x08002b76        0x2 
 .text.MX_GPIO_Init
                0x08002b78       0x88 Src\gpio.o
                0x08002b78                MX_GPIO_Init
 .text.SystemClock_Config
                0x08002c00       0xb0 Src\main.o
                0x08002c00                SystemClock_Config
 .text.startup.main
                0x08002cb0       0x64 Src\main.o
                0x08002cb0                main
 .text._Error_Handler
                0x08002d14        0x2 Src\main.o
                0x08002d14                _Error_Handler
 .text.HAL_MspInit
                0x08002d16       0x60 Src\stm32f4xx_hal_msp.o
                0x08002d16                HAL_MspInit
 .text.NMI_Handler
                0x08002d76        0x2 Src\stm32f4xx_it.o
                0x08002d76                NMI_Handler
 .text.HardFault_Handler
                0x08002d78        0x2 Src\stm32f4xx_it.o
                0x08002d78                HardFault_Handler
 .text.MemManage_Handler
                0x08002d7a        0x2 Src\stm32f4xx_it.o
                0x08002d7a                MemManage_Handler
 .text.BusFault_Handler
                0x08002d7c        0x2 Src\stm32f4xx_it.o
                0x08002d7c                BusFault_Handler
 .text.UsageFault_Handler
                0x08002d7e        0x2 Src\stm32f4xx_it.o
                0x08002d7e                UsageFault_Handler
 .text.SVC_Handler
                0x08002d80        0x2 Src\stm32f4xx_it.o
                0x08002d80                SVC_Handler
 .text.DebugMon_Handler
                0x08002d82        0x2 Src\stm32f4xx_it.o
                0x08002d82                DebugMon_Handler
 .text.PendSV_Handler
                0x08002d84        0x2 Src\stm32f4xx_it.o
                0x08002d84                PendSV_Handler
 .text.SysTick_Handler
                0x08002d86        0xe Src\stm32f4xx_it.o
                0x08002d86                SysTick_Handler
 .text.OTG_FS_IRQHandler
                0x08002d94        0xc Src\stm32f4xx_it.o
                0x08002d94                OTG_FS_IRQHandler
 .text.SystemInit
                0x08002da0       0x4c Src\system_stm32f4xx.o
                0x08002da0                SystemInit
 .text.MX_TIM2_Init
                0x08002dec       0x64 Src\tim.o
                0x08002dec                MX_TIM2_Init
 .text.HAL_TIM_OC_MspInit
                0x08002e50       0x2c Src\tim.o
                0x08002e50                HAL_TIM_OC_MspInit
 .text.MX_USART3_UART_Init
                0x08002e7c       0x40 Src\usart.o
                0x08002e7c                MX_USART3_UART_Init
 .text.HAL_UART_MspInit
                0x08002ebc       0x54 Src\usart.o
                0x08002ebc                HAL_UART_MspInit
 .text.MX_USB_DEVICE_Init
                0x08002f10       0x2c Src\usb_device.o
                0x08002f10                MX_USB_DEVICE_Init
 .text.HAL_PCD_MspInit
                0x08002f3c       0x78 Src\usbd_conf.o
                0x08002f3c                HAL_PCD_MspInit
 .text.HAL_PCD_SetupStageCallback
                0x08002fb4        0xc Src\usbd_conf.o
                0x08002fb4                HAL_PCD_SetupStageCallback
 .text.HAL_PCD_DataOutStageCallback
                0x08002fc0       0x12 Src\usbd_conf.o
                0x08002fc0                HAL_PCD_DataOutStageCallback
 .text.HAL_PCD_DataInStageCallback
                0x08002fd2       0x10 Src\usbd_conf.o
                0x08002fd2                HAL_PCD_DataInStageCallback
 .text.HAL_PCD_SOFCallback
                0x08002fe2        0x8 Src\usbd_conf.o
                0x08002fe2                HAL_PCD_SOFCallback
 .text.HAL_PCD_ResetCallback
                0x08002fea       0x20 Src\usbd_conf.o
                0x08002fea                HAL_PCD_ResetCallback
 *fill*         0x0800300a        0x2 
 .text.HAL_PCD_SuspendCallback
                0x0800300c       0x30 Src\usbd_conf.o
                0x0800300c                HAL_PCD_SuspendCallback
 .text.HAL_PCD_ResumeCallback
                0x0800303c        0x8 Src\usbd_conf.o
                0x0800303c                HAL_PCD_ResumeCallback
 .text.HAL_PCD_ISOOUTIncompleteCallback
                0x08003044        0x8 Src\usbd_conf.o
                0x08003044                HAL_PCD_ISOOUTIncompleteCallback
 .text.HAL_PCD_ISOINIncompleteCallback
                0x0800304c        0x8 Src\usbd_conf.o
                0x0800304c                HAL_PCD_ISOINIncompleteCallback
 .text.HAL_PCD_ConnectCallback
                0x08003054        0x8 Src\usbd_conf.o
                0x08003054                HAL_PCD_ConnectCallback
 .text.HAL_PCD_DisconnectCallback
                0x0800305c        0x8 Src\usbd_conf.o
                0x0800305c                HAL_PCD_DisconnectCallback
 .text.USBD_LL_Init
                0x08003064       0x6c Src\usbd_conf.o
                0x08003064                USBD_LL_Init
 .text.USBD_LL_Start
                0x080030d0       0x1c Src\usbd_conf.o
                0x080030d0                USBD_LL_Start
 .text.USBD_LL_OpenEP
                0x080030ec       0x20 Src\usbd_conf.o
                0x080030ec                USBD_LL_OpenEP
 .text.USBD_LL_CloseEP
                0x0800310c       0x1c Src\usbd_conf.o
                0x0800310c                USBD_LL_CloseEP
 .text.USBD_LL_StallEP
                0x08003128       0x1c Src\usbd_conf.o
                0x08003128                USBD_LL_StallEP
 .text.USBD_LL_ClearStallEP
                0x08003144       0x1c Src\usbd_conf.o
                0x08003144                USBD_LL_ClearStallEP
 .text.USBD_LL_IsStallEP
                0x08003160       0x26 Src\usbd_conf.o
                0x08003160                USBD_LL_IsStallEP
 *fill*         0x08003186        0x2 
 .text.USBD_LL_SetUSBAddress
                0x08003188       0x1c Src\usbd_conf.o
                0x08003188                USBD_LL_SetUSBAddress
 .text.USBD_LL_Transmit
                0x080031a4       0x1c Src\usbd_conf.o
                0x080031a4                USBD_LL_Transmit
 .text.USBD_LL_PrepareReceive
                0x080031c0       0x1c Src\usbd_conf.o
                0x080031c0                USBD_LL_PrepareReceive
 .text.USBD_FS_DeviceDescriptor
                0x080031dc        0xc Src\usbd_desc.o
                0x080031dc                USBD_FS_DeviceDescriptor
 .text.USBD_FS_LangIDStrDescriptor
                0x080031e8        0xc Src\usbd_desc.o
                0x080031e8                USBD_FS_LangIDStrDescriptor
 .text.USBD_FS_ManufacturerStrDescriptor
                0x080031f4       0x1c Src\usbd_desc.o
                0x080031f4                USBD_FS_ManufacturerStrDescriptor
 .text.USBD_FS_ProductStrDescriptor
                0x08003210       0x1c Src\usbd_desc.o
                0x08003210                USBD_FS_ProductStrDescriptor
 .text.USBD_FS_SerialStrDescriptor
                0x0800322c       0x1c Src\usbd_desc.o
                0x0800322c                USBD_FS_SerialStrDescriptor
 .text.USBD_FS_ConfigStrDescriptor
                0x08003248       0x1c Src\usbd_desc.o
                0x08003248                USBD_FS_ConfigStrDescriptor
 .text.USBD_FS_InterfaceStrDescriptor
                0x08003264       0x1c Src\usbd_desc.o
                0x08003264                USBD_FS_InterfaceStrDescriptor
 .text.Reset_Handler
                0x08003280       0x50 startup\startup_stm32f415xx.o
                0x08003280                Reset_Handler
 .text.Default_Handler
                0x080032d0        0x2 startup\startup_stm32f415xx.o
                0x080032d0                RTC_Alarm_IRQHandler
                0x080032d0                HASH_RNG_IRQHandler
                0x080032d0                EXTI2_IRQHandler
                0x080032d0                TIM8_CC_IRQHandler
                0x080032d0                TIM1_CC_IRQHandler
                0x080032d0                DMA2_Stream5_IRQHandler
                0x080032d0                DMA1_Stream5_IRQHandler
                0x080032d0                PVD_IRQHandler
                0x080032d0                SDIO_IRQHandler
                0x080032d0                TAMP_STAMP_IRQHandler
                0x080032d0                CAN2_RX1_IRQHandler
                0x080032d0                EXTI3_IRQHandler
                0x080032d0                TIM8_TRG_COM_TIM14_IRQHandler
                0x080032d0                TIM1_UP_TIM10_IRQHandler
                0x080032d0                TIM8_UP_TIM13_IRQHandler
                0x080032d0                I2C3_ER_IRQHandler
                0x080032d0                EXTI0_IRQHandler
                0x080032d0                I2C2_EV_IRQHandler
                0x080032d0                DMA1_Stream2_IRQHandler
                0x080032d0                CAN1_RX0_IRQHandler
                0x080032d0                FPU_IRQHandler
                0x080032d0                OTG_HS_WKUP_IRQHandler
                0x080032d0                CAN2_SCE_IRQHandler
                0x080032d0                DMA2_Stream2_IRQHandler
                0x080032d0                SPI1_IRQHandler
                0x080032d0                TIM6_DAC_IRQHandler
                0x080032d0                TIM1_BRK_TIM9_IRQHandler
                0x080032d0                CAN2_RX0_IRQHandler
                0x080032d0                DMA2_Stream3_IRQHandler
                0x080032d0                USART6_IRQHandler
                0x080032d0                USART3_IRQHandler
                0x080032d0                CRYP_IRQHandler
                0x080032d0                CAN1_RX1_IRQHandler
                0x080032d0                UART5_IRQHandler
                0x080032d0                DMA2_Stream0_IRQHandler
                0x080032d0                TIM4_IRQHandler
                0x080032d0                I2C1_EV_IRQHandler
                0x080032d0                DMA1_Stream6_IRQHandler
                0x080032d0                DMA1_Stream1_IRQHandler
                0x080032d0                UART4_IRQHandler
                0x080032d0                TIM3_IRQHandler
                0x080032d0                RCC_IRQHandler
                0x080032d0                TIM8_BRK_TIM12_IRQHandler
                0x080032d0                Default_Handler
                0x080032d0                EXTI15_10_IRQHandler
                0x080032d0                ADC_IRQHandler
                0x080032d0                DMA1_Stream7_IRQHandler
                0x080032d0                TIM7_IRQHandler
                0x080032d0                CAN2_TX_IRQHandler
                0x080032d0                TIM5_IRQHandler
                0x080032d0                DMA2_Stream7_IRQHandler
                0x080032d0                I2C3_EV_IRQHandler
                0x080032d0                EXTI9_5_IRQHandler
                0x080032d0                RTC_WKUP_IRQHandler
                0x080032d0                SPI2_IRQHandler
                0x080032d0                OTG_HS_EP1_IN_IRQHandler
                0x080032d0                DMA1_Stream0_IRQHandler
                0x080032d0                CAN1_TX_IRQHandler
                0x080032d0                EXTI4_IRQHandler
                0x080032d0                FSMC_IRQHandler
                0x080032d0                OTG_HS_EP1_OUT_IRQHandler
                0x080032d0                WWDG_IRQHandler
                0x080032d0                TIM2_IRQHandler
                0x080032d0                OTG_FS_WKUP_IRQHandler
                0x080032d0                TIM1_TRG_COM_TIM11_IRQHandler
                0x080032d0                OTG_HS_IRQHandler
                0x080032d0                EXTI1_IRQHandler
                0x080032d0                USART2_IRQHandler
                0x080032d0                I2C2_ER_IRQHandler
                0x080032d0                DMA2_Stream1_IRQHandler
                0x080032d0                CAN1_SCE_IRQHandler
                0x080032d0                FLASH_IRQHandler
                0x080032d0                DMA2_Stream4_IRQHandler
                0x080032d0                USART1_IRQHandler
                0x080032d0                SPI3_IRQHandler
                0x080032d0                DMA1_Stream4_IRQHandler
                0x080032d0                I2C1_ER_IRQHandler
                0x080032d0                DMA2_Stream6_IRQHandler
                0x080032d0                DMA1_Stream3_IRQHandler
 *fill*         0x080032d2        0x2 
 .text.__libc_init_array
                0x080032d4       0x48 e:/programme/truestudio for arm 8.1.0/armtools/bin/../lib/gcc/arm-atollic-eabi/6.3.1/../../../../arm-atollic-eabi/lib/armv7e-m/fpu\libc_nano.a(lib_a-init.o)
                0x080032d4                __libc_init_array
 .text.malloc   0x0800331c       0x10 e:/programme/truestudio for arm 8.1.0/armtools/bin/../lib/gcc/arm-atollic-eabi/6.3.1/../../../../arm-atollic-eabi/lib/armv7e-m/fpu\libc_nano.a(lib_a-malloc.o)
                0x0800331c                malloc
 .text.free     0x0800332c       0x10 e:/programme/truestudio for arm 8.1.0/armtools/bin/../lib/gcc/arm-atollic-eabi/6.3.1/../../../../arm-atollic-eabi/lib/armv7e-m/fpu\libc_nano.a(lib_a-malloc.o)
                0x0800332c                free
 .text._free_r  0x0800333c       0x9c e:/programme/truestudio for arm 8.1.0/armtools/bin/../lib/gcc/arm-atollic-eabi/6.3.1/../../../../arm-atollic-eabi/lib/armv7e-m/fpu\libc_nano.a(lib_a-nano-freer.o)
                0x0800333c                _free_r
 .text._malloc_r
                0x080033d8       0xbc e:/programme/truestudio for arm 8.1.0/armtools/bin/../lib/gcc/arm-atollic-eabi/6.3.1/../../../../arm-atollic-eabi/lib/armv7e-m/fpu\libc_nano.a(lib_a-nano-mallocr.o)
                0x080033d8                _malloc_r
 .text.printf   0x08003494       0x30 e:/programme/truestudio for arm 8.1.0/armtools/bin/../lib/gcc/arm-atollic-eabi/6.3.1/../../../../arm-atollic-eabi/lib/armv7e-m/fpu\libc_nano.a(lib_a-printf.o)
                0x08003494                iprintf
                0x08003494                printf
 .text.putchar  0x080034c4       0x28 e:/programme/truestudio for arm 8.1.0/armtools/bin/../lib/gcc/arm-atollic-eabi/6.3.1/../../../../arm-atollic-eabi/lib/armv7e-m/fpu\libc_nano.a(lib_a-putchar.o)
                0x080034c4                putchar
 .text._sbrk_r  0x080034ec       0x20 e:/programme/truestudio for arm 8.1.0/armtools/bin/../lib/gcc/arm-atollic-eabi/6.3.1/../../../../arm-atollic-eabi/lib/armv7e-m/fpu\libc_nano.a(lib_a-sbrkr.o)
                0x080034ec                _sbrk_r
 .text._cleanup_r
                0x0800350c        0xc e:/programme/truestudio for arm 8.1.0/armtools/bin/../lib/gcc/arm-atollic-eabi/6.3.1/../../../../arm-atollic-eabi/lib/armv7e-m/fpu\libc_nano.a(lib_a-findfp.o)
                0x0800350c                _cleanup_r
 .text.std.isra.0
                0x08003518       0x48 e:/programme/truestudio for arm 8.1.0/armtools/bin/../lib/gcc/arm-atollic-eabi/6.3.1/../../../../arm-atollic-eabi/lib/armv7e-m/fpu\libc_nano.a(lib_a-findfp.o)
 .text.__sfmoreglue
                0x08003560       0x2c e:/programme/truestudio for arm 8.1.0/armtools/bin/../lib/gcc/arm-atollic-eabi/6.3.1/../../../../arm-atollic-eabi/lib/armv7e-m/fpu\libc_nano.a(lib_a-findfp.o)
                0x08003560                __sfmoreglue
 .text.__sinit  0x0800358c       0x60 e:/programme/truestudio for arm 8.1.0/armtools/bin/../lib/gcc/arm-atollic-eabi/6.3.1/../../../../arm-atollic-eabi/lib/armv7e-m/fpu\libc_nano.a(lib_a-findfp.o)
                0x0800358c                __sinit
 .text.__sfp    0x080035ec       0x78 e:/programme/truestudio for arm 8.1.0/armtools/bin/../lib/gcc/arm-atollic-eabi/6.3.1/../../../../arm-atollic-eabi/lib/armv7e-m/fpu\libc_nano.a(lib_a-findfp.o)
                0x080035ec                __sfp
 .text._fwalk_reent
                0x08003664       0x3c e:/programme/truestudio for arm 8.1.0/armtools/bin/../lib/gcc/arm-atollic-eabi/6.3.1/../../../../arm-atollic-eabi/lib/armv7e-m/fpu\libc_nano.a(lib_a-fwalk.o)
                0x08003664                _fwalk_reent
 .text.memset   0x080036a0       0x10 e:/programme/truestudio for arm 8.1.0/armtools/bin/../lib/gcc/arm-atollic-eabi/6.3.1/../../../../arm-atollic-eabi/lib/armv7e-m/fpu\libc_nano.a(lib_a-memset.o)
                0x080036a0                memset
 .text.__malloc_lock
                0x080036b0        0x2 e:/programme/truestudio for arm 8.1.0/armtools/bin/../lib/gcc/arm-atollic-eabi/6.3.1/../../../../arm-atollic-eabi/lib/armv7e-m/fpu\libc_nano.a(lib_a-mlock.o)
                0x080036b0                __malloc_lock
 .text.__malloc_unlock
                0x080036b2        0x2 e:/programme/truestudio for arm 8.1.0/armtools/bin/../lib/gcc/arm-atollic-eabi/6.3.1/../../../../arm-atollic-eabi/lib/armv7e-m/fpu\libc_nano.a(lib_a-mlock.o)
                0x080036b2                __malloc_unlock
 .text.__sfputc_r
                0x080036b4       0x30 e:/programme/truestudio for arm 8.1.0/armtools/bin/../lib/gcc/arm-atollic-eabi/6.3.1/../../../../arm-atollic-eabi/lib/armv7e-m/fpu\libc_nano.a(lib_a-nano-vfprintf.o)
 .text.__sfputs_r
                0x080036e4       0x24 e:/programme/truestudio for arm 8.1.0/armtools/bin/../lib/gcc/arm-atollic-eabi/6.3.1/../../../../arm-atollic-eabi/lib/armv7e-m/fpu\libc_nano.a(lib_a-nano-vfprintf.o)
                0x080036e4                __sfputs_r
 .text._vfprintf_r
                0x08003708      0x22c e:/programme/truestudio for arm 8.1.0/armtools/bin/../lib/gcc/arm-atollic-eabi/6.3.1/../../../../arm-atollic-eabi/lib/armv7e-m/fpu\libc_nano.a(lib_a-nano-vfprintf.o)
                0x08003708                _vfprintf_r
                0x08003708                _vfiprintf_r
 .text._printf_common
                0x08003934       0xec e:/programme/truestudio for arm 8.1.0/armtools/bin/../lib/gcc/arm-atollic-eabi/6.3.1/../../../../arm-atollic-eabi/lib/armv7e-m/fpu\libc_nano.a(lib_a-nano-vfprintf_i.o)
                0x08003934                _printf_common
 .text._printf_i
                0x08003a20      0x240 e:/programme/truestudio for arm 8.1.0/armtools/bin/../lib/gcc/arm-atollic-eabi/6.3.1/../../../../arm-atollic-eabi/lib/armv7e-m/fpu\libc_nano.a(lib_a-nano-vfprintf_i.o)
                0x08003a20                _printf_i
 .text._putc_r  0x08003c60       0x6c e:/programme/truestudio for arm 8.1.0/armtools/bin/../lib/gcc/arm-atollic-eabi/6.3.1/../../../../arm-atollic-eabi/lib/armv7e-m/fpu\libc_nano.a(lib_a-putc.o)
                0x08003c60                _putc_r
 .text.__sread  0x08003ccc       0x22 e:/programme/truestudio for arm 8.1.0/armtools/bin/../lib/gcc/arm-atollic-eabi/6.3.1/../../../../arm-atollic-eabi/lib/armv7e-m/fpu\libc_nano.a(lib_a-stdio.o)
                0x08003ccc                __sread
 .text.__swrite
                0x08003cee       0x38 e:/programme/truestudio for arm 8.1.0/armtools/bin/../lib/gcc/arm-atollic-eabi/6.3.1/../../../../arm-atollic-eabi/lib/armv7e-m/fpu\libc_nano.a(lib_a-stdio.o)
                0x08003cee                __swrite
 .text.__sseek  0x08003d26       0x24 e:/programme/truestudio for arm 8.1.0/armtools/bin/../lib/gcc/arm-atollic-eabi/6.3.1/../../../../arm-atollic-eabi/lib/armv7e-m/fpu\libc_nano.a(lib_a-stdio.o)
                0x08003d26                __sseek
 .text.__sclose
                0x08003d4a        0x8 e:/programme/truestudio for arm 8.1.0/armtools/bin/../lib/gcc/arm-atollic-eabi/6.3.1/../../../../arm-atollic-eabi/lib/armv7e-m/fpu\libc_nano.a(lib_a-stdio.o)
                0x08003d4a                __sclose
 *fill*         0x08003d52        0x2 
 .text.__swbuf_r
                0x08003d54       0xa4 e:/programme/truestudio for arm 8.1.0/armtools/bin/../lib/gcc/arm-atollic-eabi/6.3.1/../../../../arm-atollic-eabi/lib/armv7e-m/fpu\libc_nano.a(lib_a-wbuf.o)
                0x08003d54                __swbuf_r
 .text._write_r
                0x08003df8       0x24 e:/programme/truestudio for arm 8.1.0/armtools/bin/../lib/gcc/arm-atollic-eabi/6.3.1/../../../../arm-atollic-eabi/lib/armv7e-m/fpu\libc_nano.a(lib_a-writer.o)
                0x08003df8                _write_r
 .text.__swsetup_r
                0x08003e1c       0xdc e:/programme/truestudio for arm 8.1.0/armtools/bin/../lib/gcc/arm-atollic-eabi/6.3.1/../../../../arm-atollic-eabi/lib/armv7e-m/fpu\libc_nano.a(lib_a-wsetup.o)
                0x08003e1c                __swsetup_r
 .text._close_r
                0x08003ef8       0x20 e:/programme/truestudio for arm 8.1.0/armtools/bin/../lib/gcc/arm-atollic-eabi/6.3.1/../../../../arm-atollic-eabi/lib/armv7e-m/fpu\libc_nano.a(lib_a-closer.o)
                0x08003ef8                _close_r
 .text.__sflush_r
                0x08003f18      0x110 e:/programme/truestudio for arm 8.1.0/armtools/bin/../lib/gcc/arm-atollic-eabi/6.3.1/../../../../arm-atollic-eabi/lib/armv7e-m/fpu\libc_nano.a(lib_a-fflush.o)
                0x08003f18                __sflush_r
 .text._fflush_r
                0x08004028       0x54 e:/programme/truestudio for arm 8.1.0/armtools/bin/../lib/gcc/arm-atollic-eabi/6.3.1/../../../../arm-atollic-eabi/lib/armv7e-m/fpu\libc_nano.a(lib_a-fflush.o)
                0x08004028                _fflush_r
 .text._lseek_r
                0x0800407c       0x24 e:/programme/truestudio for arm 8.1.0/armtools/bin/../lib/gcc/arm-atollic-eabi/6.3.1/../../../../arm-atollic-eabi/lib/armv7e-m/fpu\libc_nano.a(lib_a-lseekr.o)
                0x0800407c                _lseek_r
 .text.__swhatbuf_r
                0x080040a0       0x48 e:/programme/truestudio for arm 8.1.0/armtools/bin/../lib/gcc/arm-atollic-eabi/6.3.1/../../../../arm-atollic-eabi/lib/armv7e-m/fpu\libc_nano.a(lib_a-makebuf.o)
                0x080040a0                __swhatbuf_r
 .text.__smakebuf_r
                0x080040e8       0x80 e:/programme/truestudio for arm 8.1.0/armtools/bin/../lib/gcc/arm-atollic-eabi/6.3.1/../../../../arm-atollic-eabi/lib/armv7e-m/fpu\libc_nano.a(lib_a-makebuf.o)
                0x080040e8                __smakebuf_r
 .text._read_r  0x08004168       0x24 e:/programme/truestudio for arm 8.1.0/armtools/bin/../lib/gcc/arm-atollic-eabi/6.3.1/../../../../arm-atollic-eabi/lib/armv7e-m/fpu\libc_nano.a(lib_a-readr.o)
                0x08004168                _read_r
 .text._fstat_r
                0x0800418c       0x24 e:/programme/truestudio for arm 8.1.0/armtools/bin/../lib/gcc/arm-atollic-eabi/6.3.1/../../../../arm-atollic-eabi/lib/armv7e-m/fpu\libc_nano.a(lib_a-fstatr.o)
                0x0800418c                _fstat_r
 .text._isatty_r
                0x080041b0       0x20 e:/programme/truestudio for arm 8.1.0/armtools/bin/../lib/gcc/arm-atollic-eabi/6.3.1/../../../../arm-atollic-eabi/lib/armv7e-m/fpu\libc_nano.a(lib_a-isattyr.o)
                0x080041b0                _isatty_r
 .text._close   0x080041d0       0x10 e:/programme/truestudio for arm 8.1.0/armtools/bin/../lib/gcc/arm-atollic-eabi/6.3.1/../../../../arm-atollic-eabi/lib/armv7e-m/fpu\libnosys.a(close.o)
                0x080041d0                _close
 .text._fstat   0x080041e0       0x10 e:/programme/truestudio for arm 8.1.0/armtools/bin/../lib/gcc/arm-atollic-eabi/6.3.1/../../../../arm-atollic-eabi/lib/armv7e-m/fpu\libnosys.a(fstat.o)
                0x080041e0                _fstat
 .text._isatty  0x080041f0       0x10 e:/programme/truestudio for arm 8.1.0/armtools/bin/../lib/gcc/arm-atollic-eabi/6.3.1/../../../../arm-atollic-eabi/lib/armv7e-m/fpu\libnosys.a(isatty.o)
                0x080041f0                _isatty
 .text._lseek   0x08004200       0x10 e:/programme/truestudio for arm 8.1.0/armtools/bin/../lib/gcc/arm-atollic-eabi/6.3.1/../../../../arm-atollic-eabi/lib/armv7e-m/fpu\libnosys.a(lseek.o)
                0x08004200                _lseek
 .text._read    0x08004210       0x10 e:/programme/truestudio for arm 8.1.0/armtools/bin/../lib/gcc/arm-atollic-eabi/6.3.1/../../../../arm-atollic-eabi/lib/armv7e-m/fpu\libnosys.a(read.o)
                0x08004210                _read
 .text._sbrk    0x08004220       0x1c e:/programme/truestudio for arm 8.1.0/armtools/bin/../lib/gcc/arm-atollic-eabi/6.3.1/../../../../arm-atollic-eabi/lib/armv7e-m/fpu\libnosys.a(sbrk.o)
                0x08004220                _sbrk
 .text._write   0x0800423c       0x10 e:/programme/truestudio for arm 8.1.0/armtools/bin/../lib/gcc/arm-atollic-eabi/6.3.1/../../../../arm-atollic-eabi/lib/armv7e-m/fpu\libnosys.a(write.o)
                0x0800423c                _write
 *(.glue_7)
 .glue_7        0x0800424c        0x0 linker stubs
 *(.glue_7t)
 .glue_7t       0x0800424c        0x0 linker stubs
 *(.eh_frame)
 .eh_frame      0x0800424c        0x0 e:/programme/truestudio for arm 8.1.0/armtools/bin/../lib/gcc/arm-atollic-eabi/6.3.1/armv7e-m/fpu/crtbegin.o
 *(.init)
 .init          0x0800424c        0x4 e:/programme/truestudio for arm 8.1.0/armtools/bin/../lib/gcc/arm-atollic-eabi/6.3.1/armv7e-m/fpu/crti.o
                0x0800424c                _init
 .init          0x08004250        0x8 e:/programme/truestudio for arm 8.1.0/armtools/bin/../lib/gcc/arm-atollic-eabi/6.3.1/armv7e-m/fpu/crtn.o
 *(.fini)
 .fini          0x08004258        0x4 e:/programme/truestudio for arm 8.1.0/armtools/bin/../lib/gcc/arm-atollic-eabi/6.3.1/armv7e-m/fpu/crti.o
                0x08004258                _fini
 .fini          0x0800425c        0x8 e:/programme/truestudio for arm 8.1.0/armtools/bin/../lib/gcc/arm-atollic-eabi/6.3.1/armv7e-m/fpu/crtn.o
                0x08004264                . = ALIGN (0x4)
                0x08004264                _etext = .

.vfp11_veneer   0x08004264        0x0
 .vfp11_veneer  0x08004264        0x0 linker stubs

.v4_bx          0x08004264        0x0
 .v4_bx         0x08004264        0x0 linker stubs

.iplt           0x08004264        0x0
 .iplt          0x08004264        0x0 e:/programme/truestudio for arm 8.1.0/armtools/bin/../lib/gcc/arm-atollic-eabi/6.3.1/armv7e-m/fpu/crtbegin.o

.rodata         0x08004264      0x160
                0x08004264                . = ALIGN (0x4)
 *(.rodata)
 *(.rodata*)
 .rodata.USBD_Init.str1.1
                0x08004264       0x1e Middlewares\USB_Device_Library\usbd_core.o
 .rodata.USBD_RegisterClass.str1.1
                0x08004282       0x15 Middlewares\USB_Device_Library\usbd_core.o
 .rodata.AHBPrescTable
                0x08004297       0x10 Src\system_stm32f4xx.o
                0x08004297                AHBPrescTable
 .rodata.APBPrescTable
                0x080042a7        0x8 Src\system_stm32f4xx.o
                0x080042a7                APBPrescTable
 .rodata.MX_TIM2_Init.str1.1
                0x080042af        0xd Src\tim.o
 .rodata.MX_USART3_UART_Init.str1.1
                0x080042bc        0xf Src\usart.o
 .rodata.CSWTCH.39
                0x080042cb        0x4 Src\usbd_conf.o
 .rodata.USBD_LL_Init.str1.1
                0x080042cf       0x13 Src\usbd_conf.o
 .rodata.USBD_FS_ConfigStrDescriptor.str1.1
                0x080042e2       0x10 Src\usbd_desc.o
 .rodata.USBD_FS_InterfaceStrDescriptor.str1.1
                0x080042f2       0x13 Src\usbd_desc.o
 .rodata.USBD_FS_ManufacturerStrDescriptor.str1.1
                0x08004305        0xc Src\usbd_desc.o
 .rodata.USBD_FS_ProductStrDescriptor.str1.1
                0x08004311        0xd Src\usbd_desc.o
 .rodata.USBD_FS_SerialStrDescriptor.str1.1
                0x0800431e        0xd Src\usbd_desc.o
 *fill*         0x0800432b        0x1 
 .rodata.__sf_fake_stderr
                0x0800432c       0x20 e:/programme/truestudio for arm 8.1.0/armtools/bin/../lib/gcc/arm-atollic-eabi/6.3.1/../../../../arm-atollic-eabi/lib/armv7e-m/fpu\libc_nano.a(lib_a-findfp.o)
                0x0800432c                __sf_fake_stderr
 .rodata.__sf_fake_stdin
                0x0800434c       0x20 e:/programme/truestudio for arm 8.1.0/armtools/bin/../lib/gcc/arm-atollic-eabi/6.3.1/../../../../arm-atollic-eabi/lib/armv7e-m/fpu\libc_nano.a(lib_a-findfp.o)
                0x0800434c                __sf_fake_stdin
 .rodata.__sf_fake_stdout
                0x0800436c       0x20 e:/programme/truestudio for arm 8.1.0/armtools/bin/../lib/gcc/arm-atollic-eabi/6.3.1/../../../../arm-atollic-eabi/lib/armv7e-m/fpu\libc_nano.a(lib_a-findfp.o)
                0x0800436c                __sf_fake_stdout
 .rodata._global_impure_ptr
                0x0800438c        0x4 e:/programme/truestudio for arm 8.1.0/armtools/bin/../lib/gcc/arm-atollic-eabi/6.3.1/../../../../arm-atollic-eabi/lib/armv7e-m/fpu\libc_nano.a(lib_a-impure.o)
                0x0800438c                _global_impure_ptr
 .rodata._vfprintf_r.str1.1
                0x08004390       0x11 e:/programme/truestudio for arm 8.1.0/armtools/bin/../lib/gcc/arm-atollic-eabi/6.3.1/../../../../arm-atollic-eabi/lib/armv7e-m/fpu\libc_nano.a(lib_a-nano-vfprintf.o)
 .rodata._printf_i.str1.1
                0x080043a1       0x22 e:/programme/truestudio for arm 8.1.0/armtools/bin/../lib/gcc/arm-atollic-eabi/6.3.1/../../../../arm-atollic-eabi/lib/armv7e-m/fpu\libc_nano.a(lib_a-nano-vfprintf_i.o)
                0x080043c4                . = ALIGN (0x4)
 *fill*         0x080043c3        0x1 

.ARM.extab
 *(.ARM.extab* .gnu.linkonce.armextab.*)

.ARM            0x080043c4        0x8
                0x080043c4                __exidx_start = .
 *(.ARM.exidx*)
 .ARM.exidx     0x080043c4        0x8 e:/programme/truestudio for arm 8.1.0/armtools/bin/../lib/gcc/arm-atollic-eabi/6.3.1/armv7e-m/fpu\libgcc.a(_udivmoddi4.o)
                0x080043cc                __exidx_end = .

.rel.dyn        0x080043cc        0x0
 .rel.iplt      0x080043cc        0x0 e:/programme/truestudio for arm 8.1.0/armtools/bin/../lib/gcc/arm-atollic-eabi/6.3.1/armv7e-m/fpu/crtbegin.o

.preinit_array  0x080043cc        0x0
                0x080043cc                PROVIDE (__preinit_array_start, .)
 *(.preinit_array*)
                0x080043cc                PROVIDE (__preinit_array_end, .)

.init_array     0x080043cc        0x4
                0x080043cc                PROVIDE (__init_array_start, .)
 *(SORT(.init_array.*))
 *(.init_array*)
 .init_array    0x080043cc        0x4 e:/programme/truestudio for arm 8.1.0/armtools/bin/../lib/gcc/arm-atollic-eabi/6.3.1/armv7e-m/fpu/crtbegin.o
                0x080043d0                PROVIDE (__init_array_end, .)

.fini_array     0x080043d0        0x4
                [!provide]                PROVIDE (__fini_array_start, .)
 *(SORT(.fini_array.*))
 *(.fini_array*)
 .fini_array    0x080043d0        0x4 e:/programme/truestudio for arm 8.1.0/armtools/bin/../lib/gcc/arm-atollic-eabi/6.3.1/armv7e-m/fpu/crtbegin.o
                [!provide]                PROVIDE (__fini_array_end, .)
                0x080043d4                _sidata = LOADADDR (.data)

.data           0x20000000      0x17c load address 0x080043d4
                0x20000000                . = ALIGN (0x4)
                0x20000000                _sdata = .
 *(.data)
 *(.data*)
 .data.HID_CUSTOM_ReportDesc
                0x20000000       0x6a Middlewares\USB_Device_Library\usbd_hid.o
 *fill*         0x2000006a        0x2 
 .data.USBD_HID
                0x2000006c       0x38 Middlewares\USB_Device_Library\usbd_hid.o
                0x2000006c                USBD_HID
 .data.USBD_HID_CfgDesc
                0x200000a4       0x22 Middlewares\USB_Device_Library\usbd_hid.o
 *fill*         0x200000c6        0x2 
 .data.USBD_HID_Desc
                0x200000c8        0x9 Middlewares\USB_Device_Library\usbd_hid.o
 *fill*         0x200000d1        0x3 
 .data.USBD_HID_DeviceQualifierDesc
                0x200000d4        0xa Middlewares\USB_Device_Library\usbd_hid.o
 *fill*         0x200000de        0x2 
 .data.SystemCoreClock
                0x200000e0        0x4 Src\system_stm32f4xx.o
                0x200000e0                SystemCoreClock
 .data.FS_Desc  0x200000e4       0x1c Src\usbd_desc.o
                0x200000e4                FS_Desc
 .data.USBD_FS_DeviceDesc
                0x20000100       0x12 Src\usbd_desc.o
                0x20000100                USBD_FS_DeviceDesc
 *fill*         0x20000112        0x2 
 .data.USBD_LangIDDesc
                0x20000114        0x4 Src\usbd_desc.o
                0x20000114                USBD_LangIDDesc
 .data._impure_ptr
                0x20000118        0x4 e:/programme/truestudio for arm 8.1.0/armtools/bin/../lib/gcc/arm-atollic-eabi/6.3.1/../../../../arm-atollic-eabi/lib/armv7e-m/fpu\libc_nano.a(lib_a-impure.o)
                0x20000118                _impure_ptr
 .data.impure_data
                0x2000011c       0x60 e:/programme/truestudio for arm 8.1.0/armtools/bin/../lib/gcc/arm-atollic-eabi/6.3.1/../../../../arm-atollic-eabi/lib/armv7e-m/fpu\libc_nano.a(lib_a-impure.o)
                0x2000017c                . = ALIGN (0x4)
                0x2000017c                _edata = .
                0x08004550                _siccmram = LOADADDR (.ccmram)

.igot.plt       0x2000017c        0x0 load address 0x08004550
 .igot.plt      0x2000017c        0x0 e:/programme/truestudio for arm 8.1.0/armtools/bin/../lib/gcc/arm-atollic-eabi/6.3.1/armv7e-m/fpu/crtbegin.o

.ccmram         0x10000000        0x0 load address 0x08004550
                0x10000000                . = ALIGN (0x4)
                0x10000000                _sccmram = .
 *(.ccmram)
 *(.ccmram*)
                0x10000000                . = ALIGN (0x4)
                0x10000000                _eccmram = .
                0x10000000                . = ALIGN (0x4)

.bss            0x2000017c      0x8c4
                0x2000017c                _sbss = .
                0x2000017c                __bss_start__ = _sbss
 *(.bss)
 .bss           0x2000017c       0x1c e:/programme/truestudio for arm 8.1.0/armtools/bin/../lib/gcc/arm-atollic-eabi/6.3.1/armv7e-m/fpu/crtbegin.o
 *(.bss*)
 .bss.cfgidx.9904
                0x20000198        0x1 Middlewares\USB_Device_Library\usbd_ctlreq.o
 *fill*         0x20000199        0x3 
 .bss.__malloc_free_list
                0x2000019c        0x4 e:/programme/truestudio for arm 8.1.0/armtools/bin/../lib/gcc/arm-atollic-eabi/6.3.1/../../../../arm-atollic-eabi/lib/armv7e-m/fpu\libc_nano.a(lib_a-nano-mallocr.o)
                0x2000019c                __malloc_free_list
 .bss.__malloc_sbrk_start
                0x200001a0        0x4 e:/programme/truestudio for arm 8.1.0/armtools/bin/../lib/gcc/arm-atollic-eabi/6.3.1/../../../../arm-atollic-eabi/lib/armv7e-m/fpu\libc_nano.a(lib_a-nano-mallocr.o)
                0x200001a0                __malloc_sbrk_start
 .bss.heap_end.5239
                0x200001a4        0x4 e:/programme/truestudio for arm 8.1.0/armtools/bin/../lib/gcc/arm-atollic-eabi/6.3.1/../../../../arm-atollic-eabi/lib/armv7e-m/fpu\libnosys.a(sbrk.o)
 *(COMMON)
 COMMON         0x200001a8        0x4 Drivers\STM32F4xx_HAL_Driver\stm32f4xx_hal.o
                0x200001a8                uwTick
 COMMON         0x200001ac       0x3c Src\tim.o
                0x200001ac                htim2
 COMMON         0x200001e8       0x40 Src\usart.o
                0x200001e8                huart3
 COMMON         0x20000228      0x224 Src\usb_device.o
                0x20000228                hUsbDeviceFS
 COMMON         0x2000044c      0x3f0 Src\usbd_conf.o
                0x2000044c                hpcd_USB_OTG_FS
 COMMON         0x2000083c      0x200 Src\usbd_desc.o
                0x2000083c                USBD_StrDesc
 COMMON         0x20000a3c        0x4 e:/programme/truestudio for arm 8.1.0/armtools/bin/../lib/gcc/arm-atollic-eabi/6.3.1/../../../../arm-atollic-eabi/lib/armv7e-m/fpu\libc_nano.a(lib_a-reent.o)
                0x20000a3c                errno
                0x20000a40                . = ALIGN (0x4)
                0x20000a40                _ebss = .
                0x20000a40                __bss_end__ = _ebss

._user_heap_stack
                0x20000a40      0x600
                0x20000a40                . = ALIGN (0x4)
                0x20000a40                PROVIDE (end, .)
                [!provide]                PROVIDE (_end, .)
                0x20000c40                . = (. + _Min_Heap_Size)
 *fill*         0x20000a40      0x200 
                0x20001040                . = (. + _Min_Stack_Size)
 *fill*         0x20000c40      0x400 
                0x20001040                . = ALIGN (0x4)

/DISCARD/
 libc.a(*)
 libm.a(*)
 libgcc.a(*)

.ARM.attributes
                0x00000000       0x30
 *(.ARM.attributes)
 .ARM.attributes
                0x00000000       0x22 e:/programme/truestudio for arm 8.1.0/armtools/bin/../lib/gcc/arm-atollic-eabi/6.3.1/armv7e-m/fpu/crti.o
 .ARM.attributes
                0x00000022       0x34 e:/programme/truestudio for arm 8.1.0/armtools/bin/../lib/gcc/arm-atollic-eabi/6.3.1/armv7e-m/fpu/crtbegin.o
 .ARM.attributes
                0x00000056       0x39 Drivers\STM32F4xx_HAL_Driver\stm32f4xx_hal.o
 .ARM.attributes
                0x0000008f       0x39 Drivers\STM32F4xx_HAL_Driver\stm32f4xx_hal_cortex.o
 .ARM.attributes
                0x000000c8       0x39 Drivers\STM32F4xx_HAL_Driver\stm32f4xx_hal_gpio.o
 .ARM.attributes
                0x00000101       0x39 Drivers\STM32F4xx_HAL_Driver\stm32f4xx_hal_pcd.o
 .ARM.attributes
                0x0000013a       0x39 Drivers\STM32F4xx_HAL_Driver\stm32f4xx_hal_pcd_ex.o
 .ARM.attributes
                0x00000173       0x39 Drivers\STM32F4xx_HAL_Driver\stm32f4xx_hal_rcc.o
 .ARM.attributes
                0x000001ac       0x39 Drivers\STM32F4xx_HAL_Driver\stm32f4xx_hal_tim.o
 .ARM.attributes
                0x000001e5       0x39 Drivers\STM32F4xx_HAL_Driver\stm32f4xx_hal_tim_ex.o
 .ARM.attributes
                0x0000021e       0x39 Drivers\STM32F4xx_HAL_Driver\stm32f4xx_hal_uart.o
 .ARM.attributes
                0x00000257       0x39 Drivers\STM32F4xx_HAL_Driver\stm32f4xx_ll_usb.o
 .ARM.attributes
                0x00000290       0x39 Middlewares\USB_Device_Library\usbd_core.o
 .ARM.attributes
                0x000002c9       0x39 Middlewares\USB_Device_Library\usbd_ctlreq.o
 .ARM.attributes
                0x00000302       0x39 Middlewares\USB_Device_Library\usbd_hid.o
 .ARM.attributes
                0x0000033b       0x39 Middlewares\USB_Device_Library\usbd_ioreq.o
 .ARM.attributes
                0x00000374       0x39 Src\gpio.o
 .ARM.attributes
                0x000003ad       0x39 Src\main.o
 .ARM.attributes
                0x000003e6       0x39 Src\stm32f4xx_hal_msp.o
 .ARM.attributes
                0x0000041f       0x39 Src\stm32f4xx_it.o
 .ARM.attributes
                0x00000458       0x39 Src\system_stm32f4xx.o
 .ARM.attributes
                0x00000491       0x39 Src\tim.o
 .ARM.attributes
                0x000004ca       0x39 Src\usart.o
 .ARM.attributes
                0x00000503       0x39 Src\usb_device.o
 .ARM.attributes
                0x0000053c       0x39 Src\usbd_conf.o
 .ARM.attributes
                0x00000575       0x39 Src\usbd_desc.o
 .ARM.attributes
                0x000005ae       0x21 startup\startup_stm32f415xx.o
 .ARM.attributes
                0x000005cf       0x34 e:/programme/truestudio for arm 8.1.0/armtools/bin/../lib/gcc/arm-atollic-eabi/6.3.1/../../../../arm-atollic-eabi/lib/armv7e-m/fpu\libc_nano.a(lib_a-init.o)
 .ARM.attributes
                0x00000603       0x34 e:/programme/truestudio for arm 8.1.0/armtools/bin/../lib/gcc/arm-atollic-eabi/6.3.1/../../../../arm-atollic-eabi/lib/armv7e-m/fpu\libc_nano.a(lib_a-malloc.o)
 .ARM.attributes
                0x00000637       0x34 e:/programme/truestudio for arm 8.1.0/armtools/bin/../lib/gcc/arm-atollic-eabi/6.3.1/../../../../arm-atollic-eabi/lib/armv7e-m/fpu\libc_nano.a(lib_a-nano-freer.o)
 .ARM.attributes
                0x0000066b       0x34 e:/programme/truestudio for arm 8.1.0/armtools/bin/../lib/gcc/arm-atollic-eabi/6.3.1/../../../../arm-atollic-eabi/lib/armv7e-m/fpu\libc_nano.a(lib_a-nano-mallocr.o)
 .ARM.attributes
                0x0000069f       0x34 e:/programme/truestudio for arm 8.1.0/armtools/bin/../lib/gcc/arm-atollic-eabi/6.3.1/../../../../arm-atollic-eabi/lib/armv7e-m/fpu\libc_nano.a(lib_a-printf.o)
 .ARM.attributes
                0x000006d3       0x34 e:/programme/truestudio for arm 8.1.0/armtools/bin/../lib/gcc/arm-atollic-eabi/6.3.1/../../../../arm-atollic-eabi/lib/armv7e-m/fpu\libc_nano.a(lib_a-putchar.o)
 .ARM.attributes
                0x00000707       0x34 e:/programme/truestudio for arm 8.1.0/armtools/bin/../lib/gcc/arm-atollic-eabi/6.3.1/../../../../arm-atollic-eabi/lib/armv7e-m/fpu\libc_nano.a(lib_a-sbrkr.o)
 .ARM.attributes
                0x0000073b       0x34 e:/programme/truestudio for arm 8.1.0/armtools/bin/../lib/gcc/arm-atollic-eabi/6.3.1/../../../../arm-atollic-eabi/lib/armv7e-m/fpu\libc_nano.a(lib_a-findfp.o)
 .ARM.attributes
                0x0000076f       0x34 e:/programme/truestudio for arm 8.1.0/armtools/bin/../lib/gcc/arm-atollic-eabi/6.3.1/../../../../arm-atollic-eabi/lib/armv7e-m/fpu\libc_nano.a(lib_a-fwalk.o)
 .ARM.attributes
                0x000007a3       0x34 e:/programme/truestudio for arm 8.1.0/armtools/bin/../lib/gcc/arm-atollic-eabi/6.3.1/../../../../arm-atollic-eabi/lib/armv7e-m/fpu\libc_nano.a(lib_a-impure.o)
 .ARM.attributes
                0x000007d7       0x34 e:/programme/truestudio for arm 8.1.0/armtools/bin/../lib/gcc/arm-atollic-eabi/6.3.1/../../../../arm-atollic-eabi/lib/armv7e-m/fpu\libc_nano.a(lib_a-memset.o)
 .ARM.attributes
                0x0000080b       0x34 e:/programme/truestudio for arm 8.1.0/armtools/bin/../lib/gcc/arm-atollic-eabi/6.3.1/../../../../arm-atollic-eabi/lib/armv7e-m/fpu\libc_nano.a(lib_a-mlock.o)
 .ARM.attributes
                0x0000083f       0x34 e:/programme/truestudio for arm 8.1.0/armtools/bin/../lib/gcc/arm-atollic-eabi/6.3.1/../../../../arm-atollic-eabi/lib/armv7e-m/fpu\libc_nano.a(lib_a-nano-vfprintf.o)
 .ARM.attributes
                0x00000873       0x34 e:/programme/truestudio for arm 8.1.0/armtools/bin/../lib/gcc/arm-atollic-eabi/6.3.1/../../../../arm-atollic-eabi/lib/armv7e-m/fpu\libc_nano.a(lib_a-nano-vfprintf_i.o)
 .ARM.attributes
                0x000008a7       0x34 e:/programme/truestudio for arm 8.1.0/armtools/bin/../lib/gcc/arm-atollic-eabi/6.3.1/../../../../arm-atollic-eabi/lib/armv7e-m/fpu\libc_nano.a(lib_a-putc.o)
 .ARM.attributes
                0x000008db       0x34 e:/programme/truestudio for arm 8.1.0/armtools/bin/../lib/gcc/arm-atollic-eabi/6.3.1/../../../../arm-atollic-eabi/lib/armv7e-m/fpu\libc_nano.a(lib_a-reent.o)
 .ARM.attributes
                0x0000090f       0x34 e:/programme/truestudio for arm 8.1.0/armtools/bin/../lib/gcc/arm-atollic-eabi/6.3.1/../../../../arm-atollic-eabi/lib/armv7e-m/fpu\libc_nano.a(lib_a-stdio.o)
 .ARM.attributes
                0x00000943       0x34 e:/programme/truestudio for arm 8.1.0/armtools/bin/../lib/gcc/arm-atollic-eabi/6.3.1/../../../../arm-atollic-eabi/lib/armv7e-m/fpu\libc_nano.a(lib_a-wbuf.o)
 .ARM.attributes
                0x00000977       0x34 e:/programme/truestudio for arm 8.1.0/armtools/bin/../lib/gcc/arm-atollic-eabi/6.3.1/../../../../arm-atollic-eabi/lib/armv7e-m/fpu\libc_nano.a(lib_a-writer.o)
 .ARM.attributes
                0x000009ab       0x34 e:/programme/truestudio for arm 8.1.0/armtools/bin/../lib/gcc/arm-atollic-eabi/6.3.1/../../../../arm-atollic-eabi/lib/armv7e-m/fpu\libc_nano.a(lib_a-wsetup.o)
 .ARM.attributes
                0x000009df       0x34 e:/programme/truestudio for arm 8.1.0/armtools/bin/../lib/gcc/arm-atollic-eabi/6.3.1/../../../../arm-atollic-eabi/lib/armv7e-m/fpu\libc_nano.a(lib_a-closer.o)
 .ARM.attributes
                0x00000a13       0x34 e:/programme/truestudio for arm 8.1.0/armtools/bin/../lib/gcc/arm-atollic-eabi/6.3.1/../../../../arm-atollic-eabi/lib/armv7e-m/fpu\libc_nano.a(lib_a-fflush.o)
 .ARM.attributes
                0x00000a47       0x34 e:/programme/truestudio for arm 8.1.0/armtools/bin/../lib/gcc/arm-atollic-eabi/6.3.1/../../../../arm-atollic-eabi/lib/armv7e-m/fpu\libc_nano.a(lib_a-lseekr.o)
 .ARM.attributes
                0x00000a7b       0x34 e:/programme/truestudio for arm 8.1.0/armtools/bin/../lib/gcc/arm-atollic-eabi/6.3.1/../../../../arm-atollic-eabi/lib/armv7e-m/fpu\libc_nano.a(lib_a-makebuf.o)
 .ARM.attributes
                0x00000aaf       0x20 e:/programme/truestudio for arm 8.1.0/armtools/bin/../lib/gcc/arm-atollic-eabi/6.3.1/../../../../arm-atollic-eabi/lib/armv7e-m/fpu\libc_nano.a(lib_a-memchr.o)
 .ARM.attributes
                0x00000acf       0x34 e:/programme/truestudio for arm 8.1.0/armtools/bin/../lib/gcc/arm-atollic-eabi/6.3.1/../../../../arm-atollic-eabi/lib/armv7e-m/fpu\libc_nano.a(lib_a-readr.o)
 .ARM.attributes
                0x00000b03       0x34 e:/programme/truestudio for arm 8.1.0/armtools/bin/../lib/gcc/arm-atollic-eabi/6.3.1/../../../../arm-atollic-eabi/lib/armv7e-m/fpu\libc_nano.a(lib_a-fstatr.o)
 .ARM.attributes
                0x00000b37       0x34 e:/programme/truestudio for arm 8.1.0/armtools/bin/../lib/gcc/arm-atollic-eabi/6.3.1/../../../../arm-atollic-eabi/lib/armv7e-m/fpu\libc_nano.a(lib_a-isattyr.o)
 .ARM.attributes
                0x00000b6b       0x22 e:/programme/truestudio for arm 8.1.0/armtools/bin/../lib/gcc/arm-atollic-eabi/6.3.1/armv7e-m/fpu\libgcc.a(_aeabi_uldivmod.o)
 .ARM.attributes
                0x00000b8d       0x34 e:/programme/truestudio for arm 8.1.0/armtools/bin/../lib/gcc/arm-atollic-eabi/6.3.1/armv7e-m/fpu\libgcc.a(_udivmoddi4.o)
 .ARM.attributes
                0x00000bc1       0x22 e:/programme/truestudio for arm 8.1.0/armtools/bin/../lib/gcc/arm-atollic-eabi/6.3.1/armv7e-m/fpu\libgcc.a(_dvmd_tls.o)
 .ARM.attributes
                0x00000be3       0x34 e:/programme/truestudio for arm 8.1.0/armtools/bin/../lib/gcc/arm-atollic-eabi/6.3.1/../../../../arm-atollic-eabi/lib/armv7e-m/fpu\libnosys.a(close.o)
 .ARM.attributes
                0x00000c17       0x34 e:/programme/truestudio for arm 8.1.0/armtools/bin/../lib/gcc/arm-atollic-eabi/6.3.1/../../../../arm-atollic-eabi/lib/armv7e-m/fpu\libnosys.a(fstat.o)
 .ARM.attributes
                0x00000c4b       0x34 e:/programme/truestudio for arm 8.1.0/armtools/bin/../lib/gcc/arm-atollic-eabi/6.3.1/../../../../arm-atollic-eabi/lib/armv7e-m/fpu\libnosys.a(isatty.o)
 .ARM.attributes
                0x00000c7f       0x34 e:/programme/truestudio for arm 8.1.0/armtools/bin/../lib/gcc/arm-atollic-eabi/6.3.1/../../../../arm-atollic-eabi/lib/armv7e-m/fpu\libnosys.a(lseek.o)
 .ARM.attributes
                0x00000cb3       0x34 e:/programme/truestudio for arm 8.1.0/armtools/bin/../lib/gcc/arm-atollic-eabi/6.3.1/../../../../arm-atollic-eabi/lib/armv7e-m/fpu\libnosys.a(read.o)
 .ARM.attributes
                0x00000ce7       0x34 e:/programme/truestudio for arm 8.1.0/armtools/bin/../lib/gcc/arm-atollic-eabi/6.3.1/../../../../arm-atollic-eabi/lib/armv7e-m/fpu\libnosys.a(sbrk.o)
 .ARM.attributes
                0x00000d1b       0x34 e:/programme/truestudio for arm 8.1.0/armtools/bin/../lib/gcc/arm-atollic-eabi/6.3.1/../../../../arm-atollic-eabi/lib/armv7e-m/fpu\libnosys.a(write.o)
 .ARM.attributes
                0x00000d4f       0x22 e:/programme/truestudio for arm 8.1.0/armtools/bin/../lib/gcc/arm-atollic-eabi/6.3.1/armv7e-m/fpu/crtn.o
OUTPUT(RGB_Keyboard.elf elf32-littlearm)

.debug_info     0x00000000    0x20501
 .debug_info    0x00000000     0x10f4 Drivers\STM32F4xx_HAL_Driver\stm32f4xx_hal.o
 .debug_info    0x000010f4     0x1738 Drivers\STM32F4xx_HAL_Driver\stm32f4xx_hal_cortex.o
 .debug_info    0x0000282c      0xf88 Drivers\STM32F4xx_HAL_Driver\stm32f4xx_hal_gpio.o
 .debug_info    0x000037b4     0x1c57 Drivers\STM32F4xx_HAL_Driver\stm32f4xx_hal_pcd.o
 .debug_info    0x0000540b      0xdc5 Drivers\STM32F4xx_HAL_Driver\stm32f4xx_hal_pcd_ex.o
 .debug_info    0x000061d0     0x123c Drivers\STM32F4xx_HAL_Driver\stm32f4xx_hal_rcc.o
 .debug_info    0x0000740c     0x3ba2 Drivers\STM32F4xx_HAL_Driver\stm32f4xx_hal_tim.o
 .debug_info    0x0000afae     0x19a5 Drivers\STM32F4xx_HAL_Driver\stm32f4xx_hal_tim_ex.o
 .debug_info    0x0000c953     0x1ea3 Drivers\STM32F4xx_HAL_Driver\stm32f4xx_hal_uart.o
 .debug_info    0x0000e7f6     0x1f59 Drivers\STM32F4xx_HAL_Driver\stm32f4xx_ll_usb.o
 .debug_info    0x0001074f     0x1500 Middlewares\USB_Device_Library\usbd_core.o
 .debug_info    0x00011c4f     0x1499 Middlewares\USB_Device_Library\usbd_ctlreq.o
 .debug_info    0x000130e8     0x1182 Middlewares\USB_Device_Library\usbd_hid.o
 .debug_info    0x0001426a      0xfc5 Middlewares\USB_Device_Library\usbd_ioreq.o
 .debug_info    0x0001522f      0xcd7 Src\gpio.o
 .debug_info    0x00015f06     0x1cff Src\main.o
 .debug_info    0x00017c05      0xc55 Src\stm32f4xx_hal_msp.o
 .debug_info    0x0001885a      0xde1 Src\stm32f4xx_it.o
 .debug_info    0x0001963b      0xd1c Src\system_stm32f4xx.o
 .debug_info    0x0001a357     0x11d1 Src\tim.o
 .debug_info    0x0001b528     0x117e Src\usart.o
 .debug_info    0x0001c6a6      0xdae Src\usb_device.o
 .debug_info    0x0001d454     0x2291 Src\usbd_conf.o
 .debug_info    0x0001f6e5      0xd77 Src\usbd_desc.o
 .debug_info    0x0002045c       0xa5 startup\startup_stm32f415xx.o

.debug_abbrev   0x00000000     0x4081
 .debug_abbrev  0x00000000      0x2cf Drivers\STM32F4xx_HAL_Driver\stm32f4xx_hal.o
 .debug_abbrev  0x000002cf      0x399 Drivers\STM32F4xx_HAL_Driver\stm32f4xx_hal_cortex.o
 .debug_abbrev  0x00000668      0x268 Drivers\STM32F4xx_HAL_Driver\stm32f4xx_hal_gpio.o
 .debug_abbrev  0x000008d0      0x397 Drivers\STM32F4xx_HAL_Driver\stm32f4xx_hal_pcd.o
 .debug_abbrev  0x00000c67      0x213 Drivers\STM32F4xx_HAL_Driver\stm32f4xx_hal_pcd_ex.o
 .debug_abbrev  0x00000e7a      0x348 Drivers\STM32F4xx_HAL_Driver\stm32f4xx_hal_rcc.o
 .debug_abbrev  0x000011c2      0x3ac Drivers\STM32F4xx_HAL_Driver\stm32f4xx_hal_tim.o
 .debug_abbrev  0x0000156e      0x300 Drivers\STM32F4xx_HAL_Driver\stm32f4xx_hal_tim_ex.o
 .debug_abbrev  0x0000186e      0x397 Drivers\STM32F4xx_HAL_Driver\stm32f4xx_hal_uart.o
 .debug_abbrev  0x00001c05      0x380 Drivers\STM32F4xx_HAL_Driver\stm32f4xx_ll_usb.o
 .debug_abbrev  0x00001f85      0x30c Middlewares\USB_Device_Library\usbd_core.o
 .debug_abbrev  0x00002291      0x3aa Middlewares\USB_Device_Library\usbd_ctlreq.o
 .debug_abbrev  0x0000263b      0x264 Middlewares\USB_Device_Library\usbd_hid.o
 .debug_abbrev  0x0000289f      0x1da Middlewares\USB_Device_Library\usbd_ioreq.o
 .debug_abbrev  0x00002a79      0x1f7 Src\gpio.o
 .debug_abbrev  0x00002c70      0x279 Src\main.o
 .debug_abbrev  0x00002ee9      0x1d3 Src\stm32f4xx_hal_msp.o
 .debug_abbrev  0x000030bc      0x23e Src\stm32f4xx_it.o
 .debug_abbrev  0x000032fa      0x1ca Src\system_stm32f4xx.o
 .debug_abbrev  0x000034c4      0x228 Src\tim.o
 .debug_abbrev  0x000036ec      0x227 Src\usart.o
 .debug_abbrev  0x00003913      0x1d7 Src\usb_device.o
 .debug_abbrev  0x00003aea      0x2e8 Src\usbd_conf.o
 .debug_abbrev  0x00003dd2      0x29d Src\usbd_desc.o
 .debug_abbrev  0x0000406f       0x12 startup\startup_stm32f415xx.o

.debug_loc      0x00000000     0x9c4f
 .debug_loc     0x00000000       0x69 Drivers\STM32F4xx_HAL_Driver\stm32f4xx_hal.o
 .debug_loc     0x00000069      0x4fb Drivers\STM32F4xx_HAL_Driver\stm32f4xx_hal_cortex.o
 .debug_loc     0x00000564      0x3cd Drivers\STM32F4xx_HAL_Driver\stm32f4xx_hal_gpio.o
 .debug_loc     0x00000931      0xb60 Drivers\STM32F4xx_HAL_Driver\stm32f4xx_hal_pcd.o
 .debug_loc     0x00001491      0x10a Drivers\STM32F4xx_HAL_Driver\stm32f4xx_hal_pcd_ex.o
 .debug_loc     0x0000159b      0x2c7 Drivers\STM32F4xx_HAL_Driver\stm32f4xx_hal_rcc.o
 .debug_loc     0x00001862     0x30b2 Drivers\STM32F4xx_HAL_Driver\stm32f4xx_hal_tim.o
 .debug_loc     0x00004914      0x84a Drivers\STM32F4xx_HAL_Driver\stm32f4xx_hal_tim_ex.o
 .debug_loc     0x0000515e     0x132c Drivers\STM32F4xx_HAL_Driver\stm32f4xx_hal_uart.o
 .debug_loc     0x0000648a     0x1632 Drivers\STM32F4xx_HAL_Driver\stm32f4xx_ll_usb.o
 .debug_loc     0x00007abc      0x63b Middlewares\USB_Device_Library\usbd_core.o
 .debug_loc     0x000080f7      0x7cd Middlewares\USB_Device_Library\usbd_ctlreq.o
 .debug_loc     0x000088c4      0x423 Middlewares\USB_Device_Library\usbd_hid.o
 .debug_loc     0x00008ce7      0x23c Middlewares\USB_Device_Library\usbd_ioreq.o
 .debug_loc     0x00008f23      0x111 Src\system_stm32f4xx.o
 .debug_loc     0x00009034       0x4d Src\usart.o
 .debug_loc     0x00009081      0x95b Src\usbd_conf.o
 .debug_loc     0x000099dc      0x273 Src\usbd_desc.o

.debug_aranges  0x00000000      0xdd0
 .debug_aranges
                0x00000000       0xc0 Drivers\STM32F4xx_HAL_Driver\stm32f4xx_hal.o
 .debug_aranges
                0x000000c0       0xa8 Drivers\STM32F4xx_HAL_Driver\stm32f4xx_hal_cortex.o
 .debug_aranges
                0x00000168       0x58 Drivers\STM32F4xx_HAL_Driver\stm32f4xx_hal_gpio.o
 .debug_aranges
                0x000001c0       0xc0 Drivers\STM32F4xx_HAL_Driver\stm32f4xx_hal_pcd.o
 .debug_aranges
                0x00000280       0x28 Drivers\STM32F4xx_HAL_Driver\stm32f4xx_hal_pcd_ex.o
 .debug_aranges
                0x000002a8       0x88 Drivers\STM32F4xx_HAL_Driver\stm32f4xx_hal_rcc.o
 .debug_aranges
                0x00000330      0x250 Drivers\STM32F4xx_HAL_Driver\stm32f4xx_hal_tim.o
 .debug_aranges
                0x00000580       0xf0 Drivers\STM32F4xx_HAL_Driver\stm32f4xx_hal_tim_ex.o
 .debug_aranges
                0x00000670      0x170 Drivers\STM32F4xx_HAL_Driver\stm32f4xx_hal_uart.o
 .debug_aranges
                0x000007e0      0x178 Drivers\STM32F4xx_HAL_Driver\stm32f4xx_ll_usb.o
 .debug_aranges
                0x00000958       0xa8 Middlewares\USB_Device_Library\usbd_core.o
 .debug_aranges
                0x00000a00       0x50 Middlewares\USB_Device_Library\usbd_ctlreq.o
 .debug_aranges
                0x00000a50       0x58 Middlewares\USB_Device_Library\usbd_hid.o
 .debug_aranges
                0x00000aa8       0x50 Middlewares\USB_Device_Library\usbd_ioreq.o
 .debug_aranges
                0x00000af8       0x20 Src\gpio.o
 .debug_aranges
                0x00000b18       0x30 Src\main.o
 .debug_aranges
                0x00000b48       0x20 Src\stm32f4xx_hal_msp.o
 .debug_aranges
                0x00000b68       0x50 Src\stm32f4xx_it.o
 .debug_aranges
                0x00000bb8       0x28 Src\system_stm32f4xx.o
 .debug_aranges
                0x00000be0       0x30 Src\tim.o
 .debug_aranges
                0x00000c10       0x30 Src\usart.o
 .debug_aranges
                0x00000c40       0x20 Src\usb_device.o
 .debug_aranges
                0x00000c60       0xf8 Src\usbd_conf.o
 .debug_aranges
                0x00000d58       0x50 Src\usbd_desc.o
 .debug_aranges
                0x00000da8       0x28 startup\startup_stm32f415xx.o

.debug_ranges   0x00000000      0xf70
 .debug_ranges  0x00000000       0xb0 Drivers\STM32F4xx_HAL_Driver\stm32f4xx_hal.o
 .debug_ranges  0x000000b0      0x138 Drivers\STM32F4xx_HAL_Driver\stm32f4xx_hal_cortex.o
 .debug_ranges  0x000001e8       0x68 Drivers\STM32F4xx_HAL_Driver\stm32f4xx_hal_gpio.o
 .debug_ranges  0x00000250       0xc8 Drivers\STM32F4xx_HAL_Driver\stm32f4xx_hal_pcd.o
 .debug_ranges  0x00000318       0x18 Drivers\STM32F4xx_HAL_Driver\stm32f4xx_hal_pcd_ex.o
 .debug_ranges  0x00000330       0xc8 Drivers\STM32F4xx_HAL_Driver\stm32f4xx_hal_rcc.o
 .debug_ranges  0x000003f8      0x330 Drivers\STM32F4xx_HAL_Driver\stm32f4xx_hal_tim.o
 .debug_ranges  0x00000728       0xe0 Drivers\STM32F4xx_HAL_Driver\stm32f4xx_hal_tim_ex.o
 .debug_ranges  0x00000808      0x178 Drivers\STM32F4xx_HAL_Driver\stm32f4xx_hal_uart.o
 .debug_ranges  0x00000980      0x180 Drivers\STM32F4xx_HAL_Driver\stm32f4xx_ll_usb.o
 .debug_ranges  0x00000b00       0x98 Middlewares\USB_Device_Library\usbd_core.o
 .debug_ranges  0x00000b98       0xc0 Middlewares\USB_Device_Library\usbd_ctlreq.o
 .debug_ranges  0x00000c58       0x48 Middlewares\USB_Device_Library\usbd_hid.o
 .debug_ranges  0x00000ca0       0x40 Middlewares\USB_Device_Library\usbd_ioreq.o
 .debug_ranges  0x00000ce0       0x40 Src\gpio.o
 .debug_ranges  0x00000d20       0x20 Src\main.o
 .debug_ranges  0x00000d40       0x10 Src\stm32f4xx_hal_msp.o
 .debug_ranges  0x00000d50       0x40 Src\stm32f4xx_it.o
 .debug_ranges  0x00000d90       0x18 Src\system_stm32f4xx.o
 .debug_ranges  0x00000da8       0x20 Src\tim.o
 .debug_ranges  0x00000dc8       0x38 Src\usart.o
 .debug_ranges  0x00000e00       0x10 Src\usb_device.o
 .debug_ranges  0x00000e10      0x100 Src\usbd_conf.o
 .debug_ranges  0x00000f10       0x40 Src\usbd_desc.o
 .debug_ranges  0x00000f50       0x20 startup\startup_stm32f415xx.o

.debug_line     0x00000000     0x8bc8
 .debug_line    0x00000000      0x4e3 Drivers\STM32F4xx_HAL_Driver\stm32f4xx_hal.o
 .debug_line    0x000004e3      0x584 Drivers\STM32F4xx_HAL_Driver\stm32f4xx_hal_cortex.o
 .debug_line    0x00000a67      0x522 Drivers\STM32F4xx_HAL_Driver\stm32f4xx_hal_gpio.o
 .debug_line    0x00000f89      0x7f2 Drivers\STM32F4xx_HAL_Driver\stm32f4xx_hal_pcd.o
 .debug_line    0x0000177b      0x3a7 Drivers\STM32F4xx_HAL_Driver\stm32f4xx_hal_pcd_ex.o
 .debug_line    0x00001b22      0x626 Drivers\STM32F4xx_HAL_Driver\stm32f4xx_hal_rcc.o
 .debug_line    0x00002148     0x1227 Drivers\STM32F4xx_HAL_Driver\stm32f4xx_hal_tim.o
 .debug_line    0x0000336f      0x773 Drivers\STM32F4xx_HAL_Driver\stm32f4xx_hal_tim_ex.o
 .debug_line    0x00003ae2      0xc97 Drivers\STM32F4xx_HAL_Driver\stm32f4xx_hal_uart.o
 .debug_line    0x00004779      0x993 Drivers\STM32F4xx_HAL_Driver\stm32f4xx_ll_usb.o
 .debug_line    0x0000510c      0x59f Middlewares\USB_Device_Library\usbd_core.o
 .debug_line    0x000056ab      0x508 Middlewares\USB_Device_Library\usbd_ctlreq.o
 .debug_line    0x00005bb3      0x522 Middlewares\USB_Device_Library\usbd_hid.o
 .debug_line    0x000060d5      0x41e Middlewares\USB_Device_Library\usbd_ioreq.o
 .debug_line    0x000064f3      0x2f1 Src\gpio.o
 .debug_line    0x000067e4      0x505 Src\main.o
 .debug_line    0x00006ce9      0x2f5 Src\stm32f4xx_hal_msp.o
 .debug_line    0x00006fde      0x3a3 Src\stm32f4xx_it.o
 .debug_line    0x00007381      0x2a5 Src\system_stm32f4xx.o
 .debug_line    0x00007626      0x370 Src\tim.o
 .debug_line    0x00007996      0x379 Src\usart.o
 .debug_line    0x00007d0f      0x3e4 Src\usb_device.o
 .debug_line    0x000080f3      0x696 Src\usbd_conf.o
 .debug_line    0x00008789      0x3c0 Src\usbd_desc.o
 .debug_line    0x00008b49       0x7f startup\startup_stm32f415xx.o

.debug_str      0x00000000     0x528d
 .debug_str     0x00000000      0xec1 Drivers\STM32F4xx_HAL_Driver\stm32f4xx_hal.o
                                0xf5b (size before relaxing)
 .debug_str     0x00000ec1      0x406 Drivers\STM32F4xx_HAL_Driver\stm32f4xx_hal_cortex.o
                               0x10e8 (size before relaxing)
 .debug_str     0x000012c7      0x214 Drivers\STM32F4xx_HAL_Driver\stm32f4xx_hal_gpio.o
                                0x9d0 (size before relaxing)
 .debug_str     0x000014db      0xa0b Drivers\STM32F4xx_HAL_Driver\stm32f4xx_hal_pcd.o
                               0x10d8 (size before relaxing)
 .debug_str     0x00001ee6       0xae Drivers\STM32F4xx_HAL_Driver\stm32f4xx_hal_pcd_ex.o
                                0xa5c (size before relaxing)
 .debug_str     0x00001f94      0x2f8 Drivers\STM32F4xx_HAL_Driver\stm32f4xx_hal_rcc.o
                                0xb8a (size before relaxing)
 .debug_str     0x0000228c     0x112c Drivers\STM32F4xx_HAL_Driver\stm32f4xx_hal_tim.o
                               0x1895 (size before relaxing)
 .debug_str     0x000033b8      0x549 Drivers\STM32F4xx_HAL_Driver\stm32f4xx_hal_tim_ex.o
                               0x1155 (size before relaxing)
 .debug_str     0x00003901      0x72e Drivers\STM32F4xx_HAL_Driver\stm32f4xx_hal_uart.o
                               0x10d2 (size before relaxing)
 .debug_str     0x0000402f      0x400 Drivers\STM32F4xx_HAL_Driver\stm32f4xx_ll_usb.o
                               0x1080 (size before relaxing)
 .debug_str     0x0000442f      0x653 Middlewares\USB_Device_Library\usbd_core.o
                                0xd4c (size before relaxing)
 .debug_str     0x00004a82      0x172 Middlewares\USB_Device_Library\usbd_ctlreq.o
                                0xc45 (size before relaxing)
 .debug_str     0x00004bf4      0x21c Middlewares\USB_Device_Library\usbd_hid.o
                                0xc82 (size before relaxing)
 .debug_str     0x00004e10       0xb5 Middlewares\USB_Device_Library\usbd_ioreq.o
                                0xb72 (size before relaxing)
 .debug_str     0x00004ec5       0x1b Src\gpio.o
                                0x82d (size before relaxing)
 .debug_str     0x00004ee0       0xd4 Src\main.o
                               0x1887 (size before relaxing)
 .debug_str     0x00004fb4       0x1b Src\stm32f4xx_hal_msp.o
                                0xb87 (size before relaxing)
 .debug_str     0x00004fcf       0xc8 Src\stm32f4xx_it.o
                                0xa6a (size before relaxing)
 .debug_str     0x00005097       0x45 Src\system_stm32f4xx.o
                                0x7f8 (size before relaxing)
 .debug_str     0x000050dc       0x24 Src\tim.o
                                0xcea (size before relaxing)
 .debug_str     0x00005100       0x1a Src\usart.o
                                0xc72 (size before relaxing)
 .debug_str     0x0000511a       0x14 Src\usb_device.o
                                0xa5b (size before relaxing)
 .debug_str     0x0000512e       0x51 Src\usbd_conf.o
                               0x1914 (size before relaxing)
 .debug_str     0x0000517f      0x10e Src\usbd_desc.o
                                0x8aa (size before relaxing)

.comment        0x00000000       0x7c
 .comment       0x00000000       0x7c Drivers\STM32F4xx_HAL_Driver\stm32f4xx_hal.o
                                 0x7d (size before relaxing)
 .comment       0x0000007c       0x7d Drivers\STM32F4xx_HAL_Driver\stm32f4xx_hal_cortex.o
 .comment       0x0000007c       0x7d Drivers\STM32F4xx_HAL_Driver\stm32f4xx_hal_gpio.o
 .comment       0x0000007c       0x7d Drivers\STM32F4xx_HAL_Driver\stm32f4xx_hal_pcd.o
 .comment       0x0000007c       0x7d Drivers\STM32F4xx_HAL_Driver\stm32f4xx_hal_pcd_ex.o
 .comment       0x0000007c       0x7d Drivers\STM32F4xx_HAL_Driver\stm32f4xx_hal_rcc.o
 .comment       0x0000007c       0x7d Drivers\STM32F4xx_HAL_Driver\stm32f4xx_hal_tim.o
 .comment       0x0000007c       0x7d Drivers\STM32F4xx_HAL_Driver\stm32f4xx_hal_tim_ex.o
 .comment       0x0000007c       0x7d Drivers\STM32F4xx_HAL_Driver\stm32f4xx_hal_uart.o
 .comment       0x0000007c       0x7d Drivers\STM32F4xx_HAL_Driver\stm32f4xx_ll_usb.o
 .comment       0x0000007c       0x7d Middlewares\USB_Device_Library\usbd_core.o
 .comment       0x0000007c       0x7d Middlewares\USB_Device_Library\usbd_ctlreq.o
 .comment       0x0000007c       0x7d Middlewares\USB_Device_Library\usbd_hid.o
 .comment       0x0000007c       0x7d Middlewares\USB_Device_Library\usbd_ioreq.o
 .comment       0x0000007c       0x7d Src\gpio.o
 .comment       0x0000007c       0x7d Src\main.o
 .comment       0x0000007c       0x7d Src\stm32f4xx_hal_msp.o
 .comment       0x0000007c       0x7d Src\stm32f4xx_it.o
 .comment       0x0000007c       0x7d Src\system_stm32f4xx.o
 .comment       0x0000007c       0x7d Src\tim.o
 .comment       0x0000007c       0x7d Src\usart.o
 .comment       0x0000007c       0x7d Src\usb_device.o
 .comment       0x0000007c       0x7d Src\usbd_conf.o
 .comment       0x0000007c       0x7d Src\usbd_desc.o

.debug_frame    0x00000000     0x2f44
 .debug_frame   0x00000000      0x194 Drivers\STM32F4xx_HAL_Driver\stm32f4xx_hal.o
 .debug_frame   0x00000194      0x158 Drivers\STM32F4xx_HAL_Driver\stm32f4xx_hal_cortex.o
 .debug_frame   0x000002ec       0xd8 Drivers\STM32F4xx_HAL_Driver\stm32f4xx_hal_gpio.o
 .debug_frame   0x000003c4      0x2c4 Drivers\STM32F4xx_HAL_Driver\stm32f4xx_hal_pcd.o
 .debug_frame   0x00000688       0x3c Drivers\STM32F4xx_HAL_Driver\stm32f4xx_hal_pcd_ex.o
 .debug_frame   0x000006c4      0x138 Drivers\STM32F4xx_HAL_Driver\stm32f4xx_hal_rcc.o
 .debug_frame   0x000007fc      0x854 Drivers\STM32F4xx_HAL_Driver\stm32f4xx_hal_tim.o
 .debug_frame   0x00001050      0x330 Drivers\STM32F4xx_HAL_Driver\stm32f4xx_hal_tim_ex.o
 .debug_frame   0x00001380      0x4a0 Drivers\STM32F4xx_HAL_Driver\stm32f4xx_hal_uart.o
 .debug_frame   0x00001820      0x468 Drivers\STM32F4xx_HAL_Driver\stm32f4xx_ll_usb.o
 .debug_frame   0x00001c88      0x1c8 Middlewares\USB_Device_Library\usbd_core.o
 .debug_frame   0x00001e50       0xcc Middlewares\USB_Device_Library\usbd_ctlreq.o
 .debug_frame   0x00001f1c       0xb4 Middlewares\USB_Device_Library\usbd_hid.o
 .debug_frame   0x00001fd0       0xb8 Middlewares\USB_Device_Library\usbd_ioreq.o
 .debug_frame   0x00002088       0x30 Src\gpio.o
 .debug_frame   0x000020b8       0x58 Src\main.o
 .debug_frame   0x00002110       0x2c Src\stm32f4xx_hal_msp.o
 .debug_frame   0x0000213c       0xbc Src\stm32f4xx_it.o
 .debug_frame   0x000021f8       0x38 Src\system_stm32f4xx.o
 .debug_frame   0x00002230       0x58 Src\tim.o
 .debug_frame   0x00002288       0x58 Src\usart.o
 .debug_frame   0x000022e0       0x2c Src\usb_device.o
 .debug_frame   0x0000230c      0x26c Src\usbd_conf.o
 .debug_frame   0x00002578       0xa8 Src\usbd_desc.o
 .debug_frame   0x00002620       0x2c e:/programme/truestudio for arm 8.1.0/armtools/bin/../lib/gcc/arm-atollic-eabi/6.3.1/../../../../arm-atollic-eabi/lib/armv7e-m/fpu\libc_nano.a(lib_a-init.o)
 .debug_frame   0x0000264c       0x30 e:/programme/truestudio for arm 8.1.0/armtools/bin/../lib/gcc/arm-atollic-eabi/6.3.1/../../../../arm-atollic-eabi/lib/armv7e-m/fpu\libc_nano.a(lib_a-malloc.o)
 .debug_frame   0x0000267c       0x38 e:/programme/truestudio for arm 8.1.0/armtools/bin/../lib/gcc/arm-atollic-eabi/6.3.1/../../../../arm-atollic-eabi/lib/armv7e-m/fpu\libc_nano.a(lib_a-nano-freer.o)
 .debug_frame   0x000026b4       0x2c e:/programme/truestudio for arm 8.1.0/armtools/bin/../lib/gcc/arm-atollic-eabi/6.3.1/../../../../arm-atollic-eabi/lib/armv7e-m/fpu\libc_nano.a(lib_a-nano-mallocr.o)
 .debug_frame   0x000026e0       0x74 e:/programme/truestudio for arm 8.1.0/armtools/bin/../lib/gcc/arm-atollic-eabi/6.3.1/../../../../arm-atollic-eabi/lib/armv7e-m/fpu\libc_nano.a(lib_a-printf.o)
 .debug_frame   0x00002754       0x58 e:/programme/truestudio for arm 8.1.0/armtools/bin/../lib/gcc/arm-atollic-eabi/6.3.1/../../../../arm-atollic-eabi/lib/armv7e-m/fpu\libc_nano.a(lib_a-putchar.o)
 .debug_frame   0x000027ac       0x2c e:/programme/truestudio for arm 8.1.0/armtools/bin/../lib/gcc/arm-atollic-eabi/6.3.1/../../../../arm-atollic-eabi/lib/armv7e-m/fpu\libc_nano.a(lib_a-sbrkr.o)
 .debug_frame   0x000027d8      0x11c e:/programme/truestudio for arm 8.1.0/armtools/bin/../lib/gcc/arm-atollic-eabi/6.3.1/../../../../arm-atollic-eabi/lib/armv7e-m/fpu\libc_nano.a(lib_a-findfp.o)
 .debug_frame   0x000028f4       0x54 e:/programme/truestudio for arm 8.1.0/armtools/bin/../lib/gcc/arm-atollic-eabi/6.3.1/../../../../arm-atollic-eabi/lib/armv7e-m/fpu\libc_nano.a(lib_a-fwalk.o)
 .debug_frame   0x00002948       0x20 e:/programme/truestudio for arm 8.1.0/armtools/bin/../lib/gcc/arm-atollic-eabi/6.3.1/../../../../arm-atollic-eabi/lib/armv7e-m/fpu\libc_nano.a(lib_a-memset.o)
 .debug_frame   0x00002968       0x30 e:/programme/truestudio for arm 8.1.0/armtools/bin/../lib/gcc/arm-atollic-eabi/6.3.1/../../../../arm-atollic-eabi/lib/armv7e-m/fpu\libc_nano.a(lib_a-mlock.o)
 .debug_frame   0x00002998       0xac e:/programme/truestudio for arm 8.1.0/armtools/bin/../lib/gcc/arm-atollic-eabi/6.3.1/../../../../arm-atollic-eabi/lib/armv7e-m/fpu\libc_nano.a(lib_a-nano-vfprintf.o)
 .debug_frame   0x00002a44       0x60 e:/programme/truestudio for arm 8.1.0/armtools/bin/../lib/gcc/arm-atollic-eabi/6.3.1/../../../../arm-atollic-eabi/lib/armv7e-m/fpu\libc_nano.a(lib_a-nano-vfprintf_i.o)
 .debug_frame   0x00002aa4       0x48 e:/programme/truestudio for arm 8.1.0/armtools/bin/../lib/gcc/arm-atollic-eabi/6.3.1/../../../../arm-atollic-eabi/lib/armv7e-m/fpu\libc_nano.a(lib_a-putc.o)
 .debug_frame   0x00002aec       0x5c e:/programme/truestudio for arm 8.1.0/armtools/bin/../lib/gcc/arm-atollic-eabi/6.3.1/../../../../arm-atollic-eabi/lib/armv7e-m/fpu\libc_nano.a(lib_a-reent.o)
 .debug_frame   0x00002b48       0x88 e:/programme/truestudio for arm 8.1.0/armtools/bin/../lib/gcc/arm-atollic-eabi/6.3.1/../../../../arm-atollic-eabi/lib/armv7e-m/fpu\libc_nano.a(lib_a-stdio.o)
 .debug_frame   0x00002bd0       0x40 e:/programme/truestudio for arm 8.1.0/armtools/bin/../lib/gcc/arm-atollic-eabi/6.3.1/../../../../arm-atollic-eabi/lib/armv7e-m/fpu\libc_nano.a(lib_a-wbuf.o)
 .debug_frame   0x00002c10       0x2c e:/programme/truestudio for arm 8.1.0/armtools/bin/../lib/gcc/arm-atollic-eabi/6.3.1/../../../../arm-atollic-eabi/lib/armv7e-m/fpu\libc_nano.a(lib_a-writer.o)
 .debug_frame   0x00002c3c       0x2c e:/programme/truestudio for arm 8.1.0/armtools/bin/../lib/gcc/arm-atollic-eabi/6.3.1/../../../../arm-atollic-eabi/lib/armv7e-m/fpu\libc_nano.a(lib_a-wsetup.o)
 .debug_frame   0x00002c68       0x2c e:/programme/truestudio for arm 8.1.0/armtools/bin/../lib/gcc/arm-atollic-eabi/6.3.1/../../../../arm-atollic-eabi/lib/armv7e-m/fpu\libc_nano.a(lib_a-closer.o)
 .debug_frame   0x00002c94       0x68 e:/programme/truestudio for arm 8.1.0/armtools/bin/../lib/gcc/arm-atollic-eabi/6.3.1/../../../../arm-atollic-eabi/lib/armv7e-m/fpu\libc_nano.a(lib_a-fflush.o)
 .debug_frame   0x00002cfc       0x2c e:/programme/truestudio for arm 8.1.0/armtools/bin/../lib/gcc/arm-atollic-eabi/6.3.1/../../../../arm-atollic-eabi/lib/armv7e-m/fpu\libc_nano.a(lib_a-lseekr.o)
 .debug_frame   0x00002d28       0x58 e:/programme/truestudio for arm 8.1.0/armtools/bin/../lib/gcc/arm-atollic-eabi/6.3.1/../../../../arm-atollic-eabi/lib/armv7e-m/fpu\libc_nano.a(lib_a-makebuf.o)
 .debug_frame   0x00002d80       0x2c e:/programme/truestudio for arm 8.1.0/armtools/bin/../lib/gcc/arm-atollic-eabi/6.3.1/../../../../arm-atollic-eabi/lib/armv7e-m/fpu\libc_nano.a(lib_a-readr.o)
 .debug_frame   0x00002dac       0x2c e:/programme/truestudio for arm 8.1.0/armtools/bin/../lib/gcc/arm-atollic-eabi/6.3.1/../../../../arm-atollic-eabi/lib/armv7e-m/fpu\libc_nano.a(lib_a-fstatr.o)
 .debug_frame   0x00002dd8       0x2c e:/programme/truestudio for arm 8.1.0/armtools/bin/../lib/gcc/arm-atollic-eabi/6.3.1/../../../../arm-atollic-eabi/lib/armv7e-m/fpu\libc_nano.a(lib_a-isattyr.o)
 .debug_frame   0x00002e04       0x2c e:/programme/truestudio for arm 8.1.0/armtools/bin/../lib/gcc/arm-atollic-eabi/6.3.1/armv7e-m/fpu\libgcc.a(_aeabi_uldivmod.o)
 .debug_frame   0x00002e30       0x34 e:/programme/truestudio for arm 8.1.0/armtools/bin/../lib/gcc/arm-atollic-eabi/6.3.1/armv7e-m/fpu\libgcc.a(_udivmoddi4.o)
 .debug_frame   0x00002e64       0x20 e:/programme/truestudio for arm 8.1.0/armtools/bin/../lib/gcc/arm-atollic-eabi/6.3.1/../../../../arm-atollic-eabi/lib/armv7e-m/fpu\libnosys.a(close.o)
 .debug_frame   0x00002e84       0x20 e:/programme/truestudio for arm 8.1.0/armtools/bin/../lib/gcc/arm-atollic-eabi/6.3.1/../../../../arm-atollic-eabi/lib/armv7e-m/fpu\libnosys.a(fstat.o)
 .debug_frame   0x00002ea4       0x20 e:/programme/truestudio for arm 8.1.0/armtools/bin/../lib/gcc/arm-atollic-eabi/6.3.1/../../../../arm-atollic-eabi/lib/armv7e-m/fpu\libnosys.a(isatty.o)
 .debug_frame   0x00002ec4       0x20 e:/programme/truestudio for arm 8.1.0/armtools/bin/../lib/gcc/arm-atollic-eabi/6.3.1/../../../../arm-atollic-eabi/lib/armv7e-m/fpu\libnosys.a(lseek.o)
 .debug_frame   0x00002ee4       0x20 e:/programme/truestudio for arm 8.1.0/armtools/bin/../lib/gcc/arm-atollic-eabi/6.3.1/../../../../arm-atollic-eabi/lib/armv7e-m/fpu\libnosys.a(read.o)
 .debug_frame   0x00002f04       0x20 e:/programme/truestudio for arm 8.1.0/armtools/bin/../lib/gcc/arm-atollic-eabi/6.3.1/../../../../arm-atollic-eabi/lib/armv7e-m/fpu\libnosys.a(sbrk.o)