usbd_conf.c:74:6:HAL_PCD_MspInit	32	static
usbd_conf.c:112:6:HAL_PCD_MspDeInit	8	static
usbd_conf.c:143:6:HAL_PCD_SetupStageCallback	0	static
usbd_conf.c:154:6:HAL_PCD_DataOutStageCallback	0	static
usbd_conf.c:165:6:HAL_PCD_DataInStageCallback	0	static
usbd_conf.c:175:6:HAL_PCD_SOFCallback	0	static
usbd_conf.c:185:6:HAL_PCD_ResetCallback	8	static
usbd_conf.c:215:6:HAL_PCD_SuspendCallback	8	static
usbd_conf.c:236:6:HAL_PCD_ResumeCallback	0	static
usbd_conf.c:250:6:HAL_PCD_ISOOUTIncompleteCallback	0	static
usbd_conf.c:261:6:HAL_PCD_ISOINIncompleteCallback	0	static
usbd_conf.c:271:6:HAL_PCD_ConnectCallback	0	static
usbd_conf.c:281:6:HAL_PCD_DisconnectCallback	0	static
usbd_conf.c:294:21:USBD_LL_Init	8	static
usbd_conf.c:330:21:USBD_LL_DeInit	8	static
usbd_conf.c:362:21:USBD_LL_Start	8	static
usbd_conf.c:394:21:USBD_LL_Stop	8	static
usbd_conf.c:429:21:USBD_LL_OpenEP	8	static
usbd_conf.c:469:21:USBD_LL_CloseEP	8	static
usbd_conf.c:502:21:USBD_LL_FlushEP	8	static
usbd_conf.c:535:21:USBD_LL_StallEP	8	static
usbd_conf.c:568:21:USBD_LL_ClearStallEP	8	static
usbd_conf.c:601:9:USBD_LL_IsStallEP	0	static
usbd_conf.c:620:21:USBD_LL_SetUSBAddress	8	static
usbd_conf.c:655:21:USBD_LL_Transmit	8	static
usbd_conf.c:693:21:USBD_LL_PrepareReceive	8	static
usbd_conf.c:729:10:USBD_LL_GetRxDataSize	8	static
usbd_conf.c:776:7:USBD_LL_Delay	0	static
